008spi_cmd_handling.c:110:6:delay	16	static
008spi_cmd_handling.c:135:6:SPI2_GPIOInits	24	static
008spi_cmd_handling.c:163:6:SPI2_Inits	40	static
008spi_cmd_handling.c:180:6:GPIO_ButtonInit	24	static
008spi_cmd_handling.c:195:9:SPI_VerifyResponse	16	static
008spi_cmd_handling.c:238:5:main	8	static
008spi_cmd_handling.c:335:13:WaitForButtonPress	8	static
008spi_cmd_handling.c:373:16:SPI_SendCommand	24	static
008spi_cmd_handling.c:399:16:SPI_ReadByte	16	static
008spi_cmd_handling.c:419:13:SPI_CommandLedCtrl	16	static
008spi_cmd_handling.c:456:13:SPI_CommandSensorRead	16	static
008spi_cmd_handling.c:490:13:SPI_CommandLedRead	16	static
008spi_cmd_handling.c:530:13:SPI_CommandPrint	48	static
008spi_cmd_handling.c:583:13:SPI_CommandIdRead	24	static
