008spi_cmd_handling.c:37:6:delay	16	static
008spi_cmd_handling.c:62:6:SPI2_GPIOInits	24	static
008spi_cmd_handling.c:91:6:SPI2_Inits	40	static
008spi_cmd_handling.c:108:6:GPIO_ButtonInit	24	static
008spi_cmd_handling.c:123:9:SPI_VerifyResponse	16	static
008spi_cmd_handling.c:152:5:main	8	static
008spi_cmd_handling.c:255:13:WaitForButtonPress	8	static
008spi_cmd_handling.c:272:16:SPI_SendCommand	24	static
008spi_cmd_handling.c:329:16:SPI_ReadByte	16	static
008spi_cmd_handling.c:354:13:SPI_CommandLedCtrl	16	static
008spi_cmd_handling.c:398:13:SPI_CommandSensorRead	16	static
008spi_cmd_handling.c:443:13:SPI_CommandLedRead	16	static
008spi_cmd_handling.c:491:13:SPI_CommandPrint	48	static
008spi_cmd_handling.c:550:13:SPI_CommandIdRead	24	static
