Archive member included to satisfy reference by file (symbol)

c:/st/stm32cubeide_1.3.0/stm32cubeide/plugins/com.st.stm32cube.ide.mcu.externaltools.gnu-tools-for-stm32.7-2018-q2-update.win32_1.0.0.201904181610/tools/bin/../lib/gcc/arm-none-eabi/7.3.1/../../../../arm-none-eabi/lib/thumb/v7e-m/fpv4-sp/hard\libc_nano.a(lib_a-errno.o)
                              Src/syscalls.o (__errno)
c:/st/stm32cubeide_1.3.0/stm32cubeide/plugins/com.st.stm32cube.ide.mcu.externaltools.gnu-tools-for-stm32.7-2018-q2-update.win32_1.0.0.201904181610/tools/bin/../lib/gcc/arm-none-eabi/7.3.1/../../../../arm-none-eabi/lib/thumb/v7e-m/fpv4-sp/hard\libc_nano.a(lib_a-exit.o)
                              c:/st/stm32cubeide_1.3.0/stm32cubeide/plugins/com.st.stm32cube.ide.mcu.externaltools.gnu-tools-for-stm32.7-2018-q2-update.win32_1.0.0.201904181610/tools/bin/../lib/gcc/arm-none-eabi/7.3.1/../../../../arm-none-eabi/lib/thumb/v7e-m/fpv4-sp/hard/crt0.o (exit)
c:/st/stm32cubeide_1.3.0/stm32cubeide/plugins/com.st.stm32cube.ide.mcu.externaltools.gnu-tools-for-stm32.7-2018-q2-update.win32_1.0.0.201904181610/tools/bin/../lib/gcc/arm-none-eabi/7.3.1/../../../../arm-none-eabi/lib/thumb/v7e-m/fpv4-sp/hard\libc_nano.a(lib_a-impure.o)
                              c:/st/stm32cubeide_1.3.0/stm32cubeide/plugins/com.st.stm32cube.ide.mcu.externaltools.gnu-tools-for-stm32.7-2018-q2-update.win32_1.0.0.201904181610/tools/bin/../lib/gcc/arm-none-eabi/7.3.1/../../../../arm-none-eabi/lib/thumb/v7e-m/fpv4-sp/hard\libc_nano.a(lib_a-exit.o) (_global_impure_ptr)
c:/st/stm32cubeide_1.3.0/stm32cubeide/plugins/com.st.stm32cube.ide.mcu.externaltools.gnu-tools-for-stm32.7-2018-q2-update.win32_1.0.0.201904181610/tools/bin/../lib/gcc/arm-none-eabi/7.3.1/../../../../arm-none-eabi/lib/thumb/v7e-m/fpv4-sp/hard\libc_nano.a(lib_a-init.o)
                              c:/st/stm32cubeide_1.3.0/stm32cubeide/plugins/com.st.stm32cube.ide.mcu.externaltools.gnu-tools-for-stm32.7-2018-q2-update.win32_1.0.0.201904181610/tools/bin/../lib/gcc/arm-none-eabi/7.3.1/../../../../arm-none-eabi/lib/thumb/v7e-m/fpv4-sp/hard/crt0.o (__libc_init_array)
c:/st/stm32cubeide_1.3.0/stm32cubeide/plugins/com.st.stm32cube.ide.mcu.externaltools.gnu-tools-for-stm32.7-2018-q2-update.win32_1.0.0.201904181610/tools/bin/../lib/gcc/arm-none-eabi/7.3.1/../../../../arm-none-eabi/lib/thumb/v7e-m/fpv4-sp/hard\libc_nano.a(lib_a-memset.o)
                              c:/st/stm32cubeide_1.3.0/stm32cubeide/plugins/com.st.stm32cube.ide.mcu.externaltools.gnu-tools-for-stm32.7-2018-q2-update.win32_1.0.0.201904181610/tools/bin/../lib/gcc/arm-none-eabi/7.3.1/../../../../arm-none-eabi/lib/thumb/v7e-m/fpv4-sp/hard/crt0.o (memset)
c:/st/stm32cubeide_1.3.0/stm32cubeide/plugins/com.st.stm32cube.ide.mcu.externaltools.gnu-tools-for-stm32.7-2018-q2-update.win32_1.0.0.201904181610/tools/bin/../lib/gcc/arm-none-eabi/7.3.1/../../../../arm-none-eabi/lib/thumb/v7e-m/fpv4-sp/hard\libc_nano.a(lib_a-strlen.o)
                              Src/015uart_tx.o (strlen)

Allocating common symbols
Common symbol       size              file

usart2_handle       0x24              Src/015uart_tx.o

Discarded input sections

 .text          0x0000000000000000        0x0 c:/st/stm32cubeide_1.3.0/stm32cubeide/plugins/com.st.stm32cube.ide.mcu.externaltools.gnu-tools-for-stm32.7-2018-q2-update.win32_1.0.0.201904181610/tools/bin/../lib/gcc/arm-none-eabi/7.3.1/thumb/v7e-m/fpv4-sp/hard/crti.o
 .data          0x0000000000000000        0x0 c:/st/stm32cubeide_1.3.0/stm32cubeide/plugins/com.st.stm32cube.ide.mcu.externaltools.gnu-tools-for-stm32.7-2018-q2-update.win32_1.0.0.201904181610/tools/bin/../lib/gcc/arm-none-eabi/7.3.1/thumb/v7e-m/fpv4-sp/hard/crti.o
 .bss           0x0000000000000000        0x0 c:/st/stm32cubeide_1.3.0/stm32cubeide/plugins/com.st.stm32cube.ide.mcu.externaltools.gnu-tools-for-stm32.7-2018-q2-update.win32_1.0.0.201904181610/tools/bin/../lib/gcc/arm-none-eabi/7.3.1/thumb/v7e-m/fpv4-sp/hard/crti.o
 .data          0x0000000000000000        0x4 c:/st/stm32cubeide_1.3.0/stm32cubeide/plugins/com.st.stm32cube.ide.mcu.externaltools.gnu-tools-for-stm32.7-2018-q2-update.win32_1.0.0.201904181610/tools/bin/../lib/gcc/arm-none-eabi/7.3.1/thumb/v7e-m/fpv4-sp/hard/crtbegin.o
 .text          0x0000000000000000       0x74 c:/st/stm32cubeide_1.3.0/stm32cubeide/plugins/com.st.stm32cube.ide.mcu.externaltools.gnu-tools-for-stm32.7-2018-q2-update.win32_1.0.0.201904181610/tools/bin/../lib/gcc/arm-none-eabi/7.3.1/../../../../arm-none-eabi/lib/thumb/v7e-m/fpv4-sp/hard/crt0.o
 .data          0x0000000000000000        0x0 c:/st/stm32cubeide_1.3.0/stm32cubeide/plugins/com.st.stm32cube.ide.mcu.externaltools.gnu-tools-for-stm32.7-2018-q2-update.win32_1.0.0.201904181610/tools/bin/../lib/gcc/arm-none-eabi/7.3.1/../../../../arm-none-eabi/lib/thumb/v7e-m/fpv4-sp/hard/crt0.o
 .bss           0x0000000000000000        0x0 c:/st/stm32cubeide_1.3.0/stm32cubeide/plugins/com.st.stm32cube.ide.mcu.externaltools.gnu-tools-for-stm32.7-2018-q2-update.win32_1.0.0.201904181610/tools/bin/../lib/gcc/arm-none-eabi/7.3.1/../../../../arm-none-eabi/lib/thumb/v7e-m/fpv4-sp/hard/crt0.o
 .ARM.extab     0x0000000000000000        0x0 c:/st/stm32cubeide_1.3.0/stm32cubeide/plugins/com.st.stm32cube.ide.mcu.externaltools.gnu-tools-for-stm32.7-2018-q2-update.win32_1.0.0.201904181610/tools/bin/../lib/gcc/arm-none-eabi/7.3.1/../../../../arm-none-eabi/lib/thumb/v7e-m/fpv4-sp/hard/crt0.o
 .ARM.exidx     0x0000000000000000        0x8 c:/st/stm32cubeide_1.3.0/stm32cubeide/plugins/com.st.stm32cube.ide.mcu.externaltools.gnu-tools-for-stm32.7-2018-q2-update.win32_1.0.0.201904181610/tools/bin/../lib/gcc/arm-none-eabi/7.3.1/../../../../arm-none-eabi/lib/thumb/v7e-m/fpv4-sp/hard/crt0.o
 .ARM.attributes
                0x0000000000000000       0x20 c:/st/stm32cubeide_1.3.0/stm32cubeide/plugins/com.st.stm32cube.ide.mcu.externaltools.gnu-tools-for-stm32.7-2018-q2-update.win32_1.0.0.201904181610/tools/bin/../lib/gcc/arm-none-eabi/7.3.1/../../../../arm-none-eabi/lib/thumb/v7e-m/fpv4-sp/hard/crt0.o
 .group         0x0000000000000000        0xc Src/015uart_tx.o
 .group         0x0000000000000000        0xc Src/015uart_tx.o
 .group         0x0000000000000000        0xc Src/015uart_tx.o
 .group         0x0000000000000000        0xc Src/015uart_tx.o
 .group         0x0000000000000000        0xc Src/015uart_tx.o
 .group         0x0000000000000000        0xc Src/015uart_tx.o
 .group         0x0000000000000000        0xc Src/015uart_tx.o
 .group         0x0000000000000000        0xc Src/015uart_tx.o
 .group         0x0000000000000000        0xc Src/015uart_tx.o
 .group         0x0000000000000000        0xc Src/015uart_tx.o
 .group         0x0000000000000000        0xc Src/015uart_tx.o
 .group         0x0000000000000000        0xc Src/015uart_tx.o
 .group         0x0000000000000000        0xc Src/015uart_tx.o
 .group         0x0000000000000000        0xc Src/015uart_tx.o
 .group         0x0000000000000000        0xc Src/015uart_tx.o
 .group         0x0000000000000000        0xc Src/015uart_tx.o
 .group         0x0000000000000000        0xc Src/015uart_tx.o
 .group         0x0000000000000000        0xc Src/015uart_tx.o
 .group         0x0000000000000000        0xc Src/015uart_tx.o
 .group         0x0000000000000000        0xc Src/015uart_tx.o
 .group         0x0000000000000000        0xc Src/015uart_tx.o
 .group         0x0000000000000000        0xc Src/015uart_tx.o
 .group         0x0000000000000000        0xc Src/015uart_tx.o
 .group         0x0000000000000000        0xc Src/015uart_tx.o
 .group         0x0000000000000000        0xc Src/015uart_tx.o
 .group         0x0000000000000000        0xc Src/015uart_tx.o
 .group         0x0000000000000000        0xc Src/015uart_tx.o
 .group         0x0000000000000000        0xc Src/015uart_tx.o
 .group         0x0000000000000000        0xc Src/015uart_tx.o
 .group         0x0000000000000000        0xc Src/015uart_tx.o
 .group         0x0000000000000000        0xc Src/015uart_tx.o
 .group         0x0000000000000000        0xc Src/015uart_tx.o
 .group         0x0000000000000000        0xc Src/015uart_tx.o
 .group         0x0000000000000000        0xc Src/015uart_tx.o
 .group         0x0000000000000000        0xc Src/015uart_tx.o
 .group         0x0000000000000000        0xc Src/015uart_tx.o
 .group         0x0000000000000000        0xc Src/015uart_tx.o
 .group         0x0000000000000000        0xc Src/015uart_tx.o
 .text          0x0000000000000000        0x0 Src/015uart_tx.o
 .data          0x0000000000000000        0x0 Src/015uart_tx.o
 .bss           0x0000000000000000        0x0 Src/015uart_tx.o
 .group         0x0000000000000000        0xc Src/syscalls.o
 .group         0x0000000000000000        0xc Src/syscalls.o
 .group         0x0000000000000000        0xc Src/syscalls.o
 .group         0x0000000000000000        0xc Src/syscalls.o
 .group         0x0000000000000000        0xc Src/syscalls.o
 .group         0x0000000000000000        0xc Src/syscalls.o
 .group         0x0000000000000000        0xc Src/syscalls.o
 .group         0x0000000000000000        0xc Src/syscalls.o
 .group         0x0000000000000000        0xc Src/syscalls.o
 .group         0x0000000000000000        0xc Src/syscalls.o
 .group         0x0000000000000000        0xc Src/syscalls.o
 .group         0x0000000000000000        0xc Src/syscalls.o
 .group         0x0000000000000000        0xc Src/syscalls.o
 .group         0x0000000000000000        0xc Src/syscalls.o
 .group         0x0000000000000000        0xc Src/syscalls.o
 .group         0x0000000000000000        0xc Src/syscalls.o
 .group         0x0000000000000000        0xc Src/syscalls.o
 .group         0x0000000000000000        0xc Src/syscalls.o
 .group         0x0000000000000000        0xc Src/syscalls.o
 .group         0x0000000000000000        0xc Src/syscalls.o
 .group         0x0000000000000000        0xc Src/syscalls.o
 .group         0x0000000000000000        0xc Src/syscalls.o
 .group         0x0000000000000000        0xc Src/syscalls.o
 .group         0x0000000000000000        0xc Src/syscalls.o
 .group         0x0000000000000000        0xc Src/syscalls.o
 .group         0x0000000000000000        0xc Src/syscalls.o
 .group         0x0000000000000000        0xc Src/syscalls.o
 .group         0x0000000000000000        0xc Src/syscalls.o
 .group         0x0000000000000000        0xc Src/syscalls.o
 .group         0x0000000000000000        0xc Src/syscalls.o
 .group         0x0000000000000000        0xc Src/syscalls.o
 .group         0x0000000000000000        0xc Src/syscalls.o
 .group         0x0000000000000000        0xc Src/syscalls.o
 .group         0x0000000000000000        0xc Src/syscalls.o
 .group         0x0000000000000000        0xc Src/syscalls.o
 .group         0x0000000000000000        0xc Src/syscalls.o
 .group         0x0000000000000000        0xc Src/syscalls.o
 .group         0x0000000000000000        0xc Src/syscalls.o
 .group         0x0000000000000000        0xc Src/syscalls.o
 .group         0x0000000000000000        0xc Src/syscalls.o
 .group         0x0000000000000000        0xc Src/syscalls.o
 .group         0x0000000000000000        0xc Src/syscalls.o
 .group         0x0000000000000000        0xc Src/syscalls.o
 .group         0x0000000000000000        0xc Src/syscalls.o
 .text          0x0000000000000000        0x0 Src/syscalls.o
 .data          0x0000000000000000        0x0 Src/syscalls.o
 .bss           0x0000000000000000        0x0 Src/syscalls.o
 .bss.__env     0x0000000000000000        0x4 Src/syscalls.o
 .data.environ  0x0000000000000000        0x4 Src/syscalls.o
 .text.initialise_monitor_handles
                0x0000000000000000        0xe Src/syscalls.o
 .text._getpid  0x0000000000000000       0x10 Src/syscalls.o
 .text._kill    0x0000000000000000       0x20 Src/syscalls.o
 .text._exit    0x0000000000000000       0x14 Src/syscalls.o
 .text._read    0x0000000000000000       0x3a Src/syscalls.o
 .text._write   0x0000000000000000       0x38 Src/syscalls.o
 .text._close   0x0000000000000000       0x18 Src/syscalls.o
 .text._fstat   0x0000000000000000       0x20 Src/syscalls.o
 .text._isatty  0x0000000000000000       0x16 Src/syscalls.o
 .text._lseek   0x0000000000000000       0x1a Src/syscalls.o
 .text._open    0x0000000000000000       0x1c Src/syscalls.o
 .text._wait    0x0000000000000000       0x1e Src/syscalls.o
 .text._unlink  0x0000000000000000       0x1e Src/syscalls.o
 .text._times   0x0000000000000000       0x18 Src/syscalls.o
 .text._stat    0x0000000000000000       0x20 Src/syscalls.o
 .text._link    0x0000000000000000       0x20 Src/syscalls.o
 .text._fork    0x0000000000000000       0x16 Src/syscalls.o
 .text._execve  0x0000000000000000       0x22 Src/syscalls.o
 .debug_info    0x0000000000000000      0xebd Src/syscalls.o
 .debug_abbrev  0x0000000000000000      0x261 Src/syscalls.o
 .debug_aranges
                0x0000000000000000       0xa8 Src/syscalls.o
 .debug_ranges  0x0000000000000000       0x98 Src/syscalls.o
 .debug_macro   0x0000000000000000      0x243 Src/syscalls.o
 .debug_macro   0x0000000000000000      0xa66 Src/syscalls.o
 .debug_macro   0x0000000000000000       0x22 Src/syscalls.o
 .debug_macro   0x0000000000000000       0x40 Src/syscalls.o
 .debug_macro   0x0000000000000000       0x18 Src/syscalls.o
 .debug_macro   0x0000000000000000       0x94 Src/syscalls.o
 .debug_macro   0x0000000000000000       0x3c Src/syscalls.o
 .debug_macro   0x0000000000000000       0x34 Src/syscalls.o
 .debug_macro   0x0000000000000000       0x57 Src/syscalls.o
 .debug_macro   0x0000000000000000      0x174 Src/syscalls.o
 .debug_macro   0x0000000000000000      0x330 Src/syscalls.o
 .debug_macro   0x0000000000000000       0x52 Src/syscalls.o
 .debug_macro   0x0000000000000000       0x1f Src/syscalls.o
 .debug_macro   0x0000000000000000       0x43 Src/syscalls.o
 .debug_macro   0x0000000000000000       0x20 Src/syscalls.o
 .debug_macro   0x0000000000000000      0x1a3 Src/syscalls.o
 .debug_macro   0x0000000000000000       0x10 Src/syscalls.o
 .debug_macro   0x0000000000000000       0x35 Src/syscalls.o
 .debug_macro   0x0000000000000000       0x10 Src/syscalls.o
 .debug_macro   0x0000000000000000       0x10 Src/syscalls.o
 .debug_macro   0x0000000000000000       0x10 Src/syscalls.o
 .debug_macro   0x0000000000000000       0x6a Src/syscalls.o
 .debug_macro   0x0000000000000000       0x1c Src/syscalls.o
 .debug_macro   0x0000000000000000       0x52 Src/syscalls.o
 .debug_macro   0x0000000000000000       0x40 Src/syscalls.o
 .debug_macro   0x0000000000000000       0x10 Src/syscalls.o
 .debug_macro   0x0000000000000000       0x40 Src/syscalls.o
 .debug_macro   0x0000000000000000       0xd7 Src/syscalls.o
 .debug_macro   0x0000000000000000       0x1c Src/syscalls.o
 .debug_macro   0x0000000000000000       0x3d Src/syscalls.o
 .debug_macro   0x0000000000000000       0x35 Src/syscalls.o
 .debug_macro   0x0000000000000000      0x122 Src/syscalls.o
 .debug_macro   0x0000000000000000       0x16 Src/syscalls.o
 .debug_macro   0x0000000000000000       0x16 Src/syscalls.o
 .debug_macro   0x0000000000000000       0x29 Src/syscalls.o
 .debug_macro   0x0000000000000000       0x10 Src/syscalls.o
 .debug_macro   0x0000000000000000      0x241 Src/syscalls.o
 .debug_macro   0x0000000000000000       0x1c Src/syscalls.o
 .debug_macro   0x0000000000000000       0x10 Src/syscalls.o
 .debug_macro   0x0000000000000000       0x10 Src/syscalls.o
 .debug_macro   0x0000000000000000       0x16 Src/syscalls.o
 .debug_macro   0x0000000000000000      0x145 Src/syscalls.o
 .debug_macro   0x0000000000000000      0x189 Src/syscalls.o
 .debug_macro   0x0000000000000000       0x16 Src/syscalls.o
 .debug_macro   0x0000000000000000       0x88 Src/syscalls.o
 .debug_line    0x0000000000000000      0x73d Src/syscalls.o
 .debug_str     0x0000000000000000     0x88cc Src/syscalls.o
 .comment       0x0000000000000000       0x7c Src/syscalls.o
 .debug_frame   0x0000000000000000      0x2ac Src/syscalls.o
 .ARM.attributes
                0x0000000000000000       0x39 Src/syscalls.o
 .group         0x0000000000000000        0xc Src/sysmem.o
 .group         0x0000000000000000        0xc Src/sysmem.o
 .group         0x0000000000000000        0xc Src/sysmem.o
 .group         0x0000000000000000        0xc Src/sysmem.o
 .group         0x0000000000000000        0xc Src/sysmem.o
 .group         0x0000000000000000        0xc Src/sysmem.o
 .group         0x0000000000000000        0xc Src/sysmem.o
 .group         0x0000000000000000        0xc Src/sysmem.o
 .group         0x0000000000000000        0xc Src/sysmem.o
 .group         0x0000000000000000        0xc Src/sysmem.o
 .group         0x0000000000000000        0xc Src/sysmem.o
 .group         0x0000000000000000        0xc Src/sysmem.o
 .group         0x0000000000000000        0xc Src/sysmem.o
 .group         0x0000000000000000        0xc Src/sysmem.o
 .group         0x0000000000000000        0xc Src/sysmem.o
 .group         0x0000000000000000        0xc Src/sysmem.o
 .group         0x0000000000000000        0xc Src/sysmem.o
 .group         0x0000000000000000        0xc Src/sysmem.o
 .group         0x0000000000000000        0xc Src/sysmem.o
 .group         0x0000000000000000        0xc Src/sysmem.o
 .group         0x0000000000000000        0xc Src/sysmem.o
 .group         0x0000000000000000        0xc Src/sysmem.o
 .group         0x0000000000000000        0xc Src/sysmem.o
 .group         0x0000000000000000        0xc Src/sysmem.o
 .group         0x0000000000000000        0xc Src/sysmem.o
 .group         0x0000000000000000        0xc Src/sysmem.o
 .group         0x0000000000000000        0xc Src/sysmem.o
 .group         0x0000000000000000        0xc Src/sysmem.o
 .group         0x0000000000000000        0xc Src/sysmem.o
 .group         0x0000000000000000        0xc Src/sysmem.o
 .group         0x0000000000000000        0xc Src/sysmem.o
 .group         0x0000000000000000        0xc Src/sysmem.o
 .text          0x0000000000000000        0x0 Src/sysmem.o
 .data          0x0000000000000000        0x0 Src/sysmem.o
 .bss           0x0000000000000000        0x0 Src/sysmem.o
 .bss.heap_end.6424
                0x0000000000000000        0x4 Src/sysmem.o
 .text._sbrk    0x0000000000000000       0x58 Src/sysmem.o
 .debug_info    0x0000000000000000      0x91c Src/sysmem.o
 .debug_abbrev  0x0000000000000000      0x1bb Src/sysmem.o
 .debug_aranges
                0x0000000000000000       0x20 Src/sysmem.o
 .debug_ranges  0x0000000000000000       0x10 Src/sysmem.o
 .debug_macro   0x0000000000000000      0x1ae Src/sysmem.o
 .debug_macro   0x0000000000000000      0xa66 Src/sysmem.o
 .debug_macro   0x0000000000000000       0x10 Src/sysmem.o
 .debug_macro   0x0000000000000000       0x22 Src/sysmem.o
 .debug_macro   0x0000000000000000       0x40 Src/sysmem.o
 .debug_macro   0x0000000000000000       0x18 Src/sysmem.o
 .debug_macro   0x0000000000000000       0x94 Src/sysmem.o
 .debug_macro   0x0000000000000000       0x3c Src/sysmem.o
 .debug_macro   0x0000000000000000       0x34 Src/sysmem.o
 .debug_macro   0x0000000000000000      0x174 Src/sysmem.o
 .debug_macro   0x0000000000000000       0x57 Src/sysmem.o
 .debug_macro   0x0000000000000000       0x52 Src/sysmem.o
 .debug_macro   0x0000000000000000       0x1f Src/sysmem.o
 .debug_macro   0x0000000000000000       0x43 Src/sysmem.o
 .debug_macro   0x0000000000000000       0x20 Src/sysmem.o
 .debug_macro   0x0000000000000000      0x1a3 Src/sysmem.o
 .debug_macro   0x0000000000000000      0x23b Src/sysmem.o
 .debug_macro   0x0000000000000000       0x16 Src/sysmem.o
 .debug_macro   0x0000000000000000       0x35 Src/sysmem.o
 .debug_macro   0x0000000000000000      0x330 Src/sysmem.o
 .debug_macro   0x0000000000000000       0x10 Src/sysmem.o
 .debug_macro   0x0000000000000000       0x10 Src/sysmem.o
 .debug_macro   0x0000000000000000       0x6a Src/sysmem.o
 .debug_macro   0x0000000000000000       0x1c Src/sysmem.o
 .debug_macro   0x0000000000000000       0x52 Src/sysmem.o
 .debug_macro   0x0000000000000000       0x40 Src/sysmem.o
 .debug_macro   0x0000000000000000       0x10 Src/sysmem.o
 .debug_macro   0x0000000000000000       0x40 Src/sysmem.o
 .debug_macro   0x0000000000000000       0xd7 Src/sysmem.o
 .debug_macro   0x0000000000000000       0x1c Src/sysmem.o
 .debug_macro   0x0000000000000000       0x3d Src/sysmem.o
 .debug_macro   0x0000000000000000       0x16 Src/sysmem.o
 .debug_macro   0x0000000000000000      0x145 Src/sysmem.o
 .debug_line    0x0000000000000000      0x559 Src/sysmem.o
 .debug_str     0x0000000000000000     0x7b25 Src/sysmem.o
 .comment       0x0000000000000000       0x7c Src/sysmem.o
 .debug_frame   0x0000000000000000       0x34 Src/sysmem.o
 .ARM.attributes
                0x0000000000000000       0x39 Src/sysmem.o
 .text          0x0000000000000000       0x14 Startup/startup_stm32f407vgtx.o
 .data          0x0000000000000000        0x0 Startup/startup_stm32f407vgtx.o
 .bss           0x0000000000000000        0x0 Startup/startup_stm32f407vgtx.o
 .group         0x0000000000000000        0xc drivers/src/STM32F407xx_gpio_driver.o
 .group         0x0000000000000000        0xc drivers/src/STM32F407xx_gpio_driver.o
 .group         0x0000000000000000        0xc drivers/src/STM32F407xx_gpio_driver.o
 .group         0x0000000000000000        0xc drivers/src/STM32F407xx_gpio_driver.o
 .group         0x0000000000000000        0xc drivers/src/STM32F407xx_gpio_driver.o
 .group         0x0000000000000000        0xc drivers/src/STM32F407xx_gpio_driver.o
 .group         0x0000000000000000        0xc drivers/src/STM32F407xx_gpio_driver.o
 .group         0x0000000000000000        0xc drivers/src/STM32F407xx_gpio_driver.o
 .group         0x0000000000000000        0xc drivers/src/STM32F407xx_gpio_driver.o
 .group         0x0000000000000000        0xc drivers/src/STM32F407xx_gpio_driver.o
 .text          0x0000000000000000        0x0 drivers/src/STM32F407xx_gpio_driver.o
 .data          0x0000000000000000        0x0 drivers/src/STM32F407xx_gpio_driver.o
 .bss           0x0000000000000000        0x0 drivers/src/STM32F407xx_gpio_driver.o
 .text.GPIO_DeInit
                0x0000000000000000      0x160 drivers/src/STM32F407xx_gpio_driver.o
 .text.GPIO_ReadFromInputPort
                0x0000000000000000       0x1c drivers/src/STM32F407xx_gpio_driver.o
 .text.GPIO_WriteToOutputPin
                0x0000000000000000       0x4a drivers/src/STM32F407xx_gpio_driver.o
 .text.GPIO_WriteToOutputPort
                0x0000000000000000       0x1e drivers/src/STM32F407xx_gpio_driver.o
 .text.GPIO_ToggleOutputPin
                0x0000000000000000       0x2a drivers/src/STM32F407xx_gpio_driver.o
 .text.GPIO_IRQInterruptConfig
                0x0000000000000000      0x104 drivers/src/STM32F407xx_gpio_driver.o
 .text.GPIO_IRQPriorityConfig
                0x0000000000000000       0x54 drivers/src/STM32F407xx_gpio_driver.o
 .text.GPIO_IRQHandling
                0x0000000000000000       0x40 drivers/src/STM32F407xx_gpio_driver.o
 .debug_macro   0x0000000000000000      0xa66 drivers/src/STM32F407xx_gpio_driver.o
 .debug_macro   0x0000000000000000       0x22 drivers/src/STM32F407xx_gpio_driver.o
 .debug_macro   0x0000000000000000       0xef drivers/src/STM32F407xx_gpio_driver.o
 .debug_macro   0x0000000000000000       0x6a drivers/src/STM32F407xx_gpio_driver.o
 .debug_macro   0x0000000000000000      0x1df drivers/src/STM32F407xx_gpio_driver.o
 .debug_macro   0x0000000000000000      0x174 drivers/src/STM32F407xx_gpio_driver.o
 .debug_macro   0x0000000000000000      0x78c drivers/src/STM32F407xx_gpio_driver.o
 .group         0x0000000000000000        0xc drivers/src/STM32F407xx_i2c_driver.o
 .group         0x0000000000000000        0xc drivers/src/STM32F407xx_i2c_driver.o
 .group         0x0000000000000000        0xc drivers/src/STM32F407xx_i2c_driver.o
 .group         0x0000000000000000        0xc drivers/src/STM32F407xx_i2c_driver.o
 .group         0x0000000000000000        0xc drivers/src/STM32F407xx_i2c_driver.o
 .group         0x0000000000000000        0xc drivers/src/STM32F407xx_i2c_driver.o
 .group         0x0000000000000000        0xc drivers/src/STM32F407xx_i2c_driver.o
 .group         0x0000000000000000        0xc drivers/src/STM32F407xx_i2c_driver.o
 .group         0x0000000000000000        0xc drivers/src/STM32F407xx_i2c_driver.o
 .group         0x0000000000000000        0xc drivers/src/STM32F407xx_i2c_driver.o
 .text          0x0000000000000000        0x0 drivers/src/STM32F407xx_i2c_driver.o
 .data          0x0000000000000000        0x0 drivers/src/STM32F407xx_i2c_driver.o
 .bss           0x0000000000000000        0x0 drivers/src/STM32F407xx_i2c_driver.o
 .text.I2C_GenerateStartCondition
                0x0000000000000000       0x20 drivers/src/STM32F407xx_i2c_driver.o
 .text.I2C_ExecuteAddressPhaseWrite
                0x0000000000000000       0x2c drivers/src/STM32F407xx_i2c_driver.o
 .text.I2C_ExecuteAddressPhaseRead
                0x0000000000000000       0x2c drivers/src/STM32F407xx_i2c_driver.o
 .text.I2C_ClearADDRFlag
                0x0000000000000000       0x6e drivers/src/STM32F407xx_i2c_driver.o
 .text.I2C_GenerateStopCondition
                0x0000000000000000       0x20 drivers/src/STM32F407xx_i2c_driver.o
 .text.I2C_SlaveEnableDisableCallbackEvents
                0x0000000000000000       0x68 drivers/src/STM32F407xx_i2c_driver.o
 .text.I2C_PeripheralControl
                0x0000000000000000       0x38 drivers/src/STM32F407xx_i2c_driver.o
 .text.I2C_PeriClockControl
                0x0000000000000000       0x70 drivers/src/STM32F407xx_i2c_driver.o
 .text.I2C_Init
                0x0000000000000000      0x164 drivers/src/STM32F407xx_i2c_driver.o
 .text.I2C_DeInit
                0x0000000000000000       0x14 drivers/src/STM32F407xx_i2c_driver.o
 .text.I2C_GetFlagStatus
                0x0000000000000000       0x28 drivers/src/STM32F407xx_i2c_driver.o
 .text.I2C_MasterSendData
                0x0000000000000000       0xc6 drivers/src/STM32F407xx_i2c_driver.o
 .text.I2C_MasterReceiveData
                0x0000000000000000      0x124 drivers/src/STM32F407xx_i2c_driver.o
 .text.I2C_ManageAcking
                0x0000000000000000       0x38 drivers/src/STM32F407xx_i2c_driver.o
 .text.I2C_IRQInterruptConfig
                0x0000000000000000      0x10c drivers/src/STM32F407xx_i2c_driver.o
 .text.I2C_IRQPriorityConfig
                0x0000000000000000       0x54 drivers/src/STM32F407xx_i2c_driver.o
 .text.I2C_MasterSendDataIT
                0x0000000000000000       0x86 drivers/src/STM32F407xx_i2c_driver.o
 .text.I2C_MasterReceiveDataIT
                0x0000000000000000       0x94 drivers/src/STM32F407xx_i2c_driver.o
 .text.I2C_MasterHandleTXEInterrupt
                0x0000000000000000       0x3c drivers/src/STM32F407xx_i2c_driver.o
 .text.I2C_MasterHandleRXNEInterrupt
                0x0000000000000000       0x98 drivers/src/STM32F407xx_i2c_driver.o
 .text.I2C_CloseReceiveData
                0x0000000000000000       0x5c drivers/src/STM32F407xx_i2c_driver.o
 .text.I2C_CloseSendData
                0x0000000000000000       0x46 drivers/src/STM32F407xx_i2c_driver.o
 .text.I2C_SlaveSendData
                0x0000000000000000       0x1e drivers/src/STM32F407xx_i2c_driver.o
 .text.I2C_SlaveReceiveData
                0x0000000000000000       0x1a drivers/src/STM32F407xx_i2c_driver.o
 .text.I2C_EV_IRQHandling
                0x0000000000000000      0x1b8 drivers/src/STM32F407xx_i2c_driver.o
 .text.I2C_ER_IRQHandling
                0x0000000000000000      0x10c drivers/src/STM32F407xx_i2c_driver.o
 .debug_info    0x0000000000000000      0xa1b drivers/src/STM32F407xx_i2c_driver.o
 .debug_abbrev  0x0000000000000000      0x238 drivers/src/STM32F407xx_i2c_driver.o
 .debug_aranges
                0x0000000000000000       0xe8 drivers/src/STM32F407xx_i2c_driver.o
 .debug_ranges  0x0000000000000000       0xd8 drivers/src/STM32F407xx_i2c_driver.o
 .debug_macro   0x0000000000000000       0x94 drivers/src/STM32F407xx_i2c_driver.o
 .debug_macro   0x0000000000000000      0xa66 drivers/src/STM32F407xx_i2c_driver.o
 .debug_macro   0x0000000000000000       0x22 drivers/src/STM32F407xx_i2c_driver.o
 .debug_macro   0x0000000000000000       0x8e drivers/src/STM32F407xx_i2c_driver.o
 .debug_macro   0x0000000000000000       0x51 drivers/src/STM32F407xx_i2c_driver.o
 .debug_macro   0x0000000000000000       0xef drivers/src/STM32F407xx_i2c_driver.o
 .debug_macro   0x0000000000000000       0x6a drivers/src/STM32F407xx_i2c_driver.o
 .debug_macro   0x0000000000000000      0x1df drivers/src/STM32F407xx_i2c_driver.o
 .debug_macro   0x0000000000000000      0x174 drivers/src/STM32F407xx_i2c_driver.o
 .debug_macro   0x0000000000000000      0x78c drivers/src/STM32F407xx_i2c_driver.o
 .debug_macro   0x0000000000000000       0xd0 drivers/src/STM32F407xx_i2c_driver.o
 .debug_line    0x0000000000000000      0x7f8 drivers/src/STM32F407xx_i2c_driver.o
 .debug_str     0x0000000000000000     0x6724 drivers/src/STM32F407xx_i2c_driver.o
 .comment       0x0000000000000000       0x7c drivers/src/STM32F407xx_i2c_driver.o
 .debug_frame   0x0000000000000000      0x3f8 drivers/src/STM32F407xx_i2c_driver.o
 .ARM.attributes
                0x0000000000000000       0x39 drivers/src/STM32F407xx_i2c_driver.o
 .group         0x0000000000000000        0xc drivers/src/STM32F407xx_rcc_driver.o
 .group         0x0000000000000000        0xc drivers/src/STM32F407xx_rcc_driver.o
 .group         0x0000000000000000        0xc drivers/src/STM32F407xx_rcc_driver.o
 .group         0x0000000000000000        0xc drivers/src/STM32F407xx_rcc_driver.o
 .group         0x0000000000000000        0xc drivers/src/STM32F407xx_rcc_driver.o
 .group         0x0000000000000000        0xc drivers/src/STM32F407xx_rcc_driver.o
 .group         0x0000000000000000        0xc drivers/src/STM32F407xx_rcc_driver.o
 .group         0x0000000000000000        0xc drivers/src/STM32F407xx_rcc_driver.o
 .group         0x0000000000000000        0xc drivers/src/STM32F407xx_rcc_driver.o
 .text          0x0000000000000000        0x0 drivers/src/STM32F407xx_rcc_driver.o
 .data          0x0000000000000000        0x0 drivers/src/STM32F407xx_rcc_driver.o
 .bss           0x0000000000000000        0x0 drivers/src/STM32F407xx_rcc_driver.o
 .debug_macro   0x0000000000000000      0xa66 drivers/src/STM32F407xx_rcc_driver.o
 .debug_macro   0x0000000000000000       0x22 drivers/src/STM32F407xx_rcc_driver.o
 .debug_macro   0x0000000000000000       0x8e drivers/src/STM32F407xx_rcc_driver.o
 .debug_macro   0x0000000000000000       0x51 drivers/src/STM32F407xx_rcc_driver.o
 .debug_macro   0x0000000000000000       0xef drivers/src/STM32F407xx_rcc_driver.o
 .debug_macro   0x0000000000000000       0x6a drivers/src/STM32F407xx_rcc_driver.o
 .debug_macro   0x0000000000000000      0x1df drivers/src/STM32F407xx_rcc_driver.o
 .debug_macro   0x0000000000000000      0x174 drivers/src/STM32F407xx_rcc_driver.o
 .debug_macro   0x0000000000000000      0x78c drivers/src/STM32F407xx_rcc_driver.o
 .group         0x0000000000000000        0xc drivers/src/STM32F407xx_spi_driver.o
 .group         0x0000000000000000        0xc drivers/src/STM32F407xx_spi_driver.o
 .group         0x0000000000000000        0xc drivers/src/STM32F407xx_spi_driver.o
 .group         0x0000000000000000        0xc drivers/src/STM32F407xx_spi_driver.o
 .group         0x0000000000000000        0xc drivers/src/STM32F407xx_spi_driver.o
 .group         0x0000000000000000        0xc drivers/src/STM32F407xx_spi_driver.o
 .group         0x0000000000000000        0xc drivers/src/STM32F407xx_spi_driver.o
 .group         0x0000000000000000        0xc drivers/src/STM32F407xx_spi_driver.o
 .group         0x0000000000000000        0xc drivers/src/STM32F407xx_spi_driver.o
 .group         0x0000000000000000        0xc drivers/src/STM32F407xx_spi_driver.o
 .text          0x0000000000000000        0x0 drivers/src/STM32F407xx_spi_driver.o
 .data          0x0000000000000000        0x0 drivers/src/STM32F407xx_spi_driver.o
 .bss           0x0000000000000000        0x0 drivers/src/STM32F407xx_spi_driver.o
 .text.SPI_PeriClockControl
                0x0000000000000000       0x70 drivers/src/STM32F407xx_spi_driver.o
 .text.SPI_Init
                0x0000000000000000       0xb6 drivers/src/STM32F407xx_spi_driver.o
 .text.SPI_DeInit
                0x0000000000000000       0x14 drivers/src/STM32F407xx_spi_driver.o
 .text.SPI_GetFlagStatus
                0x0000000000000000       0x28 drivers/src/STM32F407xx_spi_driver.o
 .text.SPI_SendData
                0x0000000000000000       0x6c drivers/src/STM32F407xx_spi_driver.o
 .text.SPI_ReceiveData
                0x0000000000000000       0x6c drivers/src/STM32F407xx_spi_driver.o
 .text.SPI_PeripheralControl
                0x0000000000000000       0x38 drivers/src/STM32F407xx_spi_driver.o
 .text.SPI_SSIConfig
                0x0000000000000000       0x38 drivers/src/STM32F407xx_spi_driver.o
 .text.SPI_SSOEConfig
                0x0000000000000000       0x38 drivers/src/STM32F407xx_spi_driver.o
 .text.SPI_IRQPriorityConfig
                0x0000000000000000       0x54 drivers/src/STM32F407xx_spi_driver.o
 .text.SPI_SendDataIT
                0x0000000000000000       0x48 drivers/src/STM32F407xx_spi_driver.o
 .text.SPI_ReceiveDataIT
                0x0000000000000000       0x48 drivers/src/STM32F407xx_spi_driver.o
 .text.SPI_IRQHandling
                0x0000000000000000       0x9a drivers/src/STM32F407xx_spi_driver.o
 .text.spi_txe_interrupt_handle
                0x0000000000000000       0x80 drivers/src/STM32F407xx_spi_driver.o
 .text.spi_rxne_interrupt_handle
                0x0000000000000000       0x84 drivers/src/STM32F407xx_spi_driver.o
 .text.spi_ovr_err_interrupt_handle
                0x0000000000000000       0x30 drivers/src/STM32F407xx_spi_driver.o
 .text.SPI_CloseTransmisson
                0x0000000000000000       0x36 drivers/src/STM32F407xx_spi_driver.o
 .text.SPI_CloseReception
                0x0000000000000000       0x36 drivers/src/STM32F407xx_spi_driver.o
 .text.SPI_ClearOVRFlag
                0x0000000000000000       0x20 drivers/src/STM32F407xx_spi_driver.o
 .text.SPI_IRQInterruptConfig
                0x0000000000000000      0x104 drivers/src/STM32F407xx_spi_driver.o
 .text.SPI_ApplicationEventCallback
                0x0000000000000000       0x18 drivers/src/STM32F407xx_spi_driver.o
 .debug_info    0x0000000000000000      0x884 drivers/src/STM32F407xx_spi_driver.o
 .debug_abbrev  0x0000000000000000      0x1dc drivers/src/STM32F407xx_spi_driver.o
 .debug_aranges
                0x0000000000000000       0xc0 drivers/src/STM32F407xx_spi_driver.o
 .debug_ranges  0x0000000000000000       0xb0 drivers/src/STM32F407xx_spi_driver.o
 .debug_macro   0x0000000000000000       0x8a drivers/src/STM32F407xx_spi_driver.o
 .debug_macro   0x0000000000000000      0xa66 drivers/src/STM32F407xx_spi_driver.o
 .debug_macro   0x0000000000000000       0x22 drivers/src/STM32F407xx_spi_driver.o
 .debug_macro   0x0000000000000000       0x8e drivers/src/STM32F407xx_spi_driver.o
 .debug_macro   0x0000000000000000       0x51 drivers/src/STM32F407xx_spi_driver.o
 .debug_macro   0x0000000000000000       0xef drivers/src/STM32F407xx_spi_driver.o
 .debug_macro   0x0000000000000000       0x6a drivers/src/STM32F407xx_spi_driver.o
 .debug_macro   0x0000000000000000      0x1df drivers/src/STM32F407xx_spi_driver.o
 .debug_macro   0x0000000000000000      0x174 drivers/src/STM32F407xx_spi_driver.o
 .debug_macro   0x0000000000000000      0x78c drivers/src/STM32F407xx_spi_driver.o
 .debug_macro   0x0000000000000000       0xd3 drivers/src/STM32F407xx_spi_driver.o
 .debug_line    0x0000000000000000      0x679 drivers/src/STM32F407xx_spi_driver.o
 .debug_str     0x0000000000000000     0x65bd drivers/src/STM32F407xx_spi_driver.o
 .comment       0x0000000000000000       0x7c drivers/src/STM32F407xx_spi_driver.o
 .debug_frame   0x0000000000000000      0x33c drivers/src/STM32F407xx_spi_driver.o
 .ARM.attributes
                0x0000000000000000       0x39 drivers/src/STM32F407xx_spi_driver.o
 .group         0x0000000000000000        0xc drivers/src/STM32F407xx_usart_driver.o
 .group         0x0000000000000000        0xc drivers/src/STM32F407xx_usart_driver.o
 .group         0x0000000000000000        0xc drivers/src/STM32F407xx_usart_driver.o
 .group         0x0000000000000000        0xc drivers/src/STM32F407xx_usart_driver.o
 .group         0x0000000000000000        0xc drivers/src/STM32F407xx_usart_driver.o
 .group         0x0000000000000000        0xc drivers/src/STM32F407xx_usart_driver.o
 .group         0x0000000000000000        0xc drivers/src/STM32F407xx_usart_driver.o
 .group         0x0000000000000000        0xc drivers/src/STM32F407xx_usart_driver.o
 .group         0x0000000000000000        0xc drivers/src/STM32F407xx_usart_driver.o
 .group         0x0000000000000000        0xc drivers/src/STM32F407xx_usart_driver.o
 .text          0x0000000000000000        0x0 drivers/src/STM32F407xx_usart_driver.o
 .data          0x0000000000000000        0x0 drivers/src/STM32F407xx_usart_driver.o
 .bss           0x0000000000000000        0x0 drivers/src/STM32F407xx_usart_driver.o
 .text.USART_ReceiveData
                0x0000000000000000       0xae drivers/src/STM32F407xx_usart_driver.o
 .text.USART_SendDataIT
                0x0000000000000000       0x5c drivers/src/STM32F407xx_usart_driver.o
 .text.USART_ReceiveDataIT
                0x0000000000000000       0x52 drivers/src/STM32F407xx_usart_driver.o
 .text.USART_ClearFlag
                0x0000000000000000       0x26 drivers/src/STM32F407xx_usart_driver.o
 .text.USART_IRQInterruptConfig
                0x0000000000000000      0x10c drivers/src/STM32F407xx_usart_driver.o
 .text.USART_IRQPriorityConfig
                0x0000000000000000       0x54 drivers/src/STM32F407xx_usart_driver.o
 .text.USART_IRQHandling
                0x0000000000000000      0x344 drivers/src/STM32F407xx_usart_driver.o
 .text.USART_ApplicationEventCallback
                0x0000000000000000       0x18 drivers/src/STM32F407xx_usart_driver.o
 .debug_macro   0x0000000000000000      0xa66 drivers/src/STM32F407xx_usart_driver.o
 .debug_macro   0x0000000000000000       0x22 drivers/src/STM32F407xx_usart_driver.o
 .debug_macro   0x0000000000000000       0x8e drivers/src/STM32F407xx_usart_driver.o
 .debug_macro   0x0000000000000000       0x51 drivers/src/STM32F407xx_usart_driver.o
 .debug_macro   0x0000000000000000       0xef drivers/src/STM32F407xx_usart_driver.o
 .debug_macro   0x0000000000000000       0x6a drivers/src/STM32F407xx_usart_driver.o
 .debug_macro   0x0000000000000000      0x1df drivers/src/STM32F407xx_usart_driver.o
 .debug_macro   0x0000000000000000      0x174 drivers/src/STM32F407xx_usart_driver.o
 .debug_macro   0x0000000000000000      0x78c drivers/src/STM32F407xx_usart_driver.o
 .text          0x0000000000000000        0x0 c:/st/stm32cubeide_1.3.0/stm32cubeide/plugins/com.st.stm32cube.ide.mcu.externaltools.gnu-tools-for-stm32.7-2018-q2-update.win32_1.0.0.201904181610/tools/bin/../lib/gcc/arm-none-eabi/7.3.1/../../../../arm-none-eabi/lib/thumb/v7e-m/fpv4-sp/hard\libc_nano.a(lib_a-errno.o)
 .data          0x0000000000000000        0x0 c:/st/stm32cubeide_1.3.0/stm32cubeide/plugins/com.st.stm32cube.ide.mcu.externaltools.gnu-tools-for-stm32.7-2018-q2-update.win32_1.0.0.201904181610/tools/bin/../lib/gcc/arm-none-eabi/7.3.1/../../../../arm-none-eabi/lib/thumb/v7e-m/fpv4-sp/hard\libc_nano.a(lib_a-errno.o)
 .bss           0x0000000000000000        0x0 c:/st/stm32cubeide_1.3.0/stm32cubeide/plugins/com.st.stm32cube.ide.mcu.externaltools.gnu-tools-for-stm32.7-2018-q2-update.win32_1.0.0.201904181610/tools/bin/../lib/gcc/arm-none-eabi/7.3.1/../../../../arm-none-eabi/lib/thumb/v7e-m/fpv4-sp/hard\libc_nano.a(lib_a-errno.o)
 .text.__errno  0x0000000000000000        0xc c:/st/stm32cubeide_1.3.0/stm32cubeide/plugins/com.st.stm32cube.ide.mcu.externaltools.gnu-tools-for-stm32.7-2018-q2-update.win32_1.0.0.201904181610/tools/bin/../lib/gcc/arm-none-eabi/7.3.1/../../../../arm-none-eabi/lib/thumb/v7e-m/fpv4-sp/hard\libc_nano.a(lib_a-errno.o)
 .debug_frame   0x0000000000000000       0x20 c:/st/stm32cubeide_1.3.0/stm32cubeide/plugins/com.st.stm32cube.ide.mcu.externaltools.gnu-tools-for-stm32.7-2018-q2-update.win32_1.0.0.201904181610/tools/bin/../lib/gcc/arm-none-eabi/7.3.1/../../../../arm-none-eabi/lib/thumb/v7e-m/fpv4-sp/hard\libc_nano.a(lib_a-errno.o)
 .ARM.attributes
                0x0000000000000000       0x34 c:/st/stm32cubeide_1.3.0/stm32cubeide/plugins/com.st.stm32cube.ide.mcu.externaltools.gnu-tools-for-stm32.7-2018-q2-update.win32_1.0.0.201904181610/tools/bin/../lib/gcc/arm-none-eabi/7.3.1/../../../../arm-none-eabi/lib/thumb/v7e-m/fpv4-sp/hard\libc_nano.a(lib_a-errno.o)
 .text          0x0000000000000000        0x0 c:/st/stm32cubeide_1.3.0/stm32cubeide/plugins/com.st.stm32cube.ide.mcu.externaltools.gnu-tools-for-stm32.7-2018-q2-update.win32_1.0.0.201904181610/tools/bin/../lib/gcc/arm-none-eabi/7.3.1/../../../../arm-none-eabi/lib/thumb/v7e-m/fpv4-sp/hard\libc_nano.a(lib_a-exit.o)
 .data          0x0000000000000000        0x0 c:/st/stm32cubeide_1.3.0/stm32cubeide/plugins/com.st.stm32cube.ide.mcu.externaltools.gnu-tools-for-stm32.7-2018-q2-update.win32_1.0.0.201904181610/tools/bin/../lib/gcc/arm-none-eabi/7.3.1/../../../../arm-none-eabi/lib/thumb/v7e-m/fpv4-sp/hard\libc_nano.a(lib_a-exit.o)
 .bss           0x0000000000000000        0x0 c:/st/stm32cubeide_1.3.0/stm32cubeide/plugins/com.st.stm32cube.ide.mcu.externaltools.gnu-tools-for-stm32.7-2018-q2-update.win32_1.0.0.201904181610/tools/bin/../lib/gcc/arm-none-eabi/7.3.1/../../../../arm-none-eabi/lib/thumb/v7e-m/fpv4-sp/hard\libc_nano.a(lib_a-exit.o)
 .text.exit     0x0000000000000000       0x28 c:/st/stm32cubeide_1.3.0/stm32cubeide/plugins/com.st.stm32cube.ide.mcu.externaltools.gnu-tools-for-stm32.7-2018-q2-update.win32_1.0.0.201904181610/tools/bin/../lib/gcc/arm-none-eabi/7.3.1/../../../../arm-none-eabi/lib/thumb/v7e-m/fpv4-sp/hard\libc_nano.a(lib_a-exit.o)
 .debug_frame   0x0000000000000000       0x28 c:/st/stm32cubeide_1.3.0/stm32cubeide/plugins/com.st.stm32cube.ide.mcu.externaltools.gnu-tools-for-stm32.7-2018-q2-update.win32_1.0.0.201904181610/tools/bin/../lib/gcc/arm-none-eabi/7.3.1/../../../../arm-none-eabi/lib/thumb/v7e-m/fpv4-sp/hard\libc_nano.a(lib_a-exit.o)
 .ARM.attributes
                0x0000000000000000       0x34 c:/st/stm32cubeide_1.3.0/stm32cubeide/plugins/com.st.stm32cube.ide.mcu.externaltools.gnu-tools-for-stm32.7-2018-q2-update.win32_1.0.0.201904181610/tools/bin/../lib/gcc/arm-none-eabi/7.3.1/../../../../arm-none-eabi/lib/thumb/v7e-m/fpv4-sp/hard\libc_nano.a(lib_a-exit.o)
 .text          0x0000000000000000        0x0 c:/st/stm32cubeide_1.3.0/stm32cubeide/plugins/com.st.stm32cube.ide.mcu.externaltools.gnu-tools-for-stm32.7-2018-q2-update.win32_1.0.0.201904181610/tools/bin/../lib/gcc/arm-none-eabi/7.3.1/../../../../arm-none-eabi/lib/thumb/v7e-m/fpv4-sp/hard\libc_nano.a(lib_a-impure.o)
 .data          0x0000000000000000        0x0 c:/st/stm32cubeide_1.3.0/stm32cubeide/plugins/com.st.stm32cube.ide.mcu.externaltools.gnu-tools-for-stm32.7-2018-q2-update.win32_1.0.0.201904181610/tools/bin/../lib/gcc/arm-none-eabi/7.3.1/../../../../arm-none-eabi/lib/thumb/v7e-m/fpv4-sp/hard\libc_nano.a(lib_a-impure.o)
 .bss           0x0000000000000000        0x0 c:/st/stm32cubeide_1.3.0/stm32cubeide/plugins/com.st.stm32cube.ide.mcu.externaltools.gnu-tools-for-stm32.7-2018-q2-update.win32_1.0.0.201904181610/tools/bin/../lib/gcc/arm-none-eabi/7.3.1/../../../../arm-none-eabi/lib/thumb/v7e-m/fpv4-sp/hard\libc_nano.a(lib_a-impure.o)
 .data._impure_ptr
                0x0000000000000000        0x4 c:/st/stm32cubeide_1.3.0/stm32cubeide/plugins/com.st.stm32cube.ide.mcu.externaltools.gnu-tools-for-stm32.7-2018-q2-update.win32_1.0.0.201904181610/tools/bin/../lib/gcc/arm-none-eabi/7.3.1/../../../../arm-none-eabi/lib/thumb/v7e-m/fpv4-sp/hard\libc_nano.a(lib_a-impure.o)
 .data.impure_data
                0x0000000000000000       0x60 c:/st/stm32cubeide_1.3.0/stm32cubeide/plugins/com.st.stm32cube.ide.mcu.externaltools.gnu-tools-for-stm32.7-2018-q2-update.win32_1.0.0.201904181610/tools/bin/../lib/gcc/arm-none-eabi/7.3.1/../../../../arm-none-eabi/lib/thumb/v7e-m/fpv4-sp/hard\libc_nano.a(lib_a-impure.o)
 .rodata._global_impure_ptr
                0x0000000000000000        0x4 c:/st/stm32cubeide_1.3.0/stm32cubeide/plugins/com.st.stm32cube.ide.mcu.externaltools.gnu-tools-for-stm32.7-2018-q2-update.win32_1.0.0.201904181610/tools/bin/../lib/gcc/arm-none-eabi/7.3.1/../../../../arm-none-eabi/lib/thumb/v7e-m/fpv4-sp/hard\libc_nano.a(lib_a-impure.o)
 .ARM.attributes
                0x0000000000000000       0x34 c:/st/stm32cubeide_1.3.0/stm32cubeide/plugins/com.st.stm32cube.ide.mcu.externaltools.gnu-tools-for-stm32.7-2018-q2-update.win32_1.0.0.201904181610/tools/bin/../lib/gcc/arm-none-eabi/7.3.1/../../../../arm-none-eabi/lib/thumb/v7e-m/fpv4-sp/hard\libc_nano.a(lib_a-impure.o)
 .text          0x0000000000000000        0x0 c:/st/stm32cubeide_1.3.0/stm32cubeide/plugins/com.st.stm32cube.ide.mcu.externaltools.gnu-tools-for-stm32.7-2018-q2-update.win32_1.0.0.201904181610/tools/bin/../lib/gcc/arm-none-eabi/7.3.1/../../../../arm-none-eabi/lib/thumb/v7e-m/fpv4-sp/hard\libc_nano.a(lib_a-init.o)
 .data          0x0000000000000000        0x0 c:/st/stm32cubeide_1.3.0/stm32cubeide/plugins/com.st.stm32cube.ide.mcu.externaltools.gnu-tools-for-stm32.7-2018-q2-update.win32_1.0.0.201904181610/tools/bin/../lib/gcc/arm-none-eabi/7.3.1/../../../../arm-none-eabi/lib/thumb/v7e-m/fpv4-sp/hard\libc_nano.a(lib_a-init.o)
 .bss           0x0000000000000000        0x0 c:/st/stm32cubeide_1.3.0/stm32cubeide/plugins/com.st.stm32cube.ide.mcu.externaltools.gnu-tools-for-stm32.7-2018-q2-update.win32_1.0.0.201904181610/tools/bin/../lib/gcc/arm-none-eabi/7.3.1/../../../../arm-none-eabi/lib/thumb/v7e-m/fpv4-sp/hard\libc_nano.a(lib_a-init.o)
 .text          0x0000000000000000        0x0 c:/st/stm32cubeide_1.3.0/stm32cubeide/plugins/com.st.stm32cube.ide.mcu.externaltools.gnu-tools-for-stm32.7-2018-q2-update.win32_1.0.0.201904181610/tools/bin/../lib/gcc/arm-none-eabi/7.3.1/../../../../arm-none-eabi/lib/thumb/v7e-m/fpv4-sp/hard\libc_nano.a(lib_a-memset.o)
 .data          0x0000000000000000        0x0 c:/st/stm32cubeide_1.3.0/stm32cubeide/plugins/com.st.stm32cube.ide.mcu.externaltools.gnu-tools-for-stm32.7-2018-q2-update.win32_1.0.0.201904181610/tools/bin/../lib/gcc/arm-none-eabi/7.3.1/../../../../arm-none-eabi/lib/thumb/v7e-m/fpv4-sp/hard\libc_nano.a(lib_a-memset.o)
 .bss           0x0000000000000000        0x0 c:/st/stm32cubeide_1.3.0/stm32cubeide/plugins/com.st.stm32cube.ide.mcu.externaltools.gnu-tools-for-stm32.7-2018-q2-update.win32_1.0.0.201904181610/tools/bin/../lib/gcc/arm-none-eabi/7.3.1/../../../../arm-none-eabi/lib/thumb/v7e-m/fpv4-sp/hard\libc_nano.a(lib_a-memset.o)
 .text.memset   0x0000000000000000       0x10 c:/st/stm32cubeide_1.3.0/stm32cubeide/plugins/com.st.stm32cube.ide.mcu.externaltools.gnu-tools-for-stm32.7-2018-q2-update.win32_1.0.0.201904181610/tools/bin/../lib/gcc/arm-none-eabi/7.3.1/../../../../arm-none-eabi/lib/thumb/v7e-m/fpv4-sp/hard\libc_nano.a(lib_a-memset.o)
 .debug_frame   0x0000000000000000       0x20 c:/st/stm32cubeide_1.3.0/stm32cubeide/plugins/com.st.stm32cube.ide.mcu.externaltools.gnu-tools-for-stm32.7-2018-q2-update.win32_1.0.0.201904181610/tools/bin/../lib/gcc/arm-none-eabi/7.3.1/../../../../arm-none-eabi/lib/thumb/v7e-m/fpv4-sp/hard\libc_nano.a(lib_a-memset.o)
 .ARM.attributes
                0x0000000000000000       0x34 c:/st/stm32cubeide_1.3.0/stm32cubeide/plugins/com.st.stm32cube.ide.mcu.externaltools.gnu-tools-for-stm32.7-2018-q2-update.win32_1.0.0.201904181610/tools/bin/../lib/gcc/arm-none-eabi/7.3.1/../../../../arm-none-eabi/lib/thumb/v7e-m/fpv4-sp/hard\libc_nano.a(lib_a-memset.o)
 .data          0x0000000000000000        0x0 c:/st/stm32cubeide_1.3.0/stm32cubeide/plugins/com.st.stm32cube.ide.mcu.externaltools.gnu-tools-for-stm32.7-2018-q2-update.win32_1.0.0.201904181610/tools/bin/../lib/gcc/arm-none-eabi/7.3.1/../../../../arm-none-eabi/lib/thumb/v7e-m/fpv4-sp/hard\libc_nano.a(lib_a-strlen.o)
 .bss           0x0000000000000000        0x0 c:/st/stm32cubeide_1.3.0/stm32cubeide/plugins/com.st.stm32cube.ide.mcu.externaltools.gnu-tools-for-stm32.7-2018-q2-update.win32_1.0.0.201904181610/tools/bin/../lib/gcc/arm-none-eabi/7.3.1/../../../../arm-none-eabi/lib/thumb/v7e-m/fpv4-sp/hard\libc_nano.a(lib_a-strlen.o)
 .text          0x0000000000000000        0x0 c:/st/stm32cubeide_1.3.0/stm32cubeide/plugins/com.st.stm32cube.ide.mcu.externaltools.gnu-tools-for-stm32.7-2018-q2-update.win32_1.0.0.201904181610/tools/bin/../lib/gcc/arm-none-eabi/7.3.1/thumb/v7e-m/fpv4-sp/hard/crtend.o
 .data          0x0000000000000000        0x0 c:/st/stm32cubeide_1.3.0/stm32cubeide/plugins/com.st.stm32cube.ide.mcu.externaltools.gnu-tools-for-stm32.7-2018-q2-update.win32_1.0.0.201904181610/tools/bin/../lib/gcc/arm-none-eabi/7.3.1/thumb/v7e-m/fpv4-sp/hard/crtend.o
 .bss           0x0000000000000000        0x0 c:/st/stm32cubeide_1.3.0/stm32cubeide/plugins/com.st.stm32cube.ide.mcu.externaltools.gnu-tools-for-stm32.7-2018-q2-update.win32_1.0.0.201904181610/tools/bin/../lib/gcc/arm-none-eabi/7.3.1/thumb/v7e-m/fpv4-sp/hard/crtend.o
 .eh_frame      0x0000000000000000        0x4 c:/st/stm32cubeide_1.3.0/stm32cubeide/plugins/com.st.stm32cube.ide.mcu.externaltools.gnu-tools-for-stm32.7-2018-q2-update.win32_1.0.0.201904181610/tools/bin/../lib/gcc/arm-none-eabi/7.3.1/thumb/v7e-m/fpv4-sp/hard/crtend.o
 .ARM.attributes
                0x0000000000000000       0x34 c:/st/stm32cubeide_1.3.0/stm32cubeide/plugins/com.st.stm32cube.ide.mcu.externaltools.gnu-tools-for-stm32.7-2018-q2-update.win32_1.0.0.201904181610/tools/bin/../lib/gcc/arm-none-eabi/7.3.1/thumb/v7e-m/fpv4-sp/hard/crtend.o
 .text          0x0000000000000000        0x0 c:/st/stm32cubeide_1.3.0/stm32cubeide/plugins/com.st.stm32cube.ide.mcu.externaltools.gnu-tools-for-stm32.7-2018-q2-update.win32_1.0.0.201904181610/tools/bin/../lib/gcc/arm-none-eabi/7.3.1/thumb/v7e-m/fpv4-sp/hard/crtn.o
 .data          0x0000000000000000        0x0 c:/st/stm32cubeide_1.3.0/stm32cubeide/plugins/com.st.stm32cube.ide.mcu.externaltools.gnu-tools-for-stm32.7-2018-q2-update.win32_1.0.0.201904181610/tools/bin/../lib/gcc/arm-none-eabi/7.3.1/thumb/v7e-m/fpv4-sp/hard/crtn.o
 .bss           0x0000000000000000        0x0 c:/st/stm32cubeide_1.3.0/stm32cubeide/plugins/com.st.stm32cube.ide.mcu.externaltools.gnu-tools-for-stm32.7-2018-q2-update.win32_1.0.0.201904181610/tools/bin/../lib/gcc/arm-none-eabi/7.3.1/thumb/v7e-m/fpv4-sp/hard/crtn.o

Memory Configuration

Name             Origin             Length             Attributes
RAM              0x0000000020000000 0x0000000000020000 xrw
ROM              0x0000000008000000 0x0000000000100000 xr
*default*        0x0000000000000000 0xffffffffffffffff

Linker script and memory map

LOAD c:/st/stm32cubeide_1.3.0/stm32cubeide/plugins/com.st.stm32cube.ide.mcu.externaltools.gnu-tools-for-stm32.7-2018-q2-update.win32_1.0.0.201904181610/tools/bin/../lib/gcc/arm-none-eabi/7.3.1/thumb/v7e-m/fpv4-sp/hard/crti.o
LOAD c:/st/stm32cubeide_1.3.0/stm32cubeide/plugins/com.st.stm32cube.ide.mcu.externaltools.gnu-tools-for-stm32.7-2018-q2-update.win32_1.0.0.201904181610/tools/bin/../lib/gcc/arm-none-eabi/7.3.1/thumb/v7e-m/fpv4-sp/hard/crtbegin.o
LOAD c:/st/stm32cubeide_1.3.0/stm32cubeide/plugins/com.st.stm32cube.ide.mcu.externaltools.gnu-tools-for-stm32.7-2018-q2-update.win32_1.0.0.201904181610/tools/bin/../lib/gcc/arm-none-eabi/7.3.1/../../../../arm-none-eabi/lib/thumb/v7e-m/fpv4-sp/hard/crt0.o
LOAD Src/015uart_tx.o
LOAD Src/syscalls.o
LOAD Src/sysmem.o
LOAD Startup/startup_stm32f407vgtx.o
LOAD drivers/src/STM32F407xx_gpio_driver.o
LOAD drivers/src/STM32F407xx_i2c_driver.o
LOAD drivers/src/STM32F407xx_rcc_driver.o
LOAD drivers/src/STM32F407xx_spi_driver.o
LOAD drivers/src/STM32F407xx_usart_driver.o
START GROUP
LOAD c:/st/stm32cubeide_1.3.0/stm32cubeide/plugins/com.st.stm32cube.ide.mcu.externaltools.gnu-tools-for-stm32.7-2018-q2-update.win32_1.0.0.201904181610/tools/bin/../lib/gcc/arm-none-eabi/7.3.1/../../../../arm-none-eabi/lib/thumb/v7e-m/fpv4-sp/hard\libc_nano.a
LOAD c:/st/stm32cubeide_1.3.0/stm32cubeide/plugins/com.st.stm32cube.ide.mcu.externaltools.gnu-tools-for-stm32.7-2018-q2-update.win32_1.0.0.201904181610/tools/bin/../lib/gcc/arm-none-eabi/7.3.1/../../../../arm-none-eabi/lib/thumb/v7e-m/fpv4-sp/hard\libm.a
END GROUP
START GROUP
LOAD c:/st/stm32cubeide_1.3.0/stm32cubeide/plugins/com.st.stm32cube.ide.mcu.externaltools.gnu-tools-for-stm32.7-2018-q2-update.win32_1.0.0.201904181610/tools/bin/../lib/gcc/arm-none-eabi/7.3.1/thumb/v7e-m/fpv4-sp/hard\libgcc.a
LOAD c:/st/stm32cubeide_1.3.0/stm32cubeide/plugins/com.st.stm32cube.ide.mcu.externaltools.gnu-tools-for-stm32.7-2018-q2-update.win32_1.0.0.201904181610/tools/bin/../lib/gcc/arm-none-eabi/7.3.1/../../../../arm-none-eabi/lib/thumb/v7e-m/fpv4-sp/hard\libc_nano.a
END GROUP
START GROUP
LOAD c:/st/stm32cubeide_1.3.0/stm32cubeide/plugins/com.st.stm32cube.ide.mcu.externaltools.gnu-tools-for-stm32.7-2018-q2-update.win32_1.0.0.201904181610/tools/bin/../lib/gcc/arm-none-eabi/7.3.1/thumb/v7e-m/fpv4-sp/hard\libgcc.a
LOAD c:/st/stm32cubeide_1.3.0/stm32cubeide/plugins/com.st.stm32cube.ide.mcu.externaltools.gnu-tools-for-stm32.7-2018-q2-update.win32_1.0.0.201904181610/tools/bin/../lib/gcc/arm-none-eabi/7.3.1/../../../../arm-none-eabi/lib/thumb/v7e-m/fpv4-sp/hard\libc_nano.a
LOAD c:/st/stm32cubeide_1.3.0/stm32cubeide/plugins/com.st.stm32cube.ide.mcu.externaltools.gnu-tools-for-stm32.7-2018-q2-update.win32_1.0.0.201904181610/tools/bin/../lib/gcc/arm-none-eabi/7.3.1/../../../../arm-none-eabi/lib/thumb/v7e-m/fpv4-sp/hard\libnosys.a
END GROUP
START GROUP
LOAD c:/st/stm32cubeide_1.3.0/stm32cubeide/plugins/com.st.stm32cube.ide.mcu.externaltools.gnu-tools-for-stm32.7-2018-q2-update.win32_1.0.0.201904181610/tools/bin/../lib/gcc/arm-none-eabi/7.3.1/thumb/v7e-m/fpv4-sp/hard\libgcc.a
LOAD c:/st/stm32cubeide_1.3.0/stm32cubeide/plugins/com.st.stm32cube.ide.mcu.externaltools.gnu-tools-for-stm32.7-2018-q2-update.win32_1.0.0.201904181610/tools/bin/../lib/gcc/arm-none-eabi/7.3.1/../../../../arm-none-eabi/lib/thumb/v7e-m/fpv4-sp/hard\libc_nano.a
LOAD c:/st/stm32cubeide_1.3.0/stm32cubeide/plugins/com.st.stm32cube.ide.mcu.externaltools.gnu-tools-for-stm32.7-2018-q2-update.win32_1.0.0.201904181610/tools/bin/../lib/gcc/arm-none-eabi/7.3.1/../../../../arm-none-eabi/lib/thumb/v7e-m/fpv4-sp/hard\libnosys.a
END GROUP
LOAD c:/st/stm32cubeide_1.3.0/stm32cubeide/plugins/com.st.stm32cube.ide.mcu.externaltools.gnu-tools-for-stm32.7-2018-q2-update.win32_1.0.0.201904181610/tools/bin/../lib/gcc/arm-none-eabi/7.3.1/thumb/v7e-m/fpv4-sp/hard/crtend.o
LOAD c:/st/stm32cubeide_1.3.0/stm32cubeide/plugins/com.st.stm32cube.ide.mcu.externaltools.gnu-tools-for-stm32.7-2018-q2-update.win32_1.0.0.201904181610/tools/bin/../lib/gcc/arm-none-eabi/7.3.1/thumb/v7e-m/fpv4-sp/hard/crtn.o
                0x0000000020020000                _estack = (ORIGIN (RAM) + LENGTH (RAM))
                0x0000000000000200                _Min_Heap_Size = 0x200
                0x0000000000000400                _Min_Stack_Size = 0x400

.isr_vector     0x0000000008000000      0x1a8
                0x0000000008000000                . = ALIGN (0x4)
 *(.isr_vector)
 .isr_vector    0x0000000008000000      0x1a8 Startup/startup_stm32f407vgtx.o
                0x0000000008000000                g_pfnVectors
                0x00000000080001a8                . = ALIGN (0x4)

.text           0x00000000080001a8      0xb38
                0x00000000080001a8                . = ALIGN (0x4)
 *(.text)
 .text          0x00000000080001a8       0x40 c:/st/stm32cubeide_1.3.0/stm32cubeide/plugins/com.st.stm32cube.ide.mcu.externaltools.gnu-tools-for-stm32.7-2018-q2-update.win32_1.0.0.201904181610/tools/bin/../lib/gcc/arm-none-eabi/7.3.1/thumb/v7e-m/fpv4-sp/hard/crtbegin.o
 .text          0x00000000080001e8       0x10 c:/st/stm32cubeide_1.3.0/stm32cubeide/plugins/com.st.stm32cube.ide.mcu.externaltools.gnu-tools-for-stm32.7-2018-q2-update.win32_1.0.0.201904181610/tools/bin/../lib/gcc/arm-none-eabi/7.3.1/../../../../arm-none-eabi/lib/thumb/v7e-m/fpv4-sp/hard\libc_nano.a(lib_a-strlen.o)
                0x00000000080001e8                strlen
 *(.text*)
 .text.USART2_Init
                0x00000000080001f8       0x44 Src/015uart_tx.o
                0x00000000080001f8                USART2_Init
 .text.USART2_GPIOInit
                0x000000000800023c       0x44 Src/015uart_tx.o
                0x000000000800023c                USART2_GPIOInit
 .text.GPIO_ButtonInit
                0x0000000008000280       0x5c Src/015uart_tx.o
                0x0000000008000280                GPIO_ButtonInit
 .text.delay    0x00000000080002dc       0x2c Src/015uart_tx.o
                0x00000000080002dc                delay
 .text.main     0x0000000008000308       0x50 Src/015uart_tx.o
                0x0000000008000308                main
 .text.Reset_Handler
                0x0000000008000358       0x50 Startup/startup_stm32f407vgtx.o
                0x0000000008000358                Reset_Handler
 .text.Default_Handler
                0x00000000080003a8        0x2 Startup/startup_stm32f407vgtx.o
                0x00000000080003a8                RTC_Alarm_IRQHandler
                0x00000000080003a8                HASH_RNG_IRQHandler
                0x00000000080003a8                EXTI2_IRQHandler
                0x00000000080003a8                TIM8_CC_IRQHandler
                0x00000000080003a8                DebugMon_Handler
                0x00000000080003a8                TIM1_CC_IRQHandler
                0x00000000080003a8                DMA2_Stream5_IRQHandler
                0x00000000080003a8                HardFault_Handler
                0x00000000080003a8                DMA1_Stream5_IRQHandler
                0x00000000080003a8                SysTick_Handler
                0x00000000080003a8                PVD_IRQHandler
                0x00000000080003a8                SDIO_IRQHandler
                0x00000000080003a8                TAMP_STAMP_IRQHandler
                0x00000000080003a8                PendSV_Handler
                0x00000000080003a8                NMI_Handler
                0x00000000080003a8                CAN2_RX1_IRQHandler
                0x00000000080003a8                EXTI3_IRQHandler
                0x00000000080003a8                TIM8_TRG_COM_TIM14_IRQHandler
                0x00000000080003a8                TIM1_UP_TIM10_IRQHandler
                0x00000000080003a8                TIM8_UP_TIM13_IRQHandler
                0x00000000080003a8                I2C3_ER_IRQHandler
                0x00000000080003a8                LCD_TFT_IRQHandler
                0x00000000080003a8                EXTI0_IRQHandler
                0x00000000080003a8                I2C2_EV_IRQHandler
                0x00000000080003a8                DMA1_Stream2_IRQHandler
                0x00000000080003a8                CAN1_RX0_IRQHandler
                0x00000000080003a8                FPU_IRQHandler
                0x00000000080003a8                OTG_HS_WKUP_IRQHandler
                0x00000000080003a8                UsageFault_Handler
                0x00000000080003a8                CAN2_SCE_IRQHandler
                0x00000000080003a8                DMA2_Stream2_IRQHandler
                0x00000000080003a8                SPI1_IRQHandler
                0x00000000080003a8                TIM6_DAC_IRQHandler
                0x00000000080003a8                TIM1_BRK_TIM9_IRQHandler
                0x00000000080003a8                DCMI_IRQHandler
                0x00000000080003a8                CAN2_RX0_IRQHandler
                0x00000000080003a8                DMA2_Stream3_IRQHandler
                0x00000000080003a8                USART6_IRQHandler
                0x00000000080003a8                USART3_IRQHandler
                0x00000000080003a8                CRYP_IRQHandler
                0x00000000080003a8                CAN1_RX1_IRQHandler
                0x00000000080003a8                UART5_IRQHandler
                0x00000000080003a8                DMA2_Stream0_IRQHandler
                0x00000000080003a8                TIM4_IRQHandler
                0x00000000080003a8                I2C1_EV_IRQHandler
                0x00000000080003a8                DMA1_Stream6_IRQHandler
                0x00000000080003a8                DMA1_Stream1_IRQHandler
                0x00000000080003a8                UART4_IRQHandler
                0x00000000080003a8                LCD_TFT_1_IRQHandler
                0x00000000080003a8                TIM3_IRQHandler
                0x00000000080003a8                RCC_IRQHandler
                0x00000000080003a8                TIM8_BRK_TIM12_IRQHandler
                0x00000000080003a8                Default_Handler
                0x00000000080003a8                EXTI15_10_IRQHandler
                0x00000000080003a8                ADC_IRQHandler
                0x00000000080003a8                DMA1_Stream7_IRQHandler
                0x00000000080003a8                TIM7_IRQHandler
                0x00000000080003a8                CAN2_TX_IRQHandler
                0x00000000080003a8                TIM5_IRQHandler
                0x00000000080003a8                DMA2_Stream7_IRQHandler
                0x00000000080003a8                I2C3_EV_IRQHandler
                0x00000000080003a8                EXTI9_5_IRQHandler
                0x00000000080003a8                RTC_WKUP_IRQHandler
                0x00000000080003a8                ETH_WKUP_IRQHandler
                0x00000000080003a8                SPI2_IRQHandler
                0x00000000080003a8                OTG_HS_EP1_IN_IRQHandler
                0x00000000080003a8                MemManage_Handler
                0x00000000080003a8                DMA1_Stream0_IRQHandler
                0x00000000080003a8                CAN1_TX_IRQHandler
                0x00000000080003a8                SVC_Handler
                0x00000000080003a8                EXTI4_IRQHandler
                0x00000000080003a8                FSMC_IRQHandler
                0x00000000080003a8                ETH_IRQHandler
                0x00000000080003a8                OTG_HS_EP1_OUT_IRQHandler
                0x00000000080003a8                WWDG_IRQHandler
                0x00000000080003a8                TIM2_IRQHandler
                0x00000000080003a8                OTG_FS_WKUP_IRQHandler
                0x00000000080003a8                TIM1_TRG_COM_TIM11_IRQHandler
                0x00000000080003a8                OTG_HS_IRQHandler
                0x00000000080003a8                EXTI1_IRQHandler
                0x00000000080003a8                USART2_IRQHandler
                0x00000000080003a8                I2C2_ER_IRQHandler
                0x00000000080003a8                DMA2_Stream1_IRQHandler
                0x00000000080003a8                CAN1_SCE_IRQHandler
                0x00000000080003a8                DMA2_Stream4_IRQHandler
                0x00000000080003a8                BusFault_Handler
                0x00000000080003a8                USART1_IRQHandler
                0x00000000080003a8                OTG_FS_IRQHandler
                0x00000000080003a8                SPI3_IRQHandler
                0x00000000080003a8                DMA1_Stream4_IRQHandler
                0x00000000080003a8                I2C1_ER_IRQHandler
                0x00000000080003a8                DMA2_Stream6_IRQHandler
                0x00000000080003a8                DMA1_Stream3_IRQHandler
 *fill*         0x00000000080003aa        0x2 
 .text.GPIO_PeriClockControl
                0x00000000080003ac       0xf0 drivers/src/STM32F407xx_gpio_driver.o
                0x00000000080003ac                GPIO_PeriClockControl
 .text.GPIO_Init
                0x000000000800049c      0x2e8 drivers/src/STM32F407xx_gpio_driver.o
                0x000000000800049c                GPIO_Init
 .text.GPIO_ReadFromInputPin
                0x0000000008000784       0x2c drivers/src/STM32F407xx_gpio_driver.o
                0x0000000008000784                GPIO_ReadFromInputPin
 .text.RCC_GetPCLK1Value
                0x00000000080007b0       0xb0 drivers/src/STM32F407xx_rcc_driver.o
                0x00000000080007b0                RCC_GetPCLK1Value
 .text.RCC_GetPCLK2Value
                0x0000000008000860       0xa0 drivers/src/STM32F407xx_rcc_driver.o
                0x0000000008000860                RCC_GetPCLK2Value
 .text.RCC_GetPLLOutputClock
                0x0000000008000900       0x10 drivers/src/STM32F407xx_rcc_driver.o
                0x0000000008000900                RCC_GetPLLOutputClock
 .text.USART_SetBaudRate
                0x0000000008000910       0xe4 drivers/src/STM32F407xx_usart_driver.o
                0x0000000008000910                USART_SetBaudRate
 .text.USART_Init
                0x00000000080009f4      0x106 drivers/src/STM32F407xx_usart_driver.o
                0x00000000080009f4                USART_Init
 .text.USART_PeripheralControl
                0x0000000008000afa       0x38 drivers/src/STM32F407xx_usart_driver.o
                0x0000000008000afa                USART_PeripheralControl
 *fill*         0x0000000008000b32        0x2 
 .text.USART_PeriClockControl
                0x0000000008000b34       0x88 drivers/src/STM32F407xx_usart_driver.o
                0x0000000008000b34                USART_PeriClockControl
 .text.USART_GetFlagStatus
                0x0000000008000bbc       0x2a drivers/src/STM32F407xx_usart_driver.o
                0x0000000008000bbc                USART_GetFlagStatus
 .text.USART_SendData
                0x0000000008000be6       0x9a drivers/src/STM32F407xx_usart_driver.o
                0x0000000008000be6                USART_SendData
 .text.__libc_init_array
                0x0000000008000c80       0x48 c:/st/stm32cubeide_1.3.0/stm32cubeide/plugins/com.st.stm32cube.ide.mcu.externaltools.gnu-tools-for-stm32.7-2018-q2-update.win32_1.0.0.201904181610/tools/bin/../lib/gcc/arm-none-eabi/7.3.1/../../../../arm-none-eabi/lib/thumb/v7e-m/fpv4-sp/hard\libc_nano.a(lib_a-init.o)
                0x0000000008000c80                __libc_init_array
 *(.glue_7)
 .glue_7        0x0000000008000cc8        0x0 linker stubs
 *(.glue_7t)
 .glue_7t       0x0000000008000cc8        0x0 linker stubs
 *(.eh_frame)
 .eh_frame      0x0000000008000cc8        0x0 c:/st/stm32cubeide_1.3.0/stm32cubeide/plugins/com.st.stm32cube.ide.mcu.externaltools.gnu-tools-for-stm32.7-2018-q2-update.win32_1.0.0.201904181610/tools/bin/../lib/gcc/arm-none-eabi/7.3.1/thumb/v7e-m/fpv4-sp/hard/crtbegin.o
 *(.init)
 .init          0x0000000008000cc8        0x4 c:/st/stm32cubeide_1.3.0/stm32cubeide/plugins/com.st.stm32cube.ide.mcu.externaltools.gnu-tools-for-stm32.7-2018-q2-update.win32_1.0.0.201904181610/tools/bin/../lib/gcc/arm-none-eabi/7.3.1/thumb/v7e-m/fpv4-sp/hard/crti.o
                0x0000000008000cc8                _init
 .init          0x0000000008000ccc        0x8 c:/st/stm32cubeide_1.3.0/stm32cubeide/plugins/com.st.stm32cube.ide.mcu.externaltools.gnu-tools-for-stm32.7-2018-q2-update.win32_1.0.0.201904181610/tools/bin/../lib/gcc/arm-none-eabi/7.3.1/thumb/v7e-m/fpv4-sp/hard/crtn.o
 *(.fini)
 .fini          0x0000000008000cd4        0x4 c:/st/stm32cubeide_1.3.0/stm32cubeide/plugins/com.st.stm32cube.ide.mcu.externaltools.gnu-tools-for-stm32.7-2018-q2-update.win32_1.0.0.201904181610/tools/bin/../lib/gcc/arm-none-eabi/7.3.1/thumb/v7e-m/fpv4-sp/hard/crti.o
                0x0000000008000cd4                _fini
 .fini          0x0000000008000cd8        0x8 c:/st/stm32cubeide_1.3.0/stm32cubeide/plugins/com.st.stm32cube.ide.mcu.externaltools.gnu-tools-for-stm32.7-2018-q2-update.win32_1.0.0.201904181610/tools/bin/../lib/gcc/arm-none-eabi/7.3.1/thumb/v7e-m/fpv4-sp/hard/crtn.o
                0x0000000008000ce0                . = ALIGN (0x4)
                0x0000000008000ce0                _etext = .

.vfp11_veneer   0x0000000008000ce0        0x0
 .vfp11_veneer  0x0000000008000ce0        0x0 linker stubs

.v4_bx          0x0000000008000ce0        0x0
 .v4_bx         0x0000000008000ce0        0x0 linker stubs

.iplt           0x0000000008000ce0        0x0
 .iplt          0x0000000008000ce0        0x0 c:/st/stm32cubeide_1.3.0/stm32cubeide/plugins/com.st.stm32cube.ide.mcu.externaltools.gnu-tools-for-stm32.7-2018-q2-update.win32_1.0.0.201904181610/tools/bin/../lib/gcc/arm-none-eabi/7.3.1/thumb/v7e-m/fpv4-sp/hard/crtbegin.o

.rel.dyn        0x0000000008000ce0        0x0
 .rel.iplt      0x0000000008000ce0        0x0 c:/st/stm32cubeide_1.3.0/stm32cubeide/plugins/com.st.stm32cube.ide.mcu.externaltools.gnu-tools-for-stm32.7-2018-q2-update.win32_1.0.0.201904181610/tools/bin/../lib/gcc/arm-none-eabi/7.3.1/thumb/v7e-m/fpv4-sp/hard/crtbegin.o

.rodata         0x0000000008000ce0        0x0
                0x0000000008000ce0                . = ALIGN (0x4)
 *(.rodata)
 *(.rodata*)
                0x0000000008000ce0                . = ALIGN (0x4)

.ARM.extab      0x0000000008000ce0        0x0
                0x0000000008000ce0                . = ALIGN (0x4)
 *(.ARM.extab* .gnu.linkonce.armextab.*)
                0x0000000008000ce0                . = ALIGN (0x4)

.ARM            0x0000000008000ce0        0x0
                0x0000000008000ce0                . = ALIGN (0x4)
                0x0000000008000ce0                __exidx_start = .
 *(.ARM.exidx*)
                0x0000000008000ce0                __exidx_end = .
                0x0000000008000ce0                . = ALIGN (0x4)

.preinit_array  0x0000000008000ce0        0x0
                0x0000000008000ce0                . = ALIGN (0x4)
                0x0000000008000ce0                PROVIDE (__preinit_array_start = .)
 *(.preinit_array*)
                0x0000000008000ce0                PROVIDE (__preinit_array_end = .)
                0x0000000008000ce0                . = ALIGN (0x4)

.init_array     0x0000000008000ce0        0x4
                0x0000000008000ce0                . = ALIGN (0x4)
                0x0000000008000ce0                PROVIDE (__init_array_start = .)
 *(SORT_BY_NAME(.init_array.*))
 *(.init_array*)
 .init_array    0x0000000008000ce0        0x4 c:/st/stm32cubeide_1.3.0/stm32cubeide/plugins/com.st.stm32cube.ide.mcu.externaltools.gnu-tools-for-stm32.7-2018-q2-update.win32_1.0.0.201904181610/tools/bin/../lib/gcc/arm-none-eabi/7.3.1/thumb/v7e-m/fpv4-sp/hard/crtbegin.o
                0x0000000008000ce4                PROVIDE (__init_array_end = .)
                0x0000000008000ce4                . = ALIGN (0x4)

.fini_array     0x0000000008000ce4        0x4
                0x0000000008000ce4                . = ALIGN (0x4)
                [!provide]                        PROVIDE (__fini_array_start = .)
 *(SORT_BY_NAME(.fini_array.*))
 *(.fini_array*)
 .fini_array    0x0000000008000ce4        0x4 c:/st/stm32cubeide_1.3.0/stm32cubeide/plugins/com.st.stm32cube.ide.mcu.externaltools.gnu-tools-for-stm32.7-2018-q2-update.win32_1.0.0.201904181610/tools/bin/../lib/gcc/arm-none-eabi/7.3.1/thumb/v7e-m/fpv4-sp/hard/crtbegin.o
                [!provide]                        PROVIDE (__fini_array_end = .)
                0x0000000008000ce8                . = ALIGN (0x4)
                0x0000000008000ce8                _sidata = LOADADDR (.data)

.data           0x0000000020000000      0x414 load address 0x0000000008000ce8
                0x0000000020000000                . = ALIGN (0x4)
                0x0000000020000000                _sdata = .
 *(.data)
 *(.data*)
 .data.msg      0x0000000020000000      0x400 Src/015uart_tx.o
                0x0000000020000000                msg
 .data.AHB_PreScaler
                0x0000000020000400       0x10 drivers/src/STM32F407xx_rcc_driver.o
                0x0000000020000400                AHB_PreScaler
 .data.APB1_PreScaler
                0x0000000020000410        0x4 drivers/src/STM32F407xx_rcc_driver.o
                0x0000000020000410                APB1_PreScaler
                0x0000000020000414                . = ALIGN (0x4)
                0x0000000020000414                _edata = .

.igot.plt       0x0000000020000414        0x0 load address 0x00000000080010fc
 .igot.plt      0x0000000020000414        0x0 c:/st/stm32cubeide_1.3.0/stm32cubeide/plugins/com.st.stm32cube.ide.mcu.externaltools.gnu-tools-for-stm32.7-2018-q2-update.win32_1.0.0.201904181610/tools/bin/../lib/gcc/arm-none-eabi/7.3.1/thumb/v7e-m/fpv4-sp/hard/crtbegin.o
                0x0000000020000414                . = ALIGN (0x4)

.bss            0x0000000020000414       0x40 load address 0x00000000080010fc
                0x0000000020000414                _sbss = .
                0x0000000020000414                __bss_start__ = _sbss
 *(.bss)
 .bss           0x0000000020000414       0x1c c:/st/stm32cubeide_1.3.0/stm32cubeide/plugins/com.st.stm32cube.ide.mcu.externaltools.gnu-tools-for-stm32.7-2018-q2-update.win32_1.0.0.201904181610/tools/bin/../lib/gcc/arm-none-eabi/7.3.1/thumb/v7e-m/fpv4-sp/hard/crtbegin.o
 *(.bss*)
 *(COMMON)
 COMMON         0x0000000020000430       0x24 Src/015uart_tx.o
                0x0000000020000430                usart2_handle
                0x0000000020000454                . = ALIGN (0x4)
                0x0000000020000454                _ebss = .
                0x0000000020000454                __bss_end__ = _ebss

._user_heap_stack
                0x0000000020000454      0x604 load address 0x00000000080010fc
                0x0000000020000458                . = ALIGN (0x8)
 *fill*         0x0000000020000454        0x4 
                0x0000000020000458                PROVIDE (end = .)
                [!provide]                        PROVIDE (_end = .)
                0x0000000020000658                . = (. + _Min_Heap_Size)
 *fill*         0x0000000020000458      0x200 
                0x0000000020000a58                . = (. + _Min_Stack_Size)
 *fill*         0x0000000020000658      0x400 
                0x0000000020000a58                . = ALIGN (0x8)

/DISCARD/
 libc.a(*)
 libm.a(*)
 libgcc.a(*)

.ARM.attributes
                0x0000000000000000       0x30
 *(.ARM.attributes)
 .ARM.attributes
                0x0000000000000000       0x22 c:/st/stm32cubeide_1.3.0/stm32cubeide/plugins/com.st.stm32cube.ide.mcu.externaltools.gnu-tools-for-stm32.7-2018-q2-update.win32_1.0.0.201904181610/tools/bin/../lib/gcc/arm-none-eabi/7.3.1/thumb/v7e-m/fpv4-sp/hard/crti.o
 .ARM.attributes
                0x0000000000000022       0x34 c:/st/stm32cubeide_1.3.0/stm32cubeide/plugins/com.st.stm32cube.ide.mcu.externaltools.gnu-tools-for-stm32.7-2018-q2-update.win32_1.0.0.201904181610/tools/bin/../lib/gcc/arm-none-eabi/7.3.1/thumb/v7e-m/fpv4-sp/hard/crtbegin.o
 .ARM.attributes
                0x0000000000000056       0x39 Src/015uart_tx.o
 .ARM.attributes
                0x000000000000008f       0x21 Startup/startup_stm32f407vgtx.o
 .ARM.attributes
                0x00000000000000b0       0x39 drivers/src/STM32F407xx_gpio_driver.o
 .ARM.attributes
                0x00000000000000e9       0x39 drivers/src/STM32F407xx_rcc_driver.o
 .ARM.attributes
                0x0000000000000122       0x39 drivers/src/STM32F407xx_usart_driver.o
 .ARM.attributes
                0x000000000000015b       0x34 c:/st/stm32cubeide_1.3.0/stm32cubeide/plugins/com.st.stm32cube.ide.mcu.externaltools.gnu-tools-for-stm32.7-2018-q2-update.win32_1.0.0.201904181610/tools/bin/../lib/gcc/arm-none-eabi/7.3.1/../../../../arm-none-eabi/lib/thumb/v7e-m/fpv4-sp/hard\libc_nano.a(lib_a-init.o)
 .ARM.attributes
                0x000000000000018f       0x1b c:/st/stm32cubeide_1.3.0/stm32cubeide/plugins/com.st.stm32cube.ide.mcu.externaltools.gnu-tools-for-stm32.7-2018-q2-update.win32_1.0.0.201904181610/tools/bin/../lib/gcc/arm-none-eabi/7.3.1/../../../../arm-none-eabi/lib/thumb/v7e-m/fpv4-sp/hard\libc_nano.a(lib_a-strlen.o)
 .ARM.attributes
                0x00000000000001aa       0x22 c:/st/stm32cubeide_1.3.0/stm32cubeide/plugins/com.st.stm32cube.ide.mcu.externaltools.gnu-tools-for-stm32.7-2018-q2-update.win32_1.0.0.201904181610/tools/bin/../lib/gcc/arm-none-eabi/7.3.1/thumb/v7e-m/fpv4-sp/hard/crtn.o
OUTPUT(stm32f4xx_drivers.elf elf32-littlearm)

.debug_info     0x0000000000000000     0x1efc
 .debug_info    0x0000000000000000      0xc03 Src/015uart_tx.o
 .debug_info    0x0000000000000c03       0x22 Startup/startup_stm32f407vgtx.o
 .debug_info    0x0000000000000c25      0x746 drivers/src/STM32F407xx_gpio_driver.o
 .debug_info    0x000000000000136b      0x3a8 drivers/src/STM32F407xx_rcc_driver.o
 .debug_info    0x0000000000001713      0x7e9 drivers/src/STM32F407xx_usart_driver.o

.debug_abbrev   0x0000000000000000      0x684
 .debug_abbrev  0x0000000000000000      0x217 Src/015uart_tx.o
 .debug_abbrev  0x0000000000000217       0x12 Startup/startup_stm32f407vgtx.o
 .debug_abbrev  0x0000000000000229      0x191 drivers/src/STM32F407xx_gpio_driver.o
 .debug_abbrev  0x00000000000003ba       0xfd drivers/src/STM32F407xx_rcc_driver.o
 .debug_abbrev  0x00000000000004b7      0x1cd drivers/src/STM32F407xx_usart_driver.o

.debug_aranges  0x0000000000000000      0x190
 .debug_aranges
                0x0000000000000000       0x40 Src/015uart_tx.o
 .debug_aranges
                0x0000000000000040       0x28 Startup/startup_stm32f407vgtx.o
 .debug_aranges
                0x0000000000000068       0x70 drivers/src/STM32F407xx_gpio_driver.o
 .debug_aranges
                0x00000000000000d8       0x30 drivers/src/STM32F407xx_rcc_driver.o
 .debug_aranges
                0x0000000000000108       0x88 drivers/src/STM32F407xx_usart_driver.o

.debug_ranges   0x0000000000000000      0x148
 .debug_ranges  0x0000000000000000       0x30 Src/015uart_tx.o
 .debug_ranges  0x0000000000000030       0x20 Startup/startup_stm32f407vgtx.o
 .debug_ranges  0x0000000000000050       0x60 drivers/src/STM32F407xx_gpio_driver.o
 .debug_ranges  0x00000000000000b0       0x20 drivers/src/STM32F407xx_rcc_driver.o
 .debug_ranges  0x00000000000000d0       0x78 drivers/src/STM32F407xx_usart_driver.o

.debug_macro    0x0000000000000000     0x2a8b
 .debug_macro   0x0000000000000000      0x213 Src/015uart_tx.o
 .debug_macro   0x0000000000000213      0xa66 Src/015uart_tx.o
 .debug_macro   0x0000000000000c79       0x22 Src/015uart_tx.o
 .debug_macro   0x0000000000000c9b       0x40 Src/015uart_tx.o
 .debug_macro   0x0000000000000cdb       0x18 Src/015uart_tx.o
 .debug_macro   0x0000000000000cf3       0x94 Src/015uart_tx.o
 .debug_macro   0x0000000000000d87       0x3c Src/015uart_tx.o
 .debug_macro   0x0000000000000dc3       0x34 Src/015uart_tx.o
 .debug_macro   0x0000000000000df7       0x16 Src/015uart_tx.o
 .debug_macro   0x0000000000000e0d       0x57 Src/015uart_tx.o
 .debug_macro   0x0000000000000e64       0x97 Src/015uart_tx.o
 .debug_macro   0x0000000000000efb      0x330 Src/015uart_tx.o
 .debug_macro   0x000000000000122b       0xfd Src/015uart_tx.o
 .debug_macro   0x0000000000001328       0x10 Src/015uart_tx.o
 .debug_macro   0x0000000000001338       0x52 Src/015uart_tx.o
 .debug_macro   0x000000000000138a       0x1f Src/015uart_tx.o
 .debug_macro   0x00000000000013a9       0x43 Src/015uart_tx.o
 .debug_macro   0x00000000000013ec       0x20 Src/015uart_tx.o
 .debug_macro   0x000000000000140c      0x1a3 Src/015uart_tx.o
 .debug_macro   0x00000000000015af       0x10 Src/015uart_tx.o
 .debug_macro   0x00000000000015bf       0x6a Src/015uart_tx.o
 .debug_macro   0x0000000000001629       0x1c Src/015uart_tx.o
 .debug_macro   0x0000000000001645       0x52 Src/015uart_tx.o
 .debug_macro   0x0000000000001697       0x40 Src/015uart_tx.o
 .debug_macro   0x00000000000016d7       0x10 Src/015uart_tx.o
 .debug_macro   0x00000000000016e7       0x40 Src/015uart_tx.o
 .debug_macro   0x0000000000001727       0xd7 Src/015uart_tx.o
 .debug_macro   0x00000000000017fe       0x1c Src/015uart_tx.o
 .debug_macro   0x000000000000181a       0x3d Src/015uart_tx.o
 .debug_macro   0x0000000000001857       0x16 Src/015uart_tx.o
 .debug_macro   0x000000000000186d      0x145 Src/015uart_tx.o
 .debug_macro   0x00000000000019b2       0x16 Src/015uart_tx.o
 .debug_macro   0x00000000000019c8       0x35 Src/015uart_tx.o
 .debug_macro   0x00000000000019fd       0x20 Src/015uart_tx.o
 .debug_macro   0x0000000000001a1d       0xef Src/015uart_tx.o
 .debug_macro   0x0000000000001b0c      0x1df Src/015uart_tx.o
 .debug_macro   0x0000000000001ceb      0x78c Src/015uart_tx.o
 .debug_macro   0x0000000000002477      0x102 Src/015uart_tx.o
 .debug_macro   0x0000000000002579       0xca Src/015uart_tx.o
 .debug_macro   0x0000000000002643       0x8a drivers/src/STM32F407xx_gpio_driver.o
 .debug_macro   0x00000000000026cd       0x8e drivers/src/STM32F407xx_gpio_driver.o
 .debug_macro   0x000000000000275b       0x51 drivers/src/STM32F407xx_gpio_driver.o
 .debug_macro   0x00000000000027ac       0xc4 drivers/src/STM32F407xx_gpio_driver.o
 .debug_macro   0x0000000000002870       0x85 drivers/src/STM32F407xx_rcc_driver.o
 .debug_macro   0x00000000000028f5       0x94 drivers/src/STM32F407xx_usart_driver.o
 .debug_macro   0x0000000000002989      0x102 drivers/src/STM32F407xx_usart_driver.o

.debug_line     0x0000000000000000     0x1884
 .debug_line    0x0000000000000000      0x6c5 Src/015uart_tx.o
 .debug_line    0x00000000000006c5       0x84 Startup/startup_stm32f407vgtx.o
 .debug_line    0x0000000000000749      0x622 drivers/src/STM32F407xx_gpio_driver.o
 .debug_line    0x0000000000000d6b      0x479 drivers/src/STM32F407xx_rcc_driver.o
 .debug_line    0x00000000000011e4      0x6a0 drivers/src/STM32F407xx_usart_driver.o

.debug_str      0x0000000000000000     0xaba3
 .debug_str     0x0000000000000000     0xa61d Src/015uart_tx.o
                                       0xa874 (size before relaxing)
 .debug_str     0x000000000000a61d       0x31 Startup/startup_stm32f407vgtx.o
                                         0x91 (size before relaxing)
 .debug_str     0x000000000000a64e      0x2d0 drivers/src/STM32F407xx_gpio_driver.o
                                       0x64a6 (size before relaxing)
 .debug_str     0x000000000000a91e       0xe0 drivers/src/STM32F407xx_rcc_driver.o
                                       0x60c6 (size before relaxing)
 .debug_str     0x000000000000a9fe      0x1a5 drivers/src/STM32F407xx_usart_driver.o
                                       0x66cc (size before relaxing)

.comment        0x0000000000000000       0x7b
 .comment       0x0000000000000000       0x7b Src/015uart_tx.o
                                         0x7c (size before relaxing)
 .comment       0x000000000000007b       0x7c drivers/src/STM32F407xx_gpio_driver.o
 .comment       0x000000000000007b       0x7c drivers/src/STM32F407xx_rcc_driver.o
 .comment       0x000000000000007b       0x7c drivers/src/STM32F407xx_usart_driver.o

.debug_frame    0x0000000000000000      0x558
 .debug_frame   0x0000000000000000       0xb8 Src/015uart_tx.o
 .debug_frame   0x00000000000000b8      0x1c8 drivers/src/STM32F407xx_gpio_driver.o
 .debug_frame   0x0000000000000280       0x7c drivers/src/STM32F407xx_rcc_driver.o
 .debug_frame   0x00000000000002fc      0x230 drivers/src/STM32F407xx_usart_driver.o
 .debug_frame   0x000000000000052c       0x2c c:/st/stm32cubeide_1.3.0/stm32cubeide/plugins/com.st.stm32cube.ide.mcu.externaltools.gnu-tools-for-stm32.7-2018-q2-update.win32_1.0.0.201904181610/tools/bin/../lib/gcc/arm-none-eabi/7.3.1/../../../../arm-none-eabi/lib/thumb/v7e-m/fpv4-sp/hard\libc_nano.a(lib_a-init.o)
