Archive member included to satisfy reference by file (symbol)

c:/st/stm32cubeide_1.3.0/stm32cubeide/plugins/com.st.stm32cube.ide.mcu.externaltools.gnu-tools-for-stm32.7-2018-q2-update.win32_1.0.0.201904181610/tools/bin/../lib/gcc/arm-none-eabi/7.3.1/../../../../arm-none-eabi/lib/thumb/v7e-m/fpv4-sp/hard\libc_nano.a(lib_a-errno.o)
                              Src/syscalls.o (__errno)
c:/st/stm32cubeide_1.3.0/stm32cubeide/plugins/com.st.stm32cube.ide.mcu.externaltools.gnu-tools-for-stm32.7-2018-q2-update.win32_1.0.0.201904181610/tools/bin/../lib/gcc/arm-none-eabi/7.3.1/../../../../arm-none-eabi/lib/thumb/v7e-m/fpv4-sp/hard\libc_nano.a(lib_a-exit.o)
                              c:/st/stm32cubeide_1.3.0/stm32cubeide/plugins/com.st.stm32cube.ide.mcu.externaltools.gnu-tools-for-stm32.7-2018-q2-update.win32_1.0.0.201904181610/tools/bin/../lib/gcc/arm-none-eabi/7.3.1/../../../../arm-none-eabi/lib/thumb/v7e-m/fpv4-sp/hard/crt0.o (exit)
c:/st/stm32cubeide_1.3.0/stm32cubeide/plugins/com.st.stm32cube.ide.mcu.externaltools.gnu-tools-for-stm32.7-2018-q2-update.win32_1.0.0.201904181610/tools/bin/../lib/gcc/arm-none-eabi/7.3.1/../../../../arm-none-eabi/lib/thumb/v7e-m/fpv4-sp/hard\libc_nano.a(lib_a-impure.o)
                              c:/st/stm32cubeide_1.3.0/stm32cubeide/plugins/com.st.stm32cube.ide.mcu.externaltools.gnu-tools-for-stm32.7-2018-q2-update.win32_1.0.0.201904181610/tools/bin/../lib/gcc/arm-none-eabi/7.3.1/../../../../arm-none-eabi/lib/thumb/v7e-m/fpv4-sp/hard\libc_nano.a(lib_a-exit.o) (_global_impure_ptr)
c:/st/stm32cubeide_1.3.0/stm32cubeide/plugins/com.st.stm32cube.ide.mcu.externaltools.gnu-tools-for-stm32.7-2018-q2-update.win32_1.0.0.201904181610/tools/bin/../lib/gcc/arm-none-eabi/7.3.1/../../../../arm-none-eabi/lib/thumb/v7e-m/fpv4-sp/hard\libc_nano.a(lib_a-init.o)
                              c:/st/stm32cubeide_1.3.0/stm32cubeide/plugins/com.st.stm32cube.ide.mcu.externaltools.gnu-tools-for-stm32.7-2018-q2-update.win32_1.0.0.201904181610/tools/bin/../lib/gcc/arm-none-eabi/7.3.1/../../../../arm-none-eabi/lib/thumb/v7e-m/fpv4-sp/hard/crt0.o (__libc_init_array)
c:/st/stm32cubeide_1.3.0/stm32cubeide/plugins/com.st.stm32cube.ide.mcu.externaltools.gnu-tools-for-stm32.7-2018-q2-update.win32_1.0.0.201904181610/tools/bin/../lib/gcc/arm-none-eabi/7.3.1/../../../../arm-none-eabi/lib/thumb/v7e-m/fpv4-sp/hard\libc_nano.a(lib_a-memset.o)
                              c:/st/stm32cubeide_1.3.0/stm32cubeide/plugins/com.st.stm32cube.ide.mcu.externaltools.gnu-tools-for-stm32.7-2018-q2-update.win32_1.0.0.201904181610/tools/bin/../lib/gcc/arm-none-eabi/7.3.1/../../../../arm-none-eabi/lib/thumb/v7e-m/fpv4-sp/hard/crt0.o (memset)
c:/st/stm32cubeide_1.3.0/stm32cubeide/plugins/com.st.stm32cube.ide.mcu.externaltools.gnu-tools-for-stm32.7-2018-q2-update.win32_1.0.0.201904181610/tools/bin/../lib/gcc/arm-none-eabi/7.3.1/../../../../arm-none-eabi/lib/thumb/v7e-m/fpv4-sp/hard\libc_nano.a(lib_a-strlen.o)
                              Src/010i2c_master_tx_testing.o (strlen)

Allocating common symbols
Common symbol       size              file

I2C1Handle          0x28              Src/010i2c_master_tx_testing.o

Discarded input sections

 .text          0x0000000000000000        0x0 c:/st/stm32cubeide_1.3.0/stm32cubeide/plugins/com.st.stm32cube.ide.mcu.externaltools.gnu-tools-for-stm32.7-2018-q2-update.win32_1.0.0.201904181610/tools/bin/../lib/gcc/arm-none-eabi/7.3.1/thumb/v7e-m/fpv4-sp/hard/crti.o
 .data          0x0000000000000000        0x0 c:/st/stm32cubeide_1.3.0/stm32cubeide/plugins/com.st.stm32cube.ide.mcu.externaltools.gnu-tools-for-stm32.7-2018-q2-update.win32_1.0.0.201904181610/tools/bin/../lib/gcc/arm-none-eabi/7.3.1/thumb/v7e-m/fpv4-sp/hard/crti.o
 .bss           0x0000000000000000        0x0 c:/st/stm32cubeide_1.3.0/stm32cubeide/plugins/com.st.stm32cube.ide.mcu.externaltools.gnu-tools-for-stm32.7-2018-q2-update.win32_1.0.0.201904181610/tools/bin/../lib/gcc/arm-none-eabi/7.3.1/thumb/v7e-m/fpv4-sp/hard/crti.o
 .data          0x0000000000000000        0x4 c:/st/stm32cubeide_1.3.0/stm32cubeide/plugins/com.st.stm32cube.ide.mcu.externaltools.gnu-tools-for-stm32.7-2018-q2-update.win32_1.0.0.201904181610/tools/bin/../lib/gcc/arm-none-eabi/7.3.1/thumb/v7e-m/fpv4-sp/hard/crtbegin.o
 .text          0x0000000000000000       0x74 c:/st/stm32cubeide_1.3.0/stm32cubeide/plugins/com.st.stm32cube.ide.mcu.externaltools.gnu-tools-for-stm32.7-2018-q2-update.win32_1.0.0.201904181610/tools/bin/../lib/gcc/arm-none-eabi/7.3.1/../../../../arm-none-eabi/lib/thumb/v7e-m/fpv4-sp/hard/crt0.o
 .data          0x0000000000000000        0x0 c:/st/stm32cubeide_1.3.0/stm32cubeide/plugins/com.st.stm32cube.ide.mcu.externaltools.gnu-tools-for-stm32.7-2018-q2-update.win32_1.0.0.201904181610/tools/bin/../lib/gcc/arm-none-eabi/7.3.1/../../../../arm-none-eabi/lib/thumb/v7e-m/fpv4-sp/hard/crt0.o
 .bss           0x0000000000000000        0x0 c:/st/stm32cubeide_1.3.0/stm32cubeide/plugins/com.st.stm32cube.ide.mcu.externaltools.gnu-tools-for-stm32.7-2018-q2-update.win32_1.0.0.201904181610/tools/bin/../lib/gcc/arm-none-eabi/7.3.1/../../../../arm-none-eabi/lib/thumb/v7e-m/fpv4-sp/hard/crt0.o
 .ARM.extab     0x0000000000000000        0x0 c:/st/stm32cubeide_1.3.0/stm32cubeide/plugins/com.st.stm32cube.ide.mcu.externaltools.gnu-tools-for-stm32.7-2018-q2-update.win32_1.0.0.201904181610/tools/bin/../lib/gcc/arm-none-eabi/7.3.1/../../../../arm-none-eabi/lib/thumb/v7e-m/fpv4-sp/hard/crt0.o
 .ARM.exidx     0x0000000000000000        0x8 c:/st/stm32cubeide_1.3.0/stm32cubeide/plugins/com.st.stm32cube.ide.mcu.externaltools.gnu-tools-for-stm32.7-2018-q2-update.win32_1.0.0.201904181610/tools/bin/../lib/gcc/arm-none-eabi/7.3.1/../../../../arm-none-eabi/lib/thumb/v7e-m/fpv4-sp/hard/crt0.o
 .ARM.attributes
                0x0000000000000000       0x20 c:/st/stm32cubeide_1.3.0/stm32cubeide/plugins/com.st.stm32cube.ide.mcu.externaltools.gnu-tools-for-stm32.7-2018-q2-update.win32_1.0.0.201904181610/tools/bin/../lib/gcc/arm-none-eabi/7.3.1/../../../../arm-none-eabi/lib/thumb/v7e-m/fpv4-sp/hard/crt0.o
 .group         0x0000000000000000        0xc Src/010i2c_master_tx_testing.o
 .group         0x0000000000000000        0xc Src/010i2c_master_tx_testing.o
 .group         0x0000000000000000        0xc Src/010i2c_master_tx_testing.o
 .group         0x0000000000000000        0xc Src/010i2c_master_tx_testing.o
 .group         0x0000000000000000        0xc Src/010i2c_master_tx_testing.o
 .group         0x0000000000000000        0xc Src/010i2c_master_tx_testing.o
 .group         0x0000000000000000        0xc Src/010i2c_master_tx_testing.o
 .group         0x0000000000000000        0xc Src/010i2c_master_tx_testing.o
 .group         0x0000000000000000        0xc Src/010i2c_master_tx_testing.o
 .group         0x0000000000000000        0xc Src/010i2c_master_tx_testing.o
 .group         0x0000000000000000        0xc Src/010i2c_master_tx_testing.o
 .group         0x0000000000000000        0xc Src/010i2c_master_tx_testing.o
 .group         0x0000000000000000        0xc Src/010i2c_master_tx_testing.o
 .group         0x0000000000000000        0xc Src/010i2c_master_tx_testing.o
 .group         0x0000000000000000        0xc Src/010i2c_master_tx_testing.o
 .group         0x0000000000000000        0xc Src/010i2c_master_tx_testing.o
 .group         0x0000000000000000        0xc Src/010i2c_master_tx_testing.o
 .group         0x0000000000000000        0xc Src/010i2c_master_tx_testing.o
 .group         0x0000000000000000        0xc Src/010i2c_master_tx_testing.o
 .group         0x0000000000000000        0xc Src/010i2c_master_tx_testing.o
 .group         0x0000000000000000        0xc Src/010i2c_master_tx_testing.o
 .group         0x0000000000000000        0xc Src/010i2c_master_tx_testing.o
 .group         0x0000000000000000        0xc Src/010i2c_master_tx_testing.o
 .group         0x0000000000000000        0xc Src/010i2c_master_tx_testing.o
 .group         0x0000000000000000        0xc Src/010i2c_master_tx_testing.o
 .group         0x0000000000000000        0xc Src/010i2c_master_tx_testing.o
 .group         0x0000000000000000        0xc Src/010i2c_master_tx_testing.o
 .group         0x0000000000000000        0xc Src/010i2c_master_tx_testing.o
 .group         0x0000000000000000        0xc Src/010i2c_master_tx_testing.o
 .group         0x0000000000000000        0xc Src/010i2c_master_tx_testing.o
 .group         0x0000000000000000        0xc Src/010i2c_master_tx_testing.o
 .group         0x0000000000000000        0xc Src/010i2c_master_tx_testing.o
 .group         0x0000000000000000        0xc Src/010i2c_master_tx_testing.o
 .group         0x0000000000000000        0xc Src/010i2c_master_tx_testing.o
 .group         0x0000000000000000        0xc Src/010i2c_master_tx_testing.o
 .group         0x0000000000000000        0xc Src/010i2c_master_tx_testing.o
 .group         0x0000000000000000        0xc Src/010i2c_master_tx_testing.o
 .group         0x0000000000000000        0xc Src/010i2c_master_tx_testing.o
 .text          0x0000000000000000        0x0 Src/010i2c_master_tx_testing.o
 .data          0x0000000000000000        0x0 Src/010i2c_master_tx_testing.o
 .bss           0x0000000000000000        0x0 Src/010i2c_master_tx_testing.o
 .group         0x0000000000000000        0xc Src/syscalls.o
 .group         0x0000000000000000        0xc Src/syscalls.o
 .group         0x0000000000000000        0xc Src/syscalls.o
 .group         0x0000000000000000        0xc Src/syscalls.o
 .group         0x0000000000000000        0xc Src/syscalls.o
 .group         0x0000000000000000        0xc Src/syscalls.o
 .group         0x0000000000000000        0xc Src/syscalls.o
 .group         0x0000000000000000        0xc Src/syscalls.o
 .group         0x0000000000000000        0xc Src/syscalls.o
 .group         0x0000000000000000        0xc Src/syscalls.o
 .group         0x0000000000000000        0xc Src/syscalls.o
 .group         0x0000000000000000        0xc Src/syscalls.o
 .group         0x0000000000000000        0xc Src/syscalls.o
 .group         0x0000000000000000        0xc Src/syscalls.o
 .group         0x0000000000000000        0xc Src/syscalls.o
 .group         0x0000000000000000        0xc Src/syscalls.o
 .group         0x0000000000000000        0xc Src/syscalls.o
 .group         0x0000000000000000        0xc Src/syscalls.o
 .group         0x0000000000000000        0xc Src/syscalls.o
 .group         0x0000000000000000        0xc Src/syscalls.o
 .group         0x0000000000000000        0xc Src/syscalls.o
 .group         0x0000000000000000        0xc Src/syscalls.o
 .group         0x0000000000000000        0xc Src/syscalls.o
 .group         0x0000000000000000        0xc Src/syscalls.o
 .group         0x0000000000000000        0xc Src/syscalls.o
 .group         0x0000000000000000        0xc Src/syscalls.o
 .group         0x0000000000000000        0xc Src/syscalls.o
 .group         0x0000000000000000        0xc Src/syscalls.o
 .group         0x0000000000000000        0xc Src/syscalls.o
 .group         0x0000000000000000        0xc Src/syscalls.o
 .group         0x0000000000000000        0xc Src/syscalls.o
 .group         0x0000000000000000        0xc Src/syscalls.o
 .group         0x0000000000000000        0xc Src/syscalls.o
 .group         0x0000000000000000        0xc Src/syscalls.o
 .group         0x0000000000000000        0xc Src/syscalls.o
 .group         0x0000000000000000        0xc Src/syscalls.o
 .group         0x0000000000000000        0xc Src/syscalls.o
 .group         0x0000000000000000        0xc Src/syscalls.o
 .group         0x0000000000000000        0xc Src/syscalls.o
 .group         0x0000000000000000        0xc Src/syscalls.o
 .group         0x0000000000000000        0xc Src/syscalls.o
 .group         0x0000000000000000        0xc Src/syscalls.o
 .group         0x0000000000000000        0xc Src/syscalls.o
 .group         0x0000000000000000        0xc Src/syscalls.o
 .text          0x0000000000000000        0x0 Src/syscalls.o
 .data          0x0000000000000000        0x0 Src/syscalls.o
 .bss           0x0000000000000000        0x0 Src/syscalls.o
 .bss.__env     0x0000000000000000        0x4 Src/syscalls.o
 .data.environ  0x0000000000000000        0x4 Src/syscalls.o
 .text.initialise_monitor_handles
                0x0000000000000000        0xe Src/syscalls.o
 .text._getpid  0x0000000000000000       0x10 Src/syscalls.o
 .text._kill    0x0000000000000000       0x20 Src/syscalls.o
 .text._exit    0x0000000000000000       0x14 Src/syscalls.o
 .text._read    0x0000000000000000       0x3a Src/syscalls.o
 .text._write   0x0000000000000000       0x38 Src/syscalls.o
 .text._close   0x0000000000000000       0x18 Src/syscalls.o
 .text._fstat   0x0000000000000000       0x20 Src/syscalls.o
 .text._isatty  0x0000000000000000       0x16 Src/syscalls.o
 .text._lseek   0x0000000000000000       0x1a Src/syscalls.o
 .text._open    0x0000000000000000       0x1c Src/syscalls.o
 .text._wait    0x0000000000000000       0x1e Src/syscalls.o
 .text._unlink  0x0000000000000000       0x1e Src/syscalls.o
 .text._times   0x0000000000000000       0x18 Src/syscalls.o
 .text._stat    0x0000000000000000       0x20 Src/syscalls.o
 .text._link    0x0000000000000000       0x20 Src/syscalls.o
 .text._fork    0x0000000000000000       0x16 Src/syscalls.o
 .text._execve  0x0000000000000000       0x22 Src/syscalls.o
 .debug_info    0x0000000000000000      0xebd Src/syscalls.o
 .debug_abbrev  0x0000000000000000      0x261 Src/syscalls.o
 .debug_aranges
                0x0000000000000000       0xa8 Src/syscalls.o
 .debug_ranges  0x0000000000000000       0x98 Src/syscalls.o
 .debug_macro   0x0000000000000000      0x243 Src/syscalls.o
 .debug_macro   0x0000000000000000      0xa66 Src/syscalls.o
 .debug_macro   0x0000000000000000       0x22 Src/syscalls.o
 .debug_macro   0x0000000000000000       0x40 Src/syscalls.o
 .debug_macro   0x0000000000000000       0x18 Src/syscalls.o
 .debug_macro   0x0000000000000000       0x94 Src/syscalls.o
 .debug_macro   0x0000000000000000       0x3c Src/syscalls.o
 .debug_macro   0x0000000000000000       0x34 Src/syscalls.o
 .debug_macro   0x0000000000000000       0x57 Src/syscalls.o
 .debug_macro   0x0000000000000000      0x174 Src/syscalls.o
 .debug_macro   0x0000000000000000      0x330 Src/syscalls.o
 .debug_macro   0x0000000000000000       0x52 Src/syscalls.o
 .debug_macro   0x0000000000000000       0x1f Src/syscalls.o
 .debug_macro   0x0000000000000000       0x43 Src/syscalls.o
 .debug_macro   0x0000000000000000       0x20 Src/syscalls.o
 .debug_macro   0x0000000000000000      0x1a3 Src/syscalls.o
 .debug_macro   0x0000000000000000       0x10 Src/syscalls.o
 .debug_macro   0x0000000000000000       0x35 Src/syscalls.o
 .debug_macro   0x0000000000000000       0x10 Src/syscalls.o
 .debug_macro   0x0000000000000000       0x10 Src/syscalls.o
 .debug_macro   0x0000000000000000       0x10 Src/syscalls.o
 .debug_macro   0x0000000000000000       0x6a Src/syscalls.o
 .debug_macro   0x0000000000000000       0x1c Src/syscalls.o
 .debug_macro   0x0000000000000000       0x52 Src/syscalls.o
 .debug_macro   0x0000000000000000       0x40 Src/syscalls.o
 .debug_macro   0x0000000000000000       0x10 Src/syscalls.o
 .debug_macro   0x0000000000000000       0x40 Src/syscalls.o
 .debug_macro   0x0000000000000000       0xd7 Src/syscalls.o
 .debug_macro   0x0000000000000000       0x1c Src/syscalls.o
 .debug_macro   0x0000000000000000       0x3d Src/syscalls.o
 .debug_macro   0x0000000000000000       0x35 Src/syscalls.o
 .debug_macro   0x0000000000000000      0x122 Src/syscalls.o
 .debug_macro   0x0000000000000000       0x16 Src/syscalls.o
 .debug_macro   0x0000000000000000       0x16 Src/syscalls.o
 .debug_macro   0x0000000000000000       0x29 Src/syscalls.o
 .debug_macro   0x0000000000000000       0x10 Src/syscalls.o
 .debug_macro   0x0000000000000000      0x241 Src/syscalls.o
 .debug_macro   0x0000000000000000       0x1c Src/syscalls.o
 .debug_macro   0x0000000000000000       0x10 Src/syscalls.o
 .debug_macro   0x0000000000000000       0x10 Src/syscalls.o
 .debug_macro   0x0000000000000000       0x16 Src/syscalls.o
 .debug_macro   0x0000000000000000      0x145 Src/syscalls.o
 .debug_macro   0x0000000000000000      0x189 Src/syscalls.o
 .debug_macro   0x0000000000000000       0x16 Src/syscalls.o
 .debug_macro   0x0000000000000000       0x88 Src/syscalls.o
 .debug_line    0x0000000000000000      0x73d Src/syscalls.o
 .debug_str     0x0000000000000000     0x88cc Src/syscalls.o
 .comment       0x0000000000000000       0x7c Src/syscalls.o
 .debug_frame   0x0000000000000000      0x2ac Src/syscalls.o
 .ARM.attributes
                0x0000000000000000       0x39 Src/syscalls.o
 .group         0x0000000000000000        0xc Src/sysmem.o
 .group         0x0000000000000000        0xc Src/sysmem.o
 .group         0x0000000000000000        0xc Src/sysmem.o
 .group         0x0000000000000000        0xc Src/sysmem.o
 .group         0x0000000000000000        0xc Src/sysmem.o
 .group         0x0000000000000000        0xc Src/sysmem.o
 .group         0x0000000000000000        0xc Src/sysmem.o
 .group         0x0000000000000000        0xc Src/sysmem.o
 .group         0x0000000000000000        0xc Src/sysmem.o
 .group         0x0000000000000000        0xc Src/sysmem.o
 .group         0x0000000000000000        0xc Src/sysmem.o
 .group         0x0000000000000000        0xc Src/sysmem.o
 .group         0x0000000000000000        0xc Src/sysmem.o
 .group         0x0000000000000000        0xc Src/sysmem.o
 .group         0x0000000000000000        0xc Src/sysmem.o
 .group         0x0000000000000000        0xc Src/sysmem.o
 .group         0x0000000000000000        0xc Src/sysmem.o
 .group         0x0000000000000000        0xc Src/sysmem.o
 .group         0x0000000000000000        0xc Src/sysmem.o
 .group         0x0000000000000000        0xc Src/sysmem.o
 .group         0x0000000000000000        0xc Src/sysmem.o
 .group         0x0000000000000000        0xc Src/sysmem.o
 .group         0x0000000000000000        0xc Src/sysmem.o
 .group         0x0000000000000000        0xc Src/sysmem.o
 .group         0x0000000000000000        0xc Src/sysmem.o
 .group         0x0000000000000000        0xc Src/sysmem.o
 .group         0x0000000000000000        0xc Src/sysmem.o
 .group         0x0000000000000000        0xc Src/sysmem.o
 .group         0x0000000000000000        0xc Src/sysmem.o
 .group         0x0000000000000000        0xc Src/sysmem.o
 .group         0x0000000000000000        0xc Src/sysmem.o
 .group         0x0000000000000000        0xc Src/sysmem.o
 .text          0x0000000000000000        0x0 Src/sysmem.o
 .data          0x0000000000000000        0x0 Src/sysmem.o
 .bss           0x0000000000000000        0x0 Src/sysmem.o
 .bss.heap_end.6424
                0x0000000000000000        0x4 Src/sysmem.o
 .text._sbrk    0x0000000000000000       0x58 Src/sysmem.o
 .debug_info    0x0000000000000000      0x91c Src/sysmem.o
 .debug_abbrev  0x0000000000000000      0x1bb Src/sysmem.o
 .debug_aranges
                0x0000000000000000       0x20 Src/sysmem.o
 .debug_ranges  0x0000000000000000       0x10 Src/sysmem.o
 .debug_macro   0x0000000000000000      0x1ae Src/sysmem.o
 .debug_macro   0x0000000000000000      0xa66 Src/sysmem.o
 .debug_macro   0x0000000000000000       0x10 Src/sysmem.o
 .debug_macro   0x0000000000000000       0x22 Src/sysmem.o
 .debug_macro   0x0000000000000000       0x40 Src/sysmem.o
 .debug_macro   0x0000000000000000       0x18 Src/sysmem.o
 .debug_macro   0x0000000000000000       0x94 Src/sysmem.o
 .debug_macro   0x0000000000000000       0x3c Src/sysmem.o
 .debug_macro   0x0000000000000000       0x34 Src/sysmem.o
 .debug_macro   0x0000000000000000      0x174 Src/sysmem.o
 .debug_macro   0x0000000000000000       0x57 Src/sysmem.o
 .debug_macro   0x0000000000000000       0x52 Src/sysmem.o
 .debug_macro   0x0000000000000000       0x1f Src/sysmem.o
 .debug_macro   0x0000000000000000       0x43 Src/sysmem.o
 .debug_macro   0x0000000000000000       0x20 Src/sysmem.o
 .debug_macro   0x0000000000000000      0x1a3 Src/sysmem.o
 .debug_macro   0x0000000000000000      0x23b Src/sysmem.o
 .debug_macro   0x0000000000000000       0x16 Src/sysmem.o
 .debug_macro   0x0000000000000000       0x35 Src/sysmem.o
 .debug_macro   0x0000000000000000      0x330 Src/sysmem.o
 .debug_macro   0x0000000000000000       0x10 Src/sysmem.o
 .debug_macro   0x0000000000000000       0x10 Src/sysmem.o
 .debug_macro   0x0000000000000000       0x6a Src/sysmem.o
 .debug_macro   0x0000000000000000       0x1c Src/sysmem.o
 .debug_macro   0x0000000000000000       0x52 Src/sysmem.o
 .debug_macro   0x0000000000000000       0x40 Src/sysmem.o
 .debug_macro   0x0000000000000000       0x10 Src/sysmem.o
 .debug_macro   0x0000000000000000       0x40 Src/sysmem.o
 .debug_macro   0x0000000000000000       0xd7 Src/sysmem.o
 .debug_macro   0x0000000000000000       0x1c Src/sysmem.o
 .debug_macro   0x0000000000000000       0x3d Src/sysmem.o
 .debug_macro   0x0000000000000000       0x16 Src/sysmem.o
 .debug_macro   0x0000000000000000      0x145 Src/sysmem.o
 .debug_line    0x0000000000000000      0x559 Src/sysmem.o
 .debug_str     0x0000000000000000     0x7b25 Src/sysmem.o
 .comment       0x0000000000000000       0x7c Src/sysmem.o
 .debug_frame   0x0000000000000000       0x34 Src/sysmem.o
 .ARM.attributes
                0x0000000000000000       0x39 Src/sysmem.o
 .text          0x0000000000000000       0x14 Startup/startup_stm32f407vgtx.o
 .data          0x0000000000000000        0x0 Startup/startup_stm32f407vgtx.o
 .bss           0x0000000000000000        0x0 Startup/startup_stm32f407vgtx.o
 .group         0x0000000000000000        0xc drivers/src/STM32F407xx_gpio_driver.o
 .group         0x0000000000000000        0xc drivers/src/STM32F407xx_gpio_driver.o
 .group         0x0000000000000000        0xc drivers/src/STM32F407xx_gpio_driver.o
 .group         0x0000000000000000        0xc drivers/src/STM32F407xx_gpio_driver.o
 .group         0x0000000000000000        0xc drivers/src/STM32F407xx_gpio_driver.o
 .group         0x0000000000000000        0xc drivers/src/STM32F407xx_gpio_driver.o
 .group         0x0000000000000000        0xc drivers/src/STM32F407xx_gpio_driver.o
 .group         0x0000000000000000        0xc drivers/src/STM32F407xx_gpio_driver.o
 .group         0x0000000000000000        0xc drivers/src/STM32F407xx_gpio_driver.o
 .group         0x0000000000000000        0xc drivers/src/STM32F407xx_gpio_driver.o
 .text          0x0000000000000000        0x0 drivers/src/STM32F407xx_gpio_driver.o
 .data          0x0000000000000000        0x0 drivers/src/STM32F407xx_gpio_driver.o
 .bss           0x0000000000000000        0x0 drivers/src/STM32F407xx_gpio_driver.o
 .text.GPIO_DeInit
                0x0000000000000000      0x160 drivers/src/STM32F407xx_gpio_driver.o
 .text.GPIO_ReadFromInputPort
                0x0000000000000000       0x1c drivers/src/STM32F407xx_gpio_driver.o
 .text.GPIO_WriteToOutputPin
                0x0000000000000000       0x4a drivers/src/STM32F407xx_gpio_driver.o
 .text.GPIO_WriteToOutputPort
                0x0000000000000000       0x1e drivers/src/STM32F407xx_gpio_driver.o
 .text.GPIO_ToggleOutputPin
                0x0000000000000000       0x2a drivers/src/STM32F407xx_gpio_driver.o
 .text.GPIO_IRQInterruptConfig
                0x0000000000000000      0x104 drivers/src/STM32F407xx_gpio_driver.o
 .text.GPIO_IRQPriorityConfig
                0x0000000000000000       0x54 drivers/src/STM32F407xx_gpio_driver.o
 .text.GPIO_IRQHandling
                0x0000000000000000       0x40 drivers/src/STM32F407xx_gpio_driver.o
 .debug_macro   0x0000000000000000      0xa66 drivers/src/STM32F407xx_gpio_driver.o
 .debug_macro   0x0000000000000000       0x22 drivers/src/STM32F407xx_gpio_driver.o
 .debug_macro   0x0000000000000000       0xef drivers/src/STM32F407xx_gpio_driver.o
 .debug_macro   0x0000000000000000       0x6a drivers/src/STM32F407xx_gpio_driver.o
 .debug_macro   0x0000000000000000      0x1df drivers/src/STM32F407xx_gpio_driver.o
 .debug_macro   0x0000000000000000      0x174 drivers/src/STM32F407xx_gpio_driver.o
 .debug_macro   0x0000000000000000      0x5b7 drivers/src/STM32F407xx_gpio_driver.o
 .group         0x0000000000000000        0xc drivers/src/STM32F407xx_i2c_driver.o
 .group         0x0000000000000000        0xc drivers/src/STM32F407xx_i2c_driver.o
 .group         0x0000000000000000        0xc drivers/src/STM32F407xx_i2c_driver.o
 .group         0x0000000000000000        0xc drivers/src/STM32F407xx_i2c_driver.o
 .group         0x0000000000000000        0xc drivers/src/STM32F407xx_i2c_driver.o
 .group         0x0000000000000000        0xc drivers/src/STM32F407xx_i2c_driver.o
 .group         0x0000000000000000        0xc drivers/src/STM32F407xx_i2c_driver.o
 .group         0x0000000000000000        0xc drivers/src/STM32F407xx_i2c_driver.o
 .group         0x0000000000000000        0xc drivers/src/STM32F407xx_i2c_driver.o
 .group         0x0000000000000000        0xc drivers/src/STM32F407xx_i2c_driver.o
 .text          0x0000000000000000        0x0 drivers/src/STM32F407xx_i2c_driver.o
 .data          0x0000000000000000        0x0 drivers/src/STM32F407xx_i2c_driver.o
 .bss           0x0000000000000000        0x0 drivers/src/STM32F407xx_i2c_driver.o
 .text.I2C_ExecuteAddressPhaseRead
                0x0000000000000000       0x2c drivers/src/STM32F407xx_i2c_driver.o
 .text.I2C_SlaveEnableDisableCallbackEvents
                0x0000000000000000       0x68 drivers/src/STM32F407xx_i2c_driver.o
 .text.I2C_DeInit
                0x0000000000000000       0x14 drivers/src/STM32F407xx_i2c_driver.o
 .text.I2C_MasterReceiveData
                0x0000000000000000      0x124 drivers/src/STM32F407xx_i2c_driver.o
 .text.I2C_IRQInterruptConfig
                0x0000000000000000      0x10c drivers/src/STM32F407xx_i2c_driver.o
 .text.I2C_IRQPriorityConfig
                0x0000000000000000       0x54 drivers/src/STM32F407xx_i2c_driver.o
 .text.I2C_MasterSendDataIT
                0x0000000000000000       0x86 drivers/src/STM32F407xx_i2c_driver.o
 .text.I2C_MasterReceiveDataIT
                0x0000000000000000       0x94 drivers/src/STM32F407xx_i2c_driver.o
 .text.I2C_MasterHandleTXEInterrupt
                0x0000000000000000       0x3c drivers/src/STM32F407xx_i2c_driver.o
 .text.I2C_MasterHandleRXNEInterrupt
                0x0000000000000000       0x98 drivers/src/STM32F407xx_i2c_driver.o
 .text.I2C_CloseReceiveData
                0x0000000000000000       0x5c drivers/src/STM32F407xx_i2c_driver.o
 .text.I2C_CloseSendData
                0x0000000000000000       0x46 drivers/src/STM32F407xx_i2c_driver.o
 .text.I2C_SlaveSendData
                0x0000000000000000       0x1e drivers/src/STM32F407xx_i2c_driver.o
 .text.I2C_SlaveReceiveData
                0x0000000000000000       0x1a drivers/src/STM32F407xx_i2c_driver.o
 .text.I2C_EV_IRQHandling
                0x0000000000000000      0x1b8 drivers/src/STM32F407xx_i2c_driver.o
 .text.I2C_ER_IRQHandling
                0x0000000000000000      0x10c drivers/src/STM32F407xx_i2c_driver.o
 .debug_macro   0x0000000000000000      0xa66 drivers/src/STM32F407xx_i2c_driver.o
 .debug_macro   0x0000000000000000       0x22 drivers/src/STM32F407xx_i2c_driver.o
 .debug_macro   0x0000000000000000       0x8e drivers/src/STM32F407xx_i2c_driver.o
 .debug_macro   0x0000000000000000       0x51 drivers/src/STM32F407xx_i2c_driver.o
 .debug_macro   0x0000000000000000       0xef drivers/src/STM32F407xx_i2c_driver.o
 .debug_macro   0x0000000000000000       0x6a drivers/src/STM32F407xx_i2c_driver.o
 .debug_macro   0x0000000000000000      0x1df drivers/src/STM32F407xx_i2c_driver.o
 .debug_macro   0x0000000000000000      0x174 drivers/src/STM32F407xx_i2c_driver.o
 .debug_macro   0x0000000000000000      0x5b7 drivers/src/STM32F407xx_i2c_driver.o
 .debug_macro   0x0000000000000000       0xd0 drivers/src/STM32F407xx_i2c_driver.o
 .group         0x0000000000000000        0xc drivers/src/STM32F407xx_rcc_driver.o
 .group         0x0000000000000000        0xc drivers/src/STM32F407xx_rcc_driver.o
 .group         0x0000000000000000        0xc drivers/src/STM32F407xx_rcc_driver.o
 .group         0x0000000000000000        0xc drivers/src/STM32F407xx_rcc_driver.o
 .group         0x0000000000000000        0xc drivers/src/STM32F407xx_rcc_driver.o
 .group         0x0000000000000000        0xc drivers/src/STM32F407xx_rcc_driver.o
 .group         0x0000000000000000        0xc drivers/src/STM32F407xx_rcc_driver.o
 .group         0x0000000000000000        0xc drivers/src/STM32F407xx_rcc_driver.o
 .group         0x0000000000000000        0xc drivers/src/STM32F407xx_rcc_driver.o
 .text          0x0000000000000000        0x0 drivers/src/STM32F407xx_rcc_driver.o
 .data          0x0000000000000000        0x0 drivers/src/STM32F407xx_rcc_driver.o
 .bss           0x0000000000000000        0x0 drivers/src/STM32F407xx_rcc_driver.o
 .text.RCC_GetPCLK2Value
                0x0000000000000000       0xa0 drivers/src/STM32F407xx_rcc_driver.o
 .debug_macro   0x0000000000000000      0xa66 drivers/src/STM32F407xx_rcc_driver.o
 .debug_macro   0x0000000000000000       0x22 drivers/src/STM32F407xx_rcc_driver.o
 .debug_macro   0x0000000000000000       0x8e drivers/src/STM32F407xx_rcc_driver.o
 .debug_macro   0x0000000000000000       0x51 drivers/src/STM32F407xx_rcc_driver.o
 .debug_macro   0x0000000000000000       0xef drivers/src/STM32F407xx_rcc_driver.o
 .debug_macro   0x0000000000000000       0x6a drivers/src/STM32F407xx_rcc_driver.o
 .debug_macro   0x0000000000000000      0x1df drivers/src/STM32F407xx_rcc_driver.o
 .debug_macro   0x0000000000000000      0x174 drivers/src/STM32F407xx_rcc_driver.o
 .debug_macro   0x0000000000000000      0x5b7 drivers/src/STM32F407xx_rcc_driver.o
 .group         0x0000000000000000        0xc drivers/src/STM32F407xx_spi_driver.o
 .group         0x0000000000000000        0xc drivers/src/STM32F407xx_spi_driver.o
 .group         0x0000000000000000        0xc drivers/src/STM32F407xx_spi_driver.o
 .group         0x0000000000000000        0xc drivers/src/STM32F407xx_spi_driver.o
 .group         0x0000000000000000        0xc drivers/src/STM32F407xx_spi_driver.o
 .group         0x0000000000000000        0xc drivers/src/STM32F407xx_spi_driver.o
 .group         0x0000000000000000        0xc drivers/src/STM32F407xx_spi_driver.o
 .group         0x0000000000000000        0xc drivers/src/STM32F407xx_spi_driver.o
 .group         0x0000000000000000        0xc drivers/src/STM32F407xx_spi_driver.o
 .group         0x0000000000000000        0xc drivers/src/STM32F407xx_spi_driver.o
 .text          0x0000000000000000        0x0 drivers/src/STM32F407xx_spi_driver.o
 .data          0x0000000000000000        0x0 drivers/src/STM32F407xx_spi_driver.o
 .bss           0x0000000000000000        0x0 drivers/src/STM32F407xx_spi_driver.o
 .text.SPI_PeriClockControl
                0x0000000000000000       0x70 drivers/src/STM32F407xx_spi_driver.o
 .text.SPI_Init
                0x0000000000000000       0xb6 drivers/src/STM32F407xx_spi_driver.o
 .text.SPI_DeInit
                0x0000000000000000       0x14 drivers/src/STM32F407xx_spi_driver.o
 .text.SPI_GetFlagStatus
                0x0000000000000000       0x28 drivers/src/STM32F407xx_spi_driver.o
 .text.SPI_SendData
                0x0000000000000000       0x6c drivers/src/STM32F407xx_spi_driver.o
 .text.SPI_ReceiveData
                0x0000000000000000       0x6c drivers/src/STM32F407xx_spi_driver.o
 .text.SPI_PeripheralControl
                0x0000000000000000       0x38 drivers/src/STM32F407xx_spi_driver.o
 .text.SPI_SSIConfig
                0x0000000000000000       0x38 drivers/src/STM32F407xx_spi_driver.o
 .text.SPI_SSOEConfig
                0x0000000000000000       0x38 drivers/src/STM32F407xx_spi_driver.o
 .text.SPI_IRQPriorityConfig
                0x0000000000000000       0x54 drivers/src/STM32F407xx_spi_driver.o
 .text.SPI_SendDataIT
                0x0000000000000000       0x48 drivers/src/STM32F407xx_spi_driver.o
 .text.SPI_ReceiveDataIT
                0x0000000000000000       0x48 drivers/src/STM32F407xx_spi_driver.o
 .text.SPI_IRQHandling
                0x0000000000000000       0x9a drivers/src/STM32F407xx_spi_driver.o
 .text.spi_txe_interrupt_handle
                0x0000000000000000       0x80 drivers/src/STM32F407xx_spi_driver.o
 .text.spi_rxne_interrupt_handle
                0x0000000000000000       0x84 drivers/src/STM32F407xx_spi_driver.o
 .text.spi_ovr_err_interrupt_handle
                0x0000000000000000       0x30 drivers/src/STM32F407xx_spi_driver.o
 .text.SPI_CloseTransmisson
                0x0000000000000000       0x36 drivers/src/STM32F407xx_spi_driver.o
 .text.SPI_CloseReception
                0x0000000000000000       0x36 drivers/src/STM32F407xx_spi_driver.o
 .text.SPI_ClearOVRFlag
                0x0000000000000000       0x20 drivers/src/STM32F407xx_spi_driver.o
 .text.SPI_IRQInterruptConfig
                0x0000000000000000      0x104 drivers/src/STM32F407xx_spi_driver.o
 .text.SPI_ApplicationEventCallback
                0x0000000000000000       0x18 drivers/src/STM32F407xx_spi_driver.o
 .debug_info    0x0000000000000000      0x884 drivers/src/STM32F407xx_spi_driver.o
 .debug_abbrev  0x0000000000000000      0x1dc drivers/src/STM32F407xx_spi_driver.o
 .debug_aranges
                0x0000000000000000       0xc0 drivers/src/STM32F407xx_spi_driver.o
 .debug_ranges  0x0000000000000000       0xb0 drivers/src/STM32F407xx_spi_driver.o
 .debug_macro   0x0000000000000000       0x8a drivers/src/STM32F407xx_spi_driver.o
 .debug_macro   0x0000000000000000      0xa66 drivers/src/STM32F407xx_spi_driver.o
 .debug_macro   0x0000000000000000       0x22 drivers/src/STM32F407xx_spi_driver.o
 .debug_macro   0x0000000000000000       0x8e drivers/src/STM32F407xx_spi_driver.o
 .debug_macro   0x0000000000000000       0x51 drivers/src/STM32F407xx_spi_driver.o
 .debug_macro   0x0000000000000000       0xef drivers/src/STM32F407xx_spi_driver.o
 .debug_macro   0x0000000000000000       0x6a drivers/src/STM32F407xx_spi_driver.o
 .debug_macro   0x0000000000000000      0x1df drivers/src/STM32F407xx_spi_driver.o
 .debug_macro   0x0000000000000000      0x174 drivers/src/STM32F407xx_spi_driver.o
 .debug_macro   0x0000000000000000      0x5b7 drivers/src/STM32F407xx_spi_driver.o
 .debug_macro   0x0000000000000000       0xd3 drivers/src/STM32F407xx_spi_driver.o
 .debug_line    0x0000000000000000      0x679 drivers/src/STM32F407xx_spi_driver.o
 .debug_str     0x0000000000000000     0x606a drivers/src/STM32F407xx_spi_driver.o
 .comment       0x0000000000000000       0x7c drivers/src/STM32F407xx_spi_driver.o
 .debug_frame   0x0000000000000000      0x33c drivers/src/STM32F407xx_spi_driver.o
 .ARM.attributes
                0x0000000000000000       0x39 drivers/src/STM32F407xx_spi_driver.o
 .text          0x0000000000000000        0x0 c:/st/stm32cubeide_1.3.0/stm32cubeide/plugins/com.st.stm32cube.ide.mcu.externaltools.gnu-tools-for-stm32.7-2018-q2-update.win32_1.0.0.201904181610/tools/bin/../lib/gcc/arm-none-eabi/7.3.1/../../../../arm-none-eabi/lib/thumb/v7e-m/fpv4-sp/hard\libc_nano.a(lib_a-errno.o)
 .data          0x0000000000000000        0x0 c:/st/stm32cubeide_1.3.0/stm32cubeide/plugins/com.st.stm32cube.ide.mcu.externaltools.gnu-tools-for-stm32.7-2018-q2-update.win32_1.0.0.201904181610/tools/bin/../lib/gcc/arm-none-eabi/7.3.1/../../../../arm-none-eabi/lib/thumb/v7e-m/fpv4-sp/hard\libc_nano.a(lib_a-errno.o)
 .bss           0x0000000000000000        0x0 c:/st/stm32cubeide_1.3.0/stm32cubeide/plugins/com.st.stm32cube.ide.mcu.externaltools.gnu-tools-for-stm32.7-2018-q2-update.win32_1.0.0.201904181610/tools/bin/../lib/gcc/arm-none-eabi/7.3.1/../../../../arm-none-eabi/lib/thumb/v7e-m/fpv4-sp/hard\libc_nano.a(lib_a-errno.o)
 .text.__errno  0x0000000000000000        0xc c:/st/stm32cubeide_1.3.0/stm32cubeide/plugins/com.st.stm32cube.ide.mcu.externaltools.gnu-tools-for-stm32.7-2018-q2-update.win32_1.0.0.201904181610/tools/bin/../lib/gcc/arm-none-eabi/7.3.1/../../../../arm-none-eabi/lib/thumb/v7e-m/fpv4-sp/hard\libc_nano.a(lib_a-errno.o)
 .debug_frame   0x0000000000000000       0x20 c:/st/stm32cubeide_1.3.0/stm32cubeide/plugins/com.st.stm32cube.ide.mcu.externaltools.gnu-tools-for-stm32.7-2018-q2-update.win32_1.0.0.201904181610/tools/bin/../lib/gcc/arm-none-eabi/7.3.1/../../../../arm-none-eabi/lib/thumb/v7e-m/fpv4-sp/hard\libc_nano.a(lib_a-errno.o)
 .ARM.attributes
                0x0000000000000000       0x34 c:/st/stm32cubeide_1.3.0/stm32cubeide/plugins/com.st.stm32cube.ide.mcu.externaltools.gnu-tools-for-stm32.7-2018-q2-update.win32_1.0.0.201904181610/tools/bin/../lib/gcc/arm-none-eabi/7.3.1/../../../../arm-none-eabi/lib/thumb/v7e-m/fpv4-sp/hard\libc_nano.a(lib_a-errno.o)
 .text          0x0000000000000000        0x0 c:/st/stm32cubeide_1.3.0/stm32cubeide/plugins/com.st.stm32cube.ide.mcu.externaltools.gnu-tools-for-stm32.7-2018-q2-update.win32_1.0.0.201904181610/tools/bin/../lib/gcc/arm-none-eabi/7.3.1/../../../../arm-none-eabi/lib/thumb/v7e-m/fpv4-sp/hard\libc_nano.a(lib_a-exit.o)
 .data          0x0000000000000000        0x0 c:/st/stm32cubeide_1.3.0/stm32cubeide/plugins/com.st.stm32cube.ide.mcu.externaltools.gnu-tools-for-stm32.7-2018-q2-update.win32_1.0.0.201904181610/tools/bin/../lib/gcc/arm-none-eabi/7.3.1/../../../../arm-none-eabi/lib/thumb/v7e-m/fpv4-sp/hard\libc_nano.a(lib_a-exit.o)
 .bss           0x0000000000000000        0x0 c:/st/stm32cubeide_1.3.0/stm32cubeide/plugins/com.st.stm32cube.ide.mcu.externaltools.gnu-tools-for-stm32.7-2018-q2-update.win32_1.0.0.201904181610/tools/bin/../lib/gcc/arm-none-eabi/7.3.1/../../../../arm-none-eabi/lib/thumb/v7e-m/fpv4-sp/hard\libc_nano.a(lib_a-exit.o)
 .text.exit     0x0000000000000000       0x28 c:/st/stm32cubeide_1.3.0/stm32cubeide/plugins/com.st.stm32cube.ide.mcu.externaltools.gnu-tools-for-stm32.7-2018-q2-update.win32_1.0.0.201904181610/tools/bin/../lib/gcc/arm-none-eabi/7.3.1/../../../../arm-none-eabi/lib/thumb/v7e-m/fpv4-sp/hard\libc_nano.a(lib_a-exit.o)
 .debug_frame   0x0000000000000000       0x28 c:/st/stm32cubeide_1.3.0/stm32cubeide/plugins/com.st.stm32cube.ide.mcu.externaltools.gnu-tools-for-stm32.7-2018-q2-update.win32_1.0.0.201904181610/tools/bin/../lib/gcc/arm-none-eabi/7.3.1/../../../../arm-none-eabi/lib/thumb/v7e-m/fpv4-sp/hard\libc_nano.a(lib_a-exit.o)
 .ARM.attributes
                0x0000000000000000       0x34 c:/st/stm32cubeide_1.3.0/stm32cubeide/plugins/com.st.stm32cube.ide.mcu.externaltools.gnu-tools-for-stm32.7-2018-q2-update.win32_1.0.0.201904181610/tools/bin/../lib/gcc/arm-none-eabi/7.3.1/../../../../arm-none-eabi/lib/thumb/v7e-m/fpv4-sp/hard\libc_nano.a(lib_a-exit.o)
 .text          0x0000000000000000        0x0 c:/st/stm32cubeide_1.3.0/stm32cubeide/plugins/com.st.stm32cube.ide.mcu.externaltools.gnu-tools-for-stm32.7-2018-q2-update.win32_1.0.0.201904181610/tools/bin/../lib/gcc/arm-none-eabi/7.3.1/../../../../arm-none-eabi/lib/thumb/v7e-m/fpv4-sp/hard\libc_nano.a(lib_a-impure.o)
 .data          0x0000000000000000        0x0 c:/st/stm32cubeide_1.3.0/stm32cubeide/plugins/com.st.stm32cube.ide.mcu.externaltools.gnu-tools-for-stm32.7-2018-q2-update.win32_1.0.0.201904181610/tools/bin/../lib/gcc/arm-none-eabi/7.3.1/../../../../arm-none-eabi/lib/thumb/v7e-m/fpv4-sp/hard\libc_nano.a(lib_a-impure.o)
 .bss           0x0000000000000000        0x0 c:/st/stm32cubeide_1.3.0/stm32cubeide/plugins/com.st.stm32cube.ide.mcu.externaltools.gnu-tools-for-stm32.7-2018-q2-update.win32_1.0.0.201904181610/tools/bin/../lib/gcc/arm-none-eabi/7.3.1/../../../../arm-none-eabi/lib/thumb/v7e-m/fpv4-sp/hard\libc_nano.a(lib_a-impure.o)
 .data._impure_ptr
                0x0000000000000000        0x4 c:/st/stm32cubeide_1.3.0/stm32cubeide/plugins/com.st.stm32cube.ide.mcu.externaltools.gnu-tools-for-stm32.7-2018-q2-update.win32_1.0.0.201904181610/tools/bin/../lib/gcc/arm-none-eabi/7.3.1/../../../../arm-none-eabi/lib/thumb/v7e-m/fpv4-sp/hard\libc_nano.a(lib_a-impure.o)
 .data.impure_data
                0x0000000000000000       0x60 c:/st/stm32cubeide_1.3.0/stm32cubeide/plugins/com.st.stm32cube.ide.mcu.externaltools.gnu-tools-for-stm32.7-2018-q2-update.win32_1.0.0.201904181610/tools/bin/../lib/gcc/arm-none-eabi/7.3.1/../../../../arm-none-eabi/lib/thumb/v7e-m/fpv4-sp/hard\libc_nano.a(lib_a-impure.o)
 .rodata._global_impure_ptr
                0x0000000000000000        0x4 c:/st/stm32cubeide_1.3.0/stm32cubeide/plugins/com.st.stm32cube.ide.mcu.externaltools.gnu-tools-for-stm32.7-2018-q2-update.win32_1.0.0.201904181610/tools/bin/../lib/gcc/arm-none-eabi/7.3.1/../../../../arm-none-eabi/lib/thumb/v7e-m/fpv4-sp/hard\libc_nano.a(lib_a-impure.o)
 .ARM.attributes
                0x0000000000000000       0x34 c:/st/stm32cubeide_1.3.0/stm32cubeide/plugins/com.st.stm32cube.ide.mcu.externaltools.gnu-tools-for-stm32.7-2018-q2-update.win32_1.0.0.201904181610/tools/bin/../lib/gcc/arm-none-eabi/7.3.1/../../../../arm-none-eabi/lib/thumb/v7e-m/fpv4-sp/hard\libc_nano.a(lib_a-impure.o)
 .text          0x0000000000000000        0x0 c:/st/stm32cubeide_1.3.0/stm32cubeide/plugins/com.st.stm32cube.ide.mcu.externaltools.gnu-tools-for-stm32.7-2018-q2-update.win32_1.0.0.201904181610/tools/bin/../lib/gcc/arm-none-eabi/7.3.1/../../../../arm-none-eabi/lib/thumb/v7e-m/fpv4-sp/hard\libc_nano.a(lib_a-init.o)
 .data          0x0000000000000000        0x0 c:/st/stm32cubeide_1.3.0/stm32cubeide/plugins/com.st.stm32cube.ide.mcu.externaltools.gnu-tools-for-stm32.7-2018-q2-update.win32_1.0.0.201904181610/tools/bin/../lib/gcc/arm-none-eabi/7.3.1/../../../../arm-none-eabi/lib/thumb/v7e-m/fpv4-sp/hard\libc_nano.a(lib_a-init.o)
 .bss           0x0000000000000000        0x0 c:/st/stm32cubeide_1.3.0/stm32cubeide/plugins/com.st.stm32cube.ide.mcu.externaltools.gnu-tools-for-stm32.7-2018-q2-update.win32_1.0.0.201904181610/tools/bin/../lib/gcc/arm-none-eabi/7.3.1/../../../../arm-none-eabi/lib/thumb/v7e-m/fpv4-sp/hard\libc_nano.a(lib_a-init.o)
 .text          0x0000000000000000        0x0 c:/st/stm32cubeide_1.3.0/stm32cubeide/plugins/com.st.stm32cube.ide.mcu.externaltools.gnu-tools-for-stm32.7-2018-q2-update.win32_1.0.0.201904181610/tools/bin/../lib/gcc/arm-none-eabi/7.3.1/../../../../arm-none-eabi/lib/thumb/v7e-m/fpv4-sp/hard\libc_nano.a(lib_a-memset.o)
 .data          0x0000000000000000        0x0 c:/st/stm32cubeide_1.3.0/stm32cubeide/plugins/com.st.stm32cube.ide.mcu.externaltools.gnu-tools-for-stm32.7-2018-q2-update.win32_1.0.0.201904181610/tools/bin/../lib/gcc/arm-none-eabi/7.3.1/../../../../arm-none-eabi/lib/thumb/v7e-m/fpv4-sp/hard\libc_nano.a(lib_a-memset.o)
 .bss           0x0000000000000000        0x0 c:/st/stm32cubeide_1.3.0/stm32cubeide/plugins/com.st.stm32cube.ide.mcu.externaltools.gnu-tools-for-stm32.7-2018-q2-update.win32_1.0.0.201904181610/tools/bin/../lib/gcc/arm-none-eabi/7.3.1/../../../../arm-none-eabi/lib/thumb/v7e-m/fpv4-sp/hard\libc_nano.a(lib_a-memset.o)
 .text.memset   0x0000000000000000       0x10 c:/st/stm32cubeide_1.3.0/stm32cubeide/plugins/com.st.stm32cube.ide.mcu.externaltools.gnu-tools-for-stm32.7-2018-q2-update.win32_1.0.0.201904181610/tools/bin/../lib/gcc/arm-none-eabi/7.3.1/../../../../arm-none-eabi/lib/thumb/v7e-m/fpv4-sp/hard\libc_nano.a(lib_a-memset.o)
 .debug_frame   0x0000000000000000       0x20 c:/st/stm32cubeide_1.3.0/stm32cubeide/plugins/com.st.stm32cube.ide.mcu.externaltools.gnu-tools-for-stm32.7-2018-q2-update.win32_1.0.0.201904181610/tools/bin/../lib/gcc/arm-none-eabi/7.3.1/../../../../arm-none-eabi/lib/thumb/v7e-m/fpv4-sp/hard\libc_nano.a(lib_a-memset.o)
 .ARM.attributes
                0x0000000000000000       0x34 c:/st/stm32cubeide_1.3.0/stm32cubeide/plugins/com.st.stm32cube.ide.mcu.externaltools.gnu-tools-for-stm32.7-2018-q2-update.win32_1.0.0.201904181610/tools/bin/../lib/gcc/arm-none-eabi/7.3.1/../../../../arm-none-eabi/lib/thumb/v7e-m/fpv4-sp/hard\libc_nano.a(lib_a-memset.o)
 .data          0x0000000000000000        0x0 c:/st/stm32cubeide_1.3.0/stm32cubeide/plugins/com.st.stm32cube.ide.mcu.externaltools.gnu-tools-for-stm32.7-2018-q2-update.win32_1.0.0.201904181610/tools/bin/../lib/gcc/arm-none-eabi/7.3.1/../../../../arm-none-eabi/lib/thumb/v7e-m/fpv4-sp/hard\libc_nano.a(lib_a-strlen.o)
 .bss           0x0000000000000000        0x0 c:/st/stm32cubeide_1.3.0/stm32cubeide/plugins/com.st.stm32cube.ide.mcu.externaltools.gnu-tools-for-stm32.7-2018-q2-update.win32_1.0.0.201904181610/tools/bin/../lib/gcc/arm-none-eabi/7.3.1/../../../../arm-none-eabi/lib/thumb/v7e-m/fpv4-sp/hard\libc_nano.a(lib_a-strlen.o)
 .text          0x0000000000000000        0x0 c:/st/stm32cubeide_1.3.0/stm32cubeide/plugins/com.st.stm32cube.ide.mcu.externaltools.gnu-tools-for-stm32.7-2018-q2-update.win32_1.0.0.201904181610/tools/bin/../lib/gcc/arm-none-eabi/7.3.1/thumb/v7e-m/fpv4-sp/hard/crtend.o
 .data          0x0000000000000000        0x0 c:/st/stm32cubeide_1.3.0/stm32cubeide/plugins/com.st.stm32cube.ide.mcu.externaltools.gnu-tools-for-stm32.7-2018-q2-update.win32_1.0.0.201904181610/tools/bin/../lib/gcc/arm-none-eabi/7.3.1/thumb/v7e-m/fpv4-sp/hard/crtend.o
 .bss           0x0000000000000000        0x0 c:/st/stm32cubeide_1.3.0/stm32cubeide/plugins/com.st.stm32cube.ide.mcu.externaltools.gnu-tools-for-stm32.7-2018-q2-update.win32_1.0.0.201904181610/tools/bin/../lib/gcc/arm-none-eabi/7.3.1/thumb/v7e-m/fpv4-sp/hard/crtend.o
 .eh_frame      0x0000000000000000        0x4 c:/st/stm32cubeide_1.3.0/stm32cubeide/plugins/com.st.stm32cube.ide.mcu.externaltools.gnu-tools-for-stm32.7-2018-q2-update.win32_1.0.0.201904181610/tools/bin/../lib/gcc/arm-none-eabi/7.3.1/thumb/v7e-m/fpv4-sp/hard/crtend.o
 .ARM.attributes
                0x0000000000000000       0x34 c:/st/stm32cubeide_1.3.0/stm32cubeide/plugins/com.st.stm32cube.ide.mcu.externaltools.gnu-tools-for-stm32.7-2018-q2-update.win32_1.0.0.201904181610/tools/bin/../lib/gcc/arm-none-eabi/7.3.1/thumb/v7e-m/fpv4-sp/hard/crtend.o
 .text          0x0000000000000000        0x0 c:/st/stm32cubeide_1.3.0/stm32cubeide/plugins/com.st.stm32cube.ide.mcu.externaltools.gnu-tools-for-stm32.7-2018-q2-update.win32_1.0.0.201904181610/tools/bin/../lib/gcc/arm-none-eabi/7.3.1/thumb/v7e-m/fpv4-sp/hard/crtn.o
 .data          0x0000000000000000        0x0 c:/st/stm32cubeide_1.3.0/stm32cubeide/plugins/com.st.stm32cube.ide.mcu.externaltools.gnu-tools-for-stm32.7-2018-q2-update.win32_1.0.0.201904181610/tools/bin/../lib/gcc/arm-none-eabi/7.3.1/thumb/v7e-m/fpv4-sp/hard/crtn.o
 .bss           0x0000000000000000        0x0 c:/st/stm32cubeide_1.3.0/stm32cubeide/plugins/com.st.stm32cube.ide.mcu.externaltools.gnu-tools-for-stm32.7-2018-q2-update.win32_1.0.0.201904181610/tools/bin/../lib/gcc/arm-none-eabi/7.3.1/thumb/v7e-m/fpv4-sp/hard/crtn.o

Memory Configuration

Name             Origin             Length             Attributes
RAM              0x0000000020000000 0x0000000000020000 xrw
ROM              0x0000000008000000 0x0000000000100000 xr
*default*        0x0000000000000000 0xffffffffffffffff

Linker script and memory map

LOAD c:/st/stm32cubeide_1.3.0/stm32cubeide/plugins/com.st.stm32cube.ide.mcu.externaltools.gnu-tools-for-stm32.7-2018-q2-update.win32_1.0.0.201904181610/tools/bin/../lib/gcc/arm-none-eabi/7.3.1/thumb/v7e-m/fpv4-sp/hard/crti.o
LOAD c:/st/stm32cubeide_1.3.0/stm32cubeide/plugins/com.st.stm32cube.ide.mcu.externaltools.gnu-tools-for-stm32.7-2018-q2-update.win32_1.0.0.201904181610/tools/bin/../lib/gcc/arm-none-eabi/7.3.1/thumb/v7e-m/fpv4-sp/hard/crtbegin.o
LOAD c:/st/stm32cubeide_1.3.0/stm32cubeide/plugins/com.st.stm32cube.ide.mcu.externaltools.gnu-tools-for-stm32.7-2018-q2-update.win32_1.0.0.201904181610/tools/bin/../lib/gcc/arm-none-eabi/7.3.1/../../../../arm-none-eabi/lib/thumb/v7e-m/fpv4-sp/hard/crt0.o
LOAD Src/010i2c_master_tx_testing.o
LOAD Src/syscalls.o
LOAD Src/sysmem.o
LOAD Startup/startup_stm32f407vgtx.o
LOAD drivers/src/STM32F407xx_gpio_driver.o
LOAD drivers/src/STM32F407xx_i2c_driver.o
LOAD drivers/src/STM32F407xx_rcc_driver.o
LOAD drivers/src/STM32F407xx_spi_driver.o
START GROUP
LOAD c:/st/stm32cubeide_1.3.0/stm32cubeide/plugins/com.st.stm32cube.ide.mcu.externaltools.gnu-tools-for-stm32.7-2018-q2-update.win32_1.0.0.201904181610/tools/bin/../lib/gcc/arm-none-eabi/7.3.1/../../../../arm-none-eabi/lib/thumb/v7e-m/fpv4-sp/hard\libc_nano.a
LOAD c:/st/stm32cubeide_1.3.0/stm32cubeide/plugins/com.st.stm32cube.ide.mcu.externaltools.gnu-tools-for-stm32.7-2018-q2-update.win32_1.0.0.201904181610/tools/bin/../lib/gcc/arm-none-eabi/7.3.1/../../../../arm-none-eabi/lib/thumb/v7e-m/fpv4-sp/hard\libm.a
END GROUP
START GROUP
LOAD c:/st/stm32cubeide_1.3.0/stm32cubeide/plugins/com.st.stm32cube.ide.mcu.externaltools.gnu-tools-for-stm32.7-2018-q2-update.win32_1.0.0.201904181610/tools/bin/../lib/gcc/arm-none-eabi/7.3.1/thumb/v7e-m/fpv4-sp/hard\libgcc.a
LOAD c:/st/stm32cubeide_1.3.0/stm32cubeide/plugins/com.st.stm32cube.ide.mcu.externaltools.gnu-tools-for-stm32.7-2018-q2-update.win32_1.0.0.201904181610/tools/bin/../lib/gcc/arm-none-eabi/7.3.1/../../../../arm-none-eabi/lib/thumb/v7e-m/fpv4-sp/hard\libc_nano.a
END GROUP
START GROUP
LOAD c:/st/stm32cubeide_1.3.0/stm32cubeide/plugins/com.st.stm32cube.ide.mcu.externaltools.gnu-tools-for-stm32.7-2018-q2-update.win32_1.0.0.201904181610/tools/bin/../lib/gcc/arm-none-eabi/7.3.1/thumb/v7e-m/fpv4-sp/hard\libgcc.a
LOAD c:/st/stm32cubeide_1.3.0/stm32cubeide/plugins/com.st.stm32cube.ide.mcu.externaltools.gnu-tools-for-stm32.7-2018-q2-update.win32_1.0.0.201904181610/tools/bin/../lib/gcc/arm-none-eabi/7.3.1/../../../../arm-none-eabi/lib/thumb/v7e-m/fpv4-sp/hard\libc_nano.a
LOAD c:/st/stm32cubeide_1.3.0/stm32cubeide/plugins/com.st.stm32cube.ide.mcu.externaltools.gnu-tools-for-stm32.7-2018-q2-update.win32_1.0.0.201904181610/tools/bin/../lib/gcc/arm-none-eabi/7.3.1/../../../../arm-none-eabi/lib/thumb/v7e-m/fpv4-sp/hard\libnosys.a
END GROUP
START GROUP
LOAD c:/st/stm32cubeide_1.3.0/stm32cubeide/plugins/com.st.stm32cube.ide.mcu.externaltools.gnu-tools-for-stm32.7-2018-q2-update.win32_1.0.0.201904181610/tools/bin/../lib/gcc/arm-none-eabi/7.3.1/thumb/v7e-m/fpv4-sp/hard\libgcc.a
LOAD c:/st/stm32cubeide_1.3.0/stm32cubeide/plugins/com.st.stm32cube.ide.mcu.externaltools.gnu-tools-for-stm32.7-2018-q2-update.win32_1.0.0.201904181610/tools/bin/../lib/gcc/arm-none-eabi/7.3.1/../../../../arm-none-eabi/lib/thumb/v7e-m/fpv4-sp/hard\libc_nano.a
LOAD c:/st/stm32cubeide_1.3.0/stm32cubeide/plugins/com.st.stm32cube.ide.mcu.externaltools.gnu-tools-for-stm32.7-2018-q2-update.win32_1.0.0.201904181610/tools/bin/../lib/gcc/arm-none-eabi/7.3.1/../../../../arm-none-eabi/lib/thumb/v7e-m/fpv4-sp/hard\libnosys.a
END GROUP
LOAD c:/st/stm32cubeide_1.3.0/stm32cubeide/plugins/com.st.stm32cube.ide.mcu.externaltools.gnu-tools-for-stm32.7-2018-q2-update.win32_1.0.0.201904181610/tools/bin/../lib/gcc/arm-none-eabi/7.3.1/thumb/v7e-m/fpv4-sp/hard/crtend.o
LOAD c:/st/stm32cubeide_1.3.0/stm32cubeide/plugins/com.st.stm32cube.ide.mcu.externaltools.gnu-tools-for-stm32.7-2018-q2-update.win32_1.0.0.201904181610/tools/bin/../lib/gcc/arm-none-eabi/7.3.1/thumb/v7e-m/fpv4-sp/hard/crtn.o
                0x0000000020020000                _estack = (ORIGIN (RAM) + LENGTH (RAM))
                0x0000000000000200                _Min_Heap_Size = 0x200
                0x0000000000000400                _Min_Stack_Size = 0x400

.isr_vector     0x0000000008000000      0x1a8
                0x0000000008000000                . = ALIGN (0x4)
 *(.isr_vector)
 .isr_vector    0x0000000008000000      0x1a8 Startup/startup_stm32f407vgtx.o
                0x0000000008000000                g_pfnVectors
                0x00000000080001a8                . = ALIGN (0x4)

.text           0x00000000080001a8      0xb10
                0x00000000080001a8                . = ALIGN (0x4)
 *(.text)
 .text          0x00000000080001a8       0x40 c:/st/stm32cubeide_1.3.0/stm32cubeide/plugins/com.st.stm32cube.ide.mcu.externaltools.gnu-tools-for-stm32.7-2018-q2-update.win32_1.0.0.201904181610/tools/bin/../lib/gcc/arm-none-eabi/7.3.1/thumb/v7e-m/fpv4-sp/hard/crtbegin.o
 .text          0x00000000080001e8       0x10 c:/st/stm32cubeide_1.3.0/stm32cubeide/plugins/com.st.stm32cube.ide.mcu.externaltools.gnu-tools-for-stm32.7-2018-q2-update.win32_1.0.0.201904181610/tools/bin/../lib/gcc/arm-none-eabi/7.3.1/../../../../arm-none-eabi/lib/thumb/v7e-m/fpv4-sp/hard\libc_nano.a(lib_a-strlen.o)
                0x00000000080001e8                strlen
 *(.text*)
 .text.delay    0x00000000080001f8       0x2c Src/010i2c_master_tx_testing.o
                0x00000000080001f8                delay
 .text.I2C1_GPIOInits
                0x0000000008000224       0x44 Src/010i2c_master_tx_testing.o
                0x0000000008000224                I2C1_GPIOInits
 .text.I2C1_Inits
                0x0000000008000268       0x38 Src/010i2c_master_tx_testing.o
                0x0000000008000268                I2C1_Inits
 .text.GPIO_ButtonInit
                0x00000000080002a0       0x38 Src/010i2c_master_tx_testing.o
                0x00000000080002a0                GPIO_ButtonInit
 .text.main     0x00000000080002d8       0x58 Src/010i2c_master_tx_testing.o
                0x00000000080002d8                main
 .text.Reset_Handler
                0x0000000008000330       0x50 Startup/startup_stm32f407vgtx.o
                0x0000000008000330                Reset_Handler
 .text.Default_Handler
                0x0000000008000380        0x2 Startup/startup_stm32f407vgtx.o
                0x0000000008000380                RTC_Alarm_IRQHandler
                0x0000000008000380                HASH_RNG_IRQHandler
                0x0000000008000380                EXTI2_IRQHandler
                0x0000000008000380                TIM8_CC_IRQHandler
                0x0000000008000380                DebugMon_Handler
                0x0000000008000380                TIM1_CC_IRQHandler
                0x0000000008000380                DMA2_Stream5_IRQHandler
                0x0000000008000380                HardFault_Handler
                0x0000000008000380                DMA1_Stream5_IRQHandler
                0x0000000008000380                SysTick_Handler
                0x0000000008000380                PVD_IRQHandler
                0x0000000008000380                SDIO_IRQHandler
                0x0000000008000380                TAMP_STAMP_IRQHandler
                0x0000000008000380                PendSV_Handler
                0x0000000008000380                NMI_Handler
                0x0000000008000380                CAN2_RX1_IRQHandler
                0x0000000008000380                EXTI3_IRQHandler
                0x0000000008000380                TIM8_TRG_COM_TIM14_IRQHandler
                0x0000000008000380                TIM1_UP_TIM10_IRQHandler
                0x0000000008000380                TIM8_UP_TIM13_IRQHandler
                0x0000000008000380                I2C3_ER_IRQHandler
                0x0000000008000380                LCD_TFT_IRQHandler
                0x0000000008000380                EXTI0_IRQHandler
                0x0000000008000380                I2C2_EV_IRQHandler
                0x0000000008000380                DMA1_Stream2_IRQHandler
                0x0000000008000380                CAN1_RX0_IRQHandler
                0x0000000008000380                FPU_IRQHandler
                0x0000000008000380                OTG_HS_WKUP_IRQHandler
                0x0000000008000380                UsageFault_Handler
                0x0000000008000380                CAN2_SCE_IRQHandler
                0x0000000008000380                DMA2_Stream2_IRQHandler
                0x0000000008000380                SPI1_IRQHandler
                0x0000000008000380                TIM6_DAC_IRQHandler
                0x0000000008000380                TIM1_BRK_TIM9_IRQHandler
                0x0000000008000380                DCMI_IRQHandler
                0x0000000008000380                CAN2_RX0_IRQHandler
                0x0000000008000380                DMA2_Stream3_IRQHandler
                0x0000000008000380                USART6_IRQHandler
                0x0000000008000380                USART3_IRQHandler
                0x0000000008000380                CRYP_IRQHandler
                0x0000000008000380                CAN1_RX1_IRQHandler
                0x0000000008000380                UART5_IRQHandler
                0x0000000008000380                DMA2_Stream0_IRQHandler
                0x0000000008000380                TIM4_IRQHandler
                0x0000000008000380                I2C1_EV_IRQHandler
                0x0000000008000380                DMA1_Stream6_IRQHandler
                0x0000000008000380                DMA1_Stream1_IRQHandler
                0x0000000008000380                UART4_IRQHandler
                0x0000000008000380                LCD_TFT_1_IRQHandler
                0x0000000008000380                TIM3_IRQHandler
                0x0000000008000380                RCC_IRQHandler
                0x0000000008000380                TIM8_BRK_TIM12_IRQHandler
                0x0000000008000380                Default_Handler
                0x0000000008000380                EXTI15_10_IRQHandler
                0x0000000008000380                ADC_IRQHandler
                0x0000000008000380                DMA1_Stream7_IRQHandler
                0x0000000008000380                TIM7_IRQHandler
                0x0000000008000380                CAN2_TX_IRQHandler
                0x0000000008000380                TIM5_IRQHandler
                0x0000000008000380                DMA2_Stream7_IRQHandler
                0x0000000008000380                I2C3_EV_IRQHandler
                0x0000000008000380                EXTI9_5_IRQHandler
                0x0000000008000380                RTC_WKUP_IRQHandler
                0x0000000008000380                ETH_WKUP_IRQHandler
                0x0000000008000380                SPI2_IRQHandler
                0x0000000008000380                OTG_HS_EP1_IN_IRQHandler
                0x0000000008000380                MemManage_Handler
                0x0000000008000380                DMA1_Stream0_IRQHandler
                0x0000000008000380                CAN1_TX_IRQHandler
                0x0000000008000380                SVC_Handler
                0x0000000008000380                EXTI4_IRQHandler
                0x0000000008000380                FSMC_IRQHandler
                0x0000000008000380                ETH_IRQHandler
                0x0000000008000380                OTG_HS_EP1_OUT_IRQHandler
                0x0000000008000380                WWDG_IRQHandler
                0x0000000008000380                TIM2_IRQHandler
                0x0000000008000380                OTG_FS_WKUP_IRQHandler
                0x0000000008000380                TIM1_TRG_COM_TIM11_IRQHandler
                0x0000000008000380                OTG_HS_IRQHandler
                0x0000000008000380                EXTI1_IRQHandler
                0x0000000008000380                USART2_IRQHandler
                0x0000000008000380                I2C2_ER_IRQHandler
                0x0000000008000380                DMA2_Stream1_IRQHandler
                0x0000000008000380                CAN1_SCE_IRQHandler
                0x0000000008000380                DMA2_Stream4_IRQHandler
                0x0000000008000380                BusFault_Handler
                0x0000000008000380                USART1_IRQHandler
                0x0000000008000380                OTG_FS_IRQHandler
                0x0000000008000380                SPI3_IRQHandler
                0x0000000008000380                DMA1_Stream4_IRQHandler
                0x0000000008000380                I2C1_ER_IRQHandler
                0x0000000008000380                DMA2_Stream6_IRQHandler
                0x0000000008000380                DMA1_Stream3_IRQHandler
 *fill*         0x0000000008000382        0x2 
 .text.GPIO_PeriClockControl
                0x0000000008000384       0xf0 drivers/src/STM32F407xx_gpio_driver.o
                0x0000000008000384                GPIO_PeriClockControl
 .text.GPIO_Init
                0x0000000008000474      0x2e8 drivers/src/STM32F407xx_gpio_driver.o
                0x0000000008000474                GPIO_Init
 .text.GPIO_ReadFromInputPin
                0x000000000800075c       0x2c drivers/src/STM32F407xx_gpio_driver.o
                0x000000000800075c                GPIO_ReadFromInputPin
 .text.I2C_GenerateStartCondition
                0x0000000008000788       0x20 drivers/src/STM32F407xx_i2c_driver.o
 .text.I2C_ExecuteAddressPhaseWrite
                0x00000000080007a8       0x2c drivers/src/STM32F407xx_i2c_driver.o
 .text.I2C_ClearADDRFlag
                0x00000000080007d4       0x6e drivers/src/STM32F407xx_i2c_driver.o
 .text.I2C_GenerateStopCondition
                0x0000000008000842       0x20 drivers/src/STM32F407xx_i2c_driver.o
                0x0000000008000842                I2C_GenerateStopCondition
 .text.I2C_PeripheralControl
                0x0000000008000862       0x38 drivers/src/STM32F407xx_i2c_driver.o
                0x0000000008000862                I2C_PeripheralControl
 *fill*         0x000000000800089a        0x2 
 .text.I2C_PeriClockControl
                0x000000000800089c       0x70 drivers/src/STM32F407xx_i2c_driver.o
                0x000000000800089c                I2C_PeriClockControl
 .text.I2C_Init
                0x000000000800090c      0x164 drivers/src/STM32F407xx_i2c_driver.o
                0x000000000800090c                I2C_Init
 .text.I2C_GetFlagStatus
                0x0000000008000a70       0x28 drivers/src/STM32F407xx_i2c_driver.o
                0x0000000008000a70                I2C_GetFlagStatus
 .text.I2C_MasterSendData
                0x0000000008000a98       0xc6 drivers/src/STM32F407xx_i2c_driver.o
                0x0000000008000a98                I2C_MasterSendData
 .text.I2C_ManageAcking
                0x0000000008000b5e       0x38 drivers/src/STM32F407xx_i2c_driver.o
                0x0000000008000b5e                I2C_ManageAcking
 *fill*         0x0000000008000b96        0x2 
 .text.RCC_GetPCLK1Value
                0x0000000008000b98       0xb0 drivers/src/STM32F407xx_rcc_driver.o
                0x0000000008000b98                RCC_GetPCLK1Value
 .text.RCC_GetPLLOutputClock
                0x0000000008000c48       0x10 drivers/src/STM32F407xx_rcc_driver.o
                0x0000000008000c48                RCC_GetPLLOutputClock
 .text.__libc_init_array
                0x0000000008000c58       0x48 c:/st/stm32cubeide_1.3.0/stm32cubeide/plugins/com.st.stm32cube.ide.mcu.externaltools.gnu-tools-for-stm32.7-2018-q2-update.win32_1.0.0.201904181610/tools/bin/../lib/gcc/arm-none-eabi/7.3.1/../../../../arm-none-eabi/lib/thumb/v7e-m/fpv4-sp/hard\libc_nano.a(lib_a-init.o)
                0x0000000008000c58                __libc_init_array
 *(.glue_7)
 .glue_7        0x0000000008000ca0        0x0 linker stubs
 *(.glue_7t)
 .glue_7t       0x0000000008000ca0        0x0 linker stubs
 *(.eh_frame)
 .eh_frame      0x0000000008000ca0        0x0 c:/st/stm32cubeide_1.3.0/stm32cubeide/plugins/com.st.stm32cube.ide.mcu.externaltools.gnu-tools-for-stm32.7-2018-q2-update.win32_1.0.0.201904181610/tools/bin/../lib/gcc/arm-none-eabi/7.3.1/thumb/v7e-m/fpv4-sp/hard/crtbegin.o
 *(.init)
 .init          0x0000000008000ca0        0x4 c:/st/stm32cubeide_1.3.0/stm32cubeide/plugins/com.st.stm32cube.ide.mcu.externaltools.gnu-tools-for-stm32.7-2018-q2-update.win32_1.0.0.201904181610/tools/bin/../lib/gcc/arm-none-eabi/7.3.1/thumb/v7e-m/fpv4-sp/hard/crti.o
                0x0000000008000ca0                _init
 .init          0x0000000008000ca4        0x8 c:/st/stm32cubeide_1.3.0/stm32cubeide/plugins/com.st.stm32cube.ide.mcu.externaltools.gnu-tools-for-stm32.7-2018-q2-update.win32_1.0.0.201904181610/tools/bin/../lib/gcc/arm-none-eabi/7.3.1/thumb/v7e-m/fpv4-sp/hard/crtn.o
 *(.fini)
 .fini          0x0000000008000cac        0x4 c:/st/stm32cubeide_1.3.0/stm32cubeide/plugins/com.st.stm32cube.ide.mcu.externaltools.gnu-tools-for-stm32.7-2018-q2-update.win32_1.0.0.201904181610/tools/bin/../lib/gcc/arm-none-eabi/7.3.1/thumb/v7e-m/fpv4-sp/hard/crti.o
                0x0000000008000cac                _fini
 .fini          0x0000000008000cb0        0x8 c:/st/stm32cubeide_1.3.0/stm32cubeide/plugins/com.st.stm32cube.ide.mcu.externaltools.gnu-tools-for-stm32.7-2018-q2-update.win32_1.0.0.201904181610/tools/bin/../lib/gcc/arm-none-eabi/7.3.1/thumb/v7e-m/fpv4-sp/hard/crtn.o
                0x0000000008000cb8                . = ALIGN (0x4)
                0x0000000008000cb8                _etext = .

.vfp11_veneer   0x0000000008000cb8        0x0
 .vfp11_veneer  0x0000000008000cb8        0x0 linker stubs

.v4_bx          0x0000000008000cb8        0x0
 .v4_bx         0x0000000008000cb8        0x0 linker stubs

.iplt           0x0000000008000cb8        0x0
 .iplt          0x0000000008000cb8        0x0 c:/st/stm32cubeide_1.3.0/stm32cubeide/plugins/com.st.stm32cube.ide.mcu.externaltools.gnu-tools-for-stm32.7-2018-q2-update.win32_1.0.0.201904181610/tools/bin/../lib/gcc/arm-none-eabi/7.3.1/thumb/v7e-m/fpv4-sp/hard/crtbegin.o

.rel.dyn        0x0000000008000cb8        0x0
 .rel.iplt      0x0000000008000cb8        0x0 c:/st/stm32cubeide_1.3.0/stm32cubeide/plugins/com.st.stm32cube.ide.mcu.externaltools.gnu-tools-for-stm32.7-2018-q2-update.win32_1.0.0.201904181610/tools/bin/../lib/gcc/arm-none-eabi/7.3.1/thumb/v7e-m/fpv4-sp/hard/crtbegin.o

.rodata         0x0000000008000cb8        0x0
                0x0000000008000cb8                . = ALIGN (0x4)
 *(.rodata)
 *(.rodata*)
                0x0000000008000cb8                . = ALIGN (0x4)

.ARM.extab      0x0000000008000cb8        0x0
                0x0000000008000cb8                . = ALIGN (0x4)
 *(.ARM.extab* .gnu.linkonce.armextab.*)
                0x0000000008000cb8                . = ALIGN (0x4)

.ARM            0x0000000008000cb8        0x0
                0x0000000008000cb8                . = ALIGN (0x4)
                0x0000000008000cb8                __exidx_start = .
 *(.ARM.exidx*)
                0x0000000008000cb8                __exidx_end = .
                0x0000000008000cb8                . = ALIGN (0x4)

.preinit_array  0x0000000008000cb8        0x0
                0x0000000008000cb8                . = ALIGN (0x4)
                0x0000000008000cb8                PROVIDE (__preinit_array_start = .)
 *(.preinit_array*)
                0x0000000008000cb8                PROVIDE (__preinit_array_end = .)
                0x0000000008000cb8                . = ALIGN (0x4)

.init_array     0x0000000008000cb8        0x4
                0x0000000008000cb8                . = ALIGN (0x4)
                0x0000000008000cb8                PROVIDE (__init_array_start = .)
 *(SORT_BY_NAME(.init_array.*))
 *(.init_array*)
 .init_array    0x0000000008000cb8        0x4 c:/st/stm32cubeide_1.3.0/stm32cubeide/plugins/com.st.stm32cube.ide.mcu.externaltools.gnu-tools-for-stm32.7-2018-q2-update.win32_1.0.0.201904181610/tools/bin/../lib/gcc/arm-none-eabi/7.3.1/thumb/v7e-m/fpv4-sp/hard/crtbegin.o
                0x0000000008000cbc                PROVIDE (__init_array_end = .)
                0x0000000008000cbc                . = ALIGN (0x4)

.fini_array     0x0000000008000cbc        0x4
                0x0000000008000cbc                . = ALIGN (0x4)
                [!provide]                        PROVIDE (__fini_array_start = .)
 *(SORT_BY_NAME(.fini_array.*))
 *(.fini_array*)
 .fini_array    0x0000000008000cbc        0x4 c:/st/stm32cubeide_1.3.0/stm32cubeide/plugins/com.st.stm32cube.ide.mcu.externaltools.gnu-tools-for-stm32.7-2018-q2-update.win32_1.0.0.201904181610/tools/bin/../lib/gcc/arm-none-eabi/7.3.1/thumb/v7e-m/fpv4-sp/hard/crtbegin.o
                [!provide]                        PROVIDE (__fini_array_end = .)
                0x0000000008000cc0                . = ALIGN (0x4)
                0x0000000008000cc0                _sidata = LOADADDR (.data)

.data           0x0000000020000000       0x34 load address 0x0000000008000cc0
                0x0000000020000000                . = ALIGN (0x4)
                0x0000000020000000                _sdata = .
 *(.data)
 *(.data*)
 .data.some_data
                0x0000000020000000       0x1e Src/010i2c_master_tx_testing.o
                0x0000000020000000                some_data
 *fill*         0x000000002000001e        0x2 
 .data.AHB_PreScaler
                0x0000000020000020       0x10 drivers/src/STM32F407xx_rcc_driver.o
                0x0000000020000020                AHB_PreScaler
 .data.APB1_PreScaler
                0x0000000020000030        0x4 drivers/src/STM32F407xx_rcc_driver.o
                0x0000000020000030                APB1_PreScaler
                0x0000000020000034                . = ALIGN (0x4)
                0x0000000020000034                _edata = .

.igot.plt       0x0000000020000034        0x0 load address 0x0000000008000cf4
 .igot.plt      0x0000000020000034        0x0 c:/st/stm32cubeide_1.3.0/stm32cubeide/plugins/com.st.stm32cube.ide.mcu.externaltools.gnu-tools-for-stm32.7-2018-q2-update.win32_1.0.0.201904181610/tools/bin/../lib/gcc/arm-none-eabi/7.3.1/thumb/v7e-m/fpv4-sp/hard/crtbegin.o
                0x0000000020000034                . = ALIGN (0x4)

.bss            0x0000000020000034       0x44 load address 0x0000000008000cf4
                0x0000000020000034                _sbss = .
                0x0000000020000034                __bss_start__ = _sbss
 *(.bss)
 .bss           0x0000000020000034       0x1c c:/st/stm32cubeide_1.3.0/stm32cubeide/plugins/com.st.stm32cube.ide.mcu.externaltools.gnu-tools-for-stm32.7-2018-q2-update.win32_1.0.0.201904181610/tools/bin/../lib/gcc/arm-none-eabi/7.3.1/thumb/v7e-m/fpv4-sp/hard/crtbegin.o
 *(.bss*)
 *(COMMON)
 COMMON         0x0000000020000050       0x28 Src/010i2c_master_tx_testing.o
                0x0000000020000050                I2C1Handle
                0x0000000020000078                . = ALIGN (0x4)
                0x0000000020000078                _ebss = .
                0x0000000020000078                __bss_end__ = _ebss

._user_heap_stack
                0x0000000020000078      0x600 load address 0x0000000008000cf4
                0x0000000020000078                . = ALIGN (0x8)
                0x0000000020000078                PROVIDE (end = .)
                [!provide]                        PROVIDE (_end = .)
                0x0000000020000278                . = (. + _Min_Heap_Size)
 *fill*         0x0000000020000078      0x200 
                0x0000000020000678                . = (. + _Min_Stack_Size)
 *fill*         0x0000000020000278      0x400 
                0x0000000020000678                . = ALIGN (0x8)

/DISCARD/
 libc.a(*)
 libm.a(*)
 libgcc.a(*)

.ARM.attributes
                0x0000000000000000       0x30
 *(.ARM.attributes)
 .ARM.attributes
                0x0000000000000000       0x22 c:/st/stm32cubeide_1.3.0/stm32cubeide/plugins/com.st.stm32cube.ide.mcu.externaltools.gnu-tools-for-stm32.7-2018-q2-update.win32_1.0.0.201904181610/tools/bin/../lib/gcc/arm-none-eabi/7.3.1/thumb/v7e-m/fpv4-sp/hard/crti.o
 .ARM.attributes
                0x0000000000000022       0x34 c:/st/stm32cubeide_1.3.0/stm32cubeide/plugins/com.st.stm32cube.ide.mcu.externaltools.gnu-tools-for-stm32.7-2018-q2-update.win32_1.0.0.201904181610/tools/bin/../lib/gcc/arm-none-eabi/7.3.1/thumb/v7e-m/fpv4-sp/hard/crtbegin.o
 .ARM.attributes
                0x0000000000000056       0x39 Src/010i2c_master_tx_testing.o
 .ARM.attributes
                0x000000000000008f       0x21 Startup/startup_stm32f407vgtx.o
 .ARM.attributes
                0x00000000000000b0       0x39 drivers/src/STM32F407xx_gpio_driver.o
 .ARM.attributes
                0x00000000000000e9       0x39 drivers/src/STM32F407xx_i2c_driver.o
 .ARM.attributes
                0x0000000000000122       0x39 drivers/src/STM32F407xx_rcc_driver.o
 .ARM.attributes
                0x000000000000015b       0x34 c:/st/stm32cubeide_1.3.0/stm32cubeide/plugins/com.st.stm32cube.ide.mcu.externaltools.gnu-tools-for-stm32.7-2018-q2-update.win32_1.0.0.201904181610/tools/bin/../lib/gcc/arm-none-eabi/7.3.1/../../../../arm-none-eabi/lib/thumb/v7e-m/fpv4-sp/hard\libc_nano.a(lib_a-init.o)
 .ARM.attributes
                0x000000000000018f       0x1b c:/st/stm32cubeide_1.3.0/stm32cubeide/plugins/com.st.stm32cube.ide.mcu.externaltools.gnu-tools-for-stm32.7-2018-q2-update.win32_1.0.0.201904181610/tools/bin/../lib/gcc/arm-none-eabi/7.3.1/../../../../arm-none-eabi/lib/thumb/v7e-m/fpv4-sp/hard\libc_nano.a(lib_a-strlen.o)
 .ARM.attributes
                0x00000000000001aa       0x22 c:/st/stm32cubeide_1.3.0/stm32cubeide/plugins/com.st.stm32cube.ide.mcu.externaltools.gnu-tools-for-stm32.7-2018-q2-update.win32_1.0.0.201904181610/tools/bin/../lib/gcc/arm-none-eabi/7.3.1/thumb/v7e-m/fpv4-sp/hard/crtn.o
OUTPUT(stm32f4xx_drivers.elf elf32-littlearm)

.debug_info     0x0000000000000000     0x2142
 .debug_info    0x0000000000000000      0xc17 Src/010i2c_master_tx_testing.o
 .debug_info    0x0000000000000c17       0x22 Startup/startup_stm32f407vgtx.o
 .debug_info    0x0000000000000c39      0x746 drivers/src/STM32F407xx_gpio_driver.o
 .debug_info    0x000000000000137f      0xa1b drivers/src/STM32F407xx_i2c_driver.o
 .debug_info    0x0000000000001d9a      0x3a8 drivers/src/STM32F407xx_rcc_driver.o

.debug_abbrev   0x0000000000000000      0x6d3
 .debug_abbrev  0x0000000000000000      0x1fb Src/010i2c_master_tx_testing.o
 .debug_abbrev  0x00000000000001fb       0x12 Startup/startup_stm32f407vgtx.o
 .debug_abbrev  0x000000000000020d      0x191 drivers/src/STM32F407xx_gpio_driver.o
 .debug_abbrev  0x000000000000039e      0x238 drivers/src/STM32F407xx_i2c_driver.o
 .debug_abbrev  0x00000000000005d6       0xfd drivers/src/STM32F407xx_rcc_driver.o

.debug_aranges  0x0000000000000000      0x1f0
 .debug_aranges
                0x0000000000000000       0x40 Src/010i2c_master_tx_testing.o
 .debug_aranges
                0x0000000000000040       0x28 Startup/startup_stm32f407vgtx.o
 .debug_aranges
                0x0000000000000068       0x70 drivers/src/STM32F407xx_gpio_driver.o
 .debug_aranges
                0x00000000000000d8       0xe8 drivers/src/STM32F407xx_i2c_driver.o
 .debug_aranges
                0x00000000000001c0       0x30 drivers/src/STM32F407xx_rcc_driver.o

.debug_ranges   0x0000000000000000      0x1a8
 .debug_ranges  0x0000000000000000       0x30 Src/010i2c_master_tx_testing.o
 .debug_ranges  0x0000000000000030       0x20 Startup/startup_stm32f407vgtx.o
 .debug_ranges  0x0000000000000050       0x60 drivers/src/STM32F407xx_gpio_driver.o
 .debug_ranges  0x00000000000000b0       0xd8 drivers/src/STM32F407xx_i2c_driver.o
 .debug_ranges  0x0000000000000188       0x20 drivers/src/STM32F407xx_rcc_driver.o

.debug_macro    0x0000000000000000     0x278e
 .debug_macro   0x0000000000000000      0x21f Src/010i2c_master_tx_testing.o
 .debug_macro   0x000000000000021f      0xa66 Src/010i2c_master_tx_testing.o
 .debug_macro   0x0000000000000c85       0x22 Src/010i2c_master_tx_testing.o
 .debug_macro   0x0000000000000ca7       0x40 Src/010i2c_master_tx_testing.o
 .debug_macro   0x0000000000000ce7       0x18 Src/010i2c_master_tx_testing.o
 .debug_macro   0x0000000000000cff       0x94 Src/010i2c_master_tx_testing.o
 .debug_macro   0x0000000000000d93       0x3c Src/010i2c_master_tx_testing.o
 .debug_macro   0x0000000000000dcf       0x34 Src/010i2c_master_tx_testing.o
 .debug_macro   0x0000000000000e03       0x16 Src/010i2c_master_tx_testing.o
 .debug_macro   0x0000000000000e19       0x57 Src/010i2c_master_tx_testing.o
 .debug_macro   0x0000000000000e70       0x97 Src/010i2c_master_tx_testing.o
 .debug_macro   0x0000000000000f07      0x330 Src/010i2c_master_tx_testing.o
 .debug_macro   0x0000000000001237       0xfd Src/010i2c_master_tx_testing.o
 .debug_macro   0x0000000000001334       0x10 Src/010i2c_master_tx_testing.o
 .debug_macro   0x0000000000001344       0x52 Src/010i2c_master_tx_testing.o
 .debug_macro   0x0000000000001396       0x1f Src/010i2c_master_tx_testing.o
 .debug_macro   0x00000000000013b5       0x43 Src/010i2c_master_tx_testing.o
 .debug_macro   0x00000000000013f8       0x20 Src/010i2c_master_tx_testing.o
 .debug_macro   0x0000000000001418      0x1a3 Src/010i2c_master_tx_testing.o
 .debug_macro   0x00000000000015bb       0x10 Src/010i2c_master_tx_testing.o
 .debug_macro   0x00000000000015cb       0x6a Src/010i2c_master_tx_testing.o
 .debug_macro   0x0000000000001635       0x1c Src/010i2c_master_tx_testing.o
 .debug_macro   0x0000000000001651       0x52 Src/010i2c_master_tx_testing.o
 .debug_macro   0x00000000000016a3       0x40 Src/010i2c_master_tx_testing.o
 .debug_macro   0x00000000000016e3       0x10 Src/010i2c_master_tx_testing.o
 .debug_macro   0x00000000000016f3       0x40 Src/010i2c_master_tx_testing.o
 .debug_macro   0x0000000000001733       0xd7 Src/010i2c_master_tx_testing.o
 .debug_macro   0x000000000000180a       0x1c Src/010i2c_master_tx_testing.o
 .debug_macro   0x0000000000001826       0x3d Src/010i2c_master_tx_testing.o
 .debug_macro   0x0000000000001863       0x16 Src/010i2c_master_tx_testing.o
 .debug_macro   0x0000000000001879      0x145 Src/010i2c_master_tx_testing.o
 .debug_macro   0x00000000000019be       0x16 Src/010i2c_master_tx_testing.o
 .debug_macro   0x00000000000019d4       0x35 Src/010i2c_master_tx_testing.o
 .debug_macro   0x0000000000001a09       0x20 Src/010i2c_master_tx_testing.o
 .debug_macro   0x0000000000001a29       0xef Src/010i2c_master_tx_testing.o
 .debug_macro   0x0000000000001b18      0x1df Src/010i2c_master_tx_testing.o
 .debug_macro   0x0000000000001cf7      0x5b7 Src/010i2c_master_tx_testing.o
 .debug_macro   0x00000000000022ae       0xd0 Src/010i2c_master_tx_testing.o
 .debug_macro   0x000000000000237e       0xca Src/010i2c_master_tx_testing.o
 .debug_macro   0x0000000000002448       0x8a drivers/src/STM32F407xx_gpio_driver.o
 .debug_macro   0x00000000000024d2       0x8e drivers/src/STM32F407xx_gpio_driver.o
 .debug_macro   0x0000000000002560       0x51 drivers/src/STM32F407xx_gpio_driver.o
 .debug_macro   0x00000000000025b1       0xc4 drivers/src/STM32F407xx_gpio_driver.o
 .debug_macro   0x0000000000002675       0x94 drivers/src/STM32F407xx_i2c_driver.o
 .debug_macro   0x0000000000002709       0x85 drivers/src/STM32F407xx_rcc_driver.o

.debug_line     0x0000000000000000     0x19e3
 .debug_line    0x0000000000000000      0x6cc Src/010i2c_master_tx_testing.o
 .debug_line    0x00000000000006cc       0x84 Startup/startup_stm32f407vgtx.o
 .debug_line    0x0000000000000750      0x622 drivers/src/STM32F407xx_gpio_driver.o
 .debug_line    0x0000000000000d72      0x7f8 drivers/src/STM32F407xx_i2c_driver.o
 .debug_line    0x000000000000156a      0x479 drivers/src/STM32F407xx_rcc_driver.o

.debug_str      0x0000000000000000     0xa6bc
 .debug_str     0x0000000000000000     0xa019 Src/010i2c_master_tx_testing.o
                                       0xa285 (size before relaxing)
 .debug_str     0x000000000000a019       0x31 Startup/startup_stm32f407vgtx.o
                                         0x91 (size before relaxing)
 .debug_str     0x000000000000a04a      0x2d0 drivers/src/STM32F407xx_gpio_driver.o
                                       0x5f53 (size before relaxing)
 .debug_str     0x000000000000a31a      0x2e1 drivers/src/STM32F407xx_i2c_driver.o
                                       0x61d1 (size before relaxing)
 .debug_str     0x000000000000a5fb       0xc1 drivers/src/STM32F407xx_rcc_driver.o
                                       0x5b73 (size before relaxing)

.comment        0x0000000000000000       0x7b
 .comment       0x0000000000000000       0x7b Src/010i2c_master_tx_testing.o
                                         0x7c (size before relaxing)
 .comment       0x000000000000007b       0x7c drivers/src/STM32F407xx_gpio_driver.o
 .comment       0x000000000000007b       0x7c drivers/src/STM32F407xx_i2c_driver.o
 .comment       0x000000000000007b       0x7c drivers/src/STM32F407xx_rcc_driver.o

.debug_frame    0x0000000000000000      0x724
 .debug_frame   0x0000000000000000       0xbc Src/010i2c_master_tx_testing.o
 .debug_frame   0x00000000000000bc      0x1c8 drivers/src/STM32F407xx_gpio_driver.o
 .debug_frame   0x0000000000000284      0x3f8 drivers/src/STM32F407xx_i2c_driver.o
 .debug_frame   0x000000000000067c       0x7c drivers/src/STM32F407xx_rcc_driver.o
 .debug_frame   0x00000000000006f8       0x2c c:/st/stm32cubeide_1.3.0/stm32cubeide/plugins/com.st.stm32cube.ide.mcu.externaltools.gnu-tools-for-stm32.7-2018-q2-update.win32_1.0.0.201904181610/tools/bin/../lib/gcc/arm-none-eabi/7.3.1/../../../../arm-none-eabi/lib/thumb/v7e-m/fpv4-sp/hard\libc_nano.a(lib_a-init.o)
