STM32F407xx_spi_driver.c:36:6:SPI_PeriClockControl	16	static
STM32F407xx_spi_driver.c:69:6:SPI_Init	24	static
STM32F407xx_spi_driver.c:137:6:SPI_DeInit	16	static
STM32F407xx_spi_driver.c:145:9:SPI_GetFlagStatus	16	static
STM32F407xx_spi_driver.c:164:6:SPI_SendData	24	static
STM32F407xx_spi_driver.c:222:6:SPI_ReceiveData	24	static
STM32F407xx_spi_driver.c:264:6:SPI_PeripheralControl	16	static
STM32F407xx_spi_driver.c:292:7:SPI_SSIConfig	16	static
STM32F407xx_spi_driver.c:320:7:SPI_SSOEConfig	16	static
STM32F407xx_spi_driver.c:349:6:SPI_IRQInterruptConfig	16	static
STM32F407xx_spi_driver.c:404:6:SPI_IRQPriorityConfig	24	static
STM32F407xx_spi_driver.c:417:9:SPI_SendDataIT	32	static
STM32F407xx_spi_driver.c:440:9:SPI_ReceiveDataIT	32	static
STM32F407xx_spi_driver.c:467:6:SPI_IRQHandling	24	static
STM32F407xx_spi_driver.c:507:14:spi_txe_interrupt_handle	16	static
STM32F407xx_spi_driver.c:539:14:spi_rxne_interrupt_handle	16	static
STM32F407xx_spi_driver.c:568:14:spi_ovr_err_interrupt_handle	24	static
STM32F407xx_spi_driver.c:585:6:SPI_CloseTransmisson	16	static
STM32F407xx_spi_driver.c:594:6:SPI_CloseReception	16	static
STM32F407xx_spi_driver.c:605:6:SPI_ClearOVRFlag	24	static
STM32F407xx_spi_driver.c:617:28:SPI_ApplicationEventCallback	16	static
